{"active": [4, 5, 7, 10, 13], "markings": 1419857, "survivors": 2, "orbits": 2, "seconds": 4.105551875007222}
{"active": [4, 5, 8, 10, 11], "markings": 1419857, "survivors": 2, "orbits": 2, "seconds": 4.134205249996739}
{"active": [4, 5, 9, 12, 15], "markings": 1419857, "survivors": 3, "orbits": 3, "seconds": 4.1582704999891575}
{"active": [4, 5, 9, 14, 15], "markings": 1419857, "survivors": 3, "orbits": 3, "seconds": 4.063033208003617}
{"active": [4, 6, 8, 10, 13], "markings": 1419857, "survivors": 19, "orbits": 6, "seconds": 4.112359834005474}
{"active": [4, 6, 8, 10, 16], "markings": 1419857, "survivors": 17, "orbits": 4, "seconds": 4.098372791006113}
{"active": [4, 7, 8, 10, 16], "markings": 1419857, "survivors": 2, "orbits": 2, "seconds": 4.127220249996753}
{"active": [4, 7, 9, 10, 15], "markings": 1419857, "survivors": 2, "orbits": 2, "seconds": 4.060934042005101}
{"active": [4, 7, 10, 11, 13], "markings": 1419857, "survivors": 2, "orbits": 2, "seconds": 4.146732624998549}
{"active": [4, 7, 10, 13, 15], "markings": 1419857, "survivors": 18, "orbits": 5, "seconds": 4.06315708400507}
{"active": [4, 9, 10, 14, 15], "markings": 1419857, "survivors": 1, "orbits": 1, "seconds": 4.073355874992558}
{"active": [4, 10, 11, 14, 15], "markings": 1419857, "survivors": 3, "orbits": 3, "seconds": 4.09720095800003}
{"active": [4, 10, 12, 14, 15], "markings": 1419857, "survivors": 2, "orbits": 2, "seconds": 4.171776624993072}
{"active": [5, 6, 9, 15, 16], "markings": 1419857, "survivors": 1, "orbits": 1, "seconds": 4.087772958999267}
{"active": [5, 6, 10, 13, 16], "markings": 1419857, "survivors": 17, "orbits": 4, "seconds": 4.1273359159968095}
{"active": [5, 11, 13, 15, 16], "markings": 1419857, "survivors": 1, "orbits": 1, "seconds": 4.12348920799559}
{"active": [5, 12, 14, 15, 16], "markings": 1419857, "survivors": 0, "orbits": 0, "seconds": 4.264454874995863}
{"active": [6, 10, 11, 15, 16], "markings": 1419857, "survivors": 0, "orbits": 0, "seconds": 4.140680917000282}
{"active": [7, 10, 12, 14, 16], "markings": 1419857, "survivors": 0, "orbits": 0, "seconds": 4.230990374999237}
{"active": [8, 10, 13, 15, 16], "markings": 1419857, "survivors": 1, "orbits": 1, "seconds": 4.281582916999469}
{"active": [10, 11, 14, 15, 16], "markings": 1419857, "survivors": 17, "orbits": 4, "seconds": 4.047524249996059}
{"complete": true, "totalMarkings": 29816997, "seconds": 86.73717641699477}
