{"active": [4, 5, 7, 10, 13], "representative": [1, 15, 15, 15, 15], "orbit": 1, "status": "EXCLUDED", "T": [255, 0, 0, 0, 0, 0, 0, 0, 0, 0]}
{"active": [4, 5, 7, 10, 13], "representative": [15, 1, 15, 15, 15], "orbit": 1, "status": "EXCLUDED", "T": [170, 0, 0, 0, 0, 0, 0, 0, 0, 0]}
{"active": [4, 5, 8, 10, 11], "representative": [1, 1, 1, 1, 1], "orbit": 1, "status": "EXCLUDED", "T": [29478, 0, 0, 0, 0, 0, 0, 0, 0, 0]}
{"active": [4, 5, 8, 10, 11], "representative": [15, 1, 1, 15, 15], "orbit": 1, "status": "EXCLUDED", "T": [204, 0, 0, 0, 0, 0, 0, 0, 0, 0]}
{"active": [4, 5, 9, 12, 15], "representative": [1, 1, 1, 15, 15], "orbit": 1, "status": "EXCLUDED", "T": [68, 0, 0, 0, 0, 0, 0, 0, 0, 0]}
{"active": [4, 5, 9, 12, 15], "representative": [1, 1, 15, 1, 15], "orbit": 1, "status": "EXCLUDED", "T": [85, 0, 0, 0, 0, 0, 0, 0, 0, 0]}
{"active": [4, 5, 9, 12, 15], "representative": [1, 15, 15, 15, 15], "orbit": 1, "status": "EXCLUDED", "T": [272, 0, 0, 0, 0, 0, 0, 0, 0, 0]}
{"active": [4, 5, 9, 14, 15], "representative": [1, 1, 15, 1, 15], "orbit": 1, "status": "EXCLUDED", "T": [68, 0, 0, 0, 0, 0, 0, 0, 0, 0]}
{"active": [4, 5, 9, 14, 15], "representative": [15, 15, 1, 15, 1], "orbit": 1, "status": "EXCLUDED", "T": [119, 0, 0, 0, 0, 0, 0, 0, 0, 0]}
{"active": [4, 5, 9, 14, 15], "representative": [15, 15, 15, 15, 1], "orbit": 1, "status": "EXCLUDED", "T": [221, 0, 0, 0, 0, 0, 0, 0, 0, 0]}
{"active": [4, 6, 8, 10, 13], "representative": [1, 15, 1, 1, 1], "orbit": 1, "status": "EXCLUDED", "T": [17, 0, 0, 0, 0, 0, 0, 0, 0, 0]}
{"active": [4, 6, 8, 10, 13], "representative": [15, 1, 15, 15, 1], "orbit": 1, "status": "EXCLUDED", "T": [102, 0, 0, 0, 0, 0, 0, 0, 0, 0]}
{"active": [4, 6, 8, 10, 13], "representative": [15, 15, 0, 15, 15], "orbit": 10, "status": "EXCLUDED", "T": [221, 0, 255, 0, 34, 136, 0, 0, 204, 0]}
{"active": [4, 6, 8, 10, 13], "representative": [15, 15, 1, 15, 15], "orbit": 1, "status": "EXCLUDED", "T": [272, 0, 0, 0, 0, 0, 0, 0, 0, 0]}
{"active": [4, 6, 8, 10, 13], "representative": [15, 15, 7, 15, 15], "orbit": 5, "status": "EXCLUDED", "T": [17, 221, 204, 0, 187, 153, 221, 85, 255, 85]}
{"active": [4, 6, 8, 10, 13], "representative": [15, 15, 15, 15, 15], "orbit": 1, "status": "EXCLUDED", "T": [238, 0, 0, 0, 0, 0, 0, 0, 0, 0]}
{"active": [4, 6, 8, 10, 16], "representative": [0, 1, 1, 15, 15], "orbit": 10, "status": "EXCLUDED", "T": [102, 34, 136, 0, 136, 221, 0, 0, 153, 0]}
{"active": [4, 6, 8, 10, 16], "representative": [1, 1, 1, 15, 15], "orbit": 1, "status": "EXCLUDED", "T": [204, 0, 0, 0, 0, 0, 0, 0, 0, 0]}
{"active": [4, 6, 8, 10, 16], "representative": [7, 1, 1, 15, 15], "orbit": 5, "status": "EXCLUDED", "T": [255, 68, 136, 0, 153, 136, 0, 170, 85, 238]}
{"active": [4, 6, 8, 10, 16], "representative": [15, 1, 1, 15, 15], "orbit": 1, "status": "EXCLUDED", "T": [170, 0, 0, 0, 0, 0, 0, 0, 0, 0]}
{"active": [4, 7, 8, 10, 16], "representative": [1, 1, 1, 15, 15], "orbit": 1, "status": "EXCLUDED", "T": [221, 0, 0, 0, 0, 0, 0, 0, 0, 0]}
{"active": [4, 7, 8, 10, 16], "representative": [1, 15, 15, 1, 15], "orbit": 1, "status": "EXCLUDED", "T": [187, 0, 0, 0, 0, 0, 0, 0, 0, 0]}
{"active": [4, 7, 9, 10, 15], "representative": [1, 15, 15, 15, 1], "orbit": 1, "status": "EXCLUDED", "T": [34, 0, 0, 0, 0, 0, 0, 0, 0, 0]}
{"active": [4, 7, 9, 10, 15], "representative": [15, 1, 1, 1, 15], "orbit": 1, "status": "EXCLUDED", "T": [238, 0, 0, 0, 0, 0, 0, 0, 0, 0]}
{"active": [4, 7, 10, 11, 13], "representative": [1, 1, 1, 1, 15], "orbit": 1, "status": "EXCLUDED", "T": [238, 0, 0, 0, 0, 0, 0, 0, 0, 0]}
{"active": [4, 7, 10, 11, 13], "representative": [15, 1, 15, 15, 1], "orbit": 1, "status": "EXCLUDED", "T": [272, 0, 0, 0, 0, 0, 0, 0, 0, 0]}
{"active": [4, 7, 10, 13, 15], "representative": [1, 15, 1, 15, 1], "orbit": 1, "status": "EXCLUDED", "T": [204, 0, 0, 0, 0, 0, 0, 0, 0, 0]}
{"active": [4, 7, 10, 13, 15], "representative": [15, 15, 0, 1, 15], "orbit": 10, "status": "EXCLUDED", "T": [170, 136, 187, 187, 255, 238, 0, 136, 153, 204]}
{"active": [4, 7, 10, 13, 15], "representative": [15, 15, 1, 1, 15], "orbit": 1, "status": "EXCLUDED", "T": [102, 0, 0, 0, 0, 0, 0, 0, 0, 0]}
{"active": [4, 7, 10, 13, 15], "representative": [15, 15, 7, 1, 15], "orbit": 5, "status": "EXCLUDED", "T": [68, 51, 68, 68, 34, 255, 153, 17, 272, 153]}
{"active": [4, 7, 10, 13, 15], "representative": [15, 15, 15, 1, 15], "orbit": 1, "status": "EXCLUDED", "T": [85, 0, 0, 0, 0, 0, 0, 0, 0, 0]}
{"active": [4, 9, 10, 14, 15], "representative": [15, 15, 1, 1, 1], "orbit": 1, "status": "EXCLUDED", "T": [187, 0, 0, 0, 0, 0, 0, 0, 0, 0]}
{"active": [4, 10, 11, 14, 15], "representative": [1, 1, 15, 1, 1], "orbit": 1, "status": "EXCLUDED", "T": [170, 0, 0, 0, 0, 0, 0, 0, 0, 0]}
{"active": [4, 10, 11, 14, 15], "representative": [15, 15, 15, 15, 1], "orbit": 1, "status": "EXCLUDED", "T": [255, 0, 0, 0, 0, 0, 0, 0, 0, 0]}
{"active": [4, 10, 11, 14, 15], "representative": [15, 15, 15, 15, 15], "orbit": 1, "status": "EXCLUDED", "T": [187, 0, 0, 0, 0, 0, 0, 0, 0, 0]}
{"active": [4, 10, 12, 14, 15], "representative": [1, 15, 15, 1, 1], "orbit": 1, "status": "EXCLUDED", "T": [68, 0, 0, 0, 0, 0, 0, 0, 0, 0]}
{"active": [4, 10, 12, 14, 15], "representative": [15, 15, 15, 1, 15], "orbit": 1, "status": "EXCLUDED", "T": [68, 0, 0, 0, 0, 0, 0, 0, 0, 0]}
{"active": [5, 6, 9, 15, 16], "representative": [1, 15, 1, 15, 15], "orbit": 1, "status": "EXCLUDED", "T": [51, 0, 0, 0, 0, 0, 0, 0, 0, 0]}
{"active": [5, 6, 10, 13, 16], "representative": [0, 15, 1, 1, 1], "orbit": 10, "status": "EXCLUDED", "T": [34, 204, 0, 238, 170, 119, 51, 170, 136, 34]}
{"active": [5, 6, 10, 13, 16], "representative": [1, 15, 1, 1, 1], "orbit": 1, "status": "EXCLUDED", "T": [221, 0, 0, 0, 0, 0, 0, 0, 0, 0]}
{"active": [5, 6, 10, 13, 16], "representative": [7, 15, 1, 1, 1], "orbit": 5, "status": "EXCLUDED", "T": [170, 187, 102, 0, 187, 255, 0, 119, 136, 68]}
{"active": [5, 6, 10, 13, 16], "representative": [15, 15, 1, 1, 1], "orbit": 1, "status": "EXCLUDED", "T": [68, 0, 0, 0, 0, 0, 0, 0, 0, 0]}
{"active": [5, 11, 13, 15, 16], "representative": [15, 1, 1, 1, 1], "orbit": 1, "status": "EXCLUDED", "T": [153, 0, 0, 0, 0, 0, 0, 0, 0, 0]}
{"active": [8, 10, 13, 15, 16], "representative": [15, 15, 1, 15, 15], "orbit": 1, "status": "EXCLUDED", "T": [187, 0, 0, 0, 0, 0, 0, 0, 0, 0]}
{"active": [10, 11, 14, 15, 16], "representative": [15, 0, 15, 15, 1], "orbit": 10, "status": "EXCLUDED", "T": [51, 238, 221, 102, 221, 204, 221, 34, 272, 17]}
{"active": [10, 11, 14, 15, 16], "representative": [15, 1, 15, 15, 1], "orbit": 1, "status": "EXCLUDED", "T": [272, 0, 0, 0, 0, 0, 0, 0, 0, 0]}
{"active": [10, 11, 14, 15, 16], "representative": [15, 7, 15, 15, 1], "orbit": 5, "status": "EXCLUDED", "T": [34, 238, 153, 51, 119, 34, 153, 0, 187, 17]}
{"active": [10, 11, 14, 15, 16], "representative": [15, 15, 15, 15, 1], "orbit": 1, "status": "EXCLUDED", "T": [255, 0, 0, 0, 0, 0, 0, 0, 0, 0]}
{"seconds": 0.28460116700443905, "caseStatuses": ["EXCLUDED", "EXCLUDED", "EXCLUDED", "EXCLUDED", "EXCLUDED", "EXCLUDED", "EXCLUDED", "EXCLUDED", "EXCLUDED", "EXCLUDED", "EXCLUDED", "EXCLUDED", "EXCLUDED", "EXCLUDED", "EXCLUDED", "EXCLUDED", "EXCLUDED", "EXCLUDED", "EXCLUDED", "EXCLUDED", "EXCLUDED"]}
