DOMAIN_PASS 17 10
CASE 0 5 1419857 2 4 5 7 10 13
SURVIVOR 1 15 15 15 15
SURVIVOR 15 1 15 15 15
CASE 1 5 1419857 2 4 5 8 10 11
SURVIVOR 1 1 1 1 1
SURVIVOR 15 1 1 15 15
CASE 2 5 1419857 3 4 5 9 12 15
SURVIVOR 1 1 1 15 15
SURVIVOR 1 1 15 1 15
SURVIVOR 1 15 15 15 15
CASE 3 5 1419857 3 4 5 9 14 15
SURVIVOR 1 1 15 1 15
SURVIVOR 15 15 1 15 1
SURVIVOR 15 15 15 15 1
CASE 4 5 1419857 19 4 6 8 10 13
SURVIVOR 1 15 1 1 1
SURVIVOR 15 1 15 15 1
SURVIVOR 15 15 0 15 15
SURVIVOR 15 15 1 15 15
SURVIVOR 15 15 2 15 15
SURVIVOR 15 15 3 15 15
SURVIVOR 15 15 4 15 15
SURVIVOR 15 15 5 15 15
SURVIVOR 15 15 6 15 15
SURVIVOR 15 15 7 15 15
SURVIVOR 15 15 8 15 15
SURVIVOR 15 15 9 15 15
SURVIVOR 15 15 10 15 15
SURVIVOR 15 15 11 15 15
SURVIVOR 15 15 12 15 15
SURVIVOR 15 15 13 15 15
SURVIVOR 15 15 14 15 15
SURVIVOR 15 15 15 15 15
SURVIVOR 15 15 16 15 15
CASE 5 5 1419857 17 4 6 8 10 16
SURVIVOR 0 1 1 15 15
SURVIVOR 1 1 1 15 15
SURVIVOR 2 1 1 15 15
SURVIVOR 3 1 1 15 15
SURVIVOR 4 1 1 15 15
SURVIVOR 5 1 1 15 15
SURVIVOR 6 1 1 15 15
SURVIVOR 7 1 1 15 15
SURVIVOR 8 1 1 15 15
SURVIVOR 9 1 1 15 15
SURVIVOR 10 1 1 15 15
SURVIVOR 11 1 1 15 15
SURVIVOR 12 1 1 15 15
SURVIVOR 13 1 1 15 15
SURVIVOR 14 1 1 15 15
SURVIVOR 15 1 1 15 15
SURVIVOR 16 1 1 15 15
CASE 6 5 1419857 2 4 7 8 10 16
SURVIVOR 1 1 1 15 15
SURVIVOR 1 15 15 1 15
CASE 7 5 1419857 2 4 7 9 10 15
SURVIVOR 1 15 15 15 1
SURVIVOR 15 1 1 1 15
CASE 8 5 1419857 2 4 7 10 11 13
SURVIVOR 1 1 1 1 15
SURVIVOR 15 1 15 15 1
CASE 9 5 1419857 18 4 7 10 13 15
SURVIVOR 1 15 1 15 1
SURVIVOR 15 15 0 1 15
SURVIVOR 15 15 1 1 15
SURVIVOR 15 15 2 1 15
SURVIVOR 15 15 3 1 15
SURVIVOR 15 15 4 1 15
SURVIVOR 15 15 5 1 15
SURVIVOR 15 15 6 1 15
SURVIVOR 15 15 7 1 15
SURVIVOR 15 15 8 1 15
SURVIVOR 15 15 9 1 15
SURVIVOR 15 15 10 1 15
SURVIVOR 15 15 11 1 15
SURVIVOR 15 15 12 1 15
SURVIVOR 15 15 13 1 15
SURVIVOR 15 15 14 1 15
SURVIVOR 15 15 15 1 15
SURVIVOR 15 15 16 1 15
CASE 10 5 1419857 1 4 9 10 14 15
SURVIVOR 15 15 1 1 1
CASE 11 5 1419857 3 4 10 11 14 15
SURVIVOR 1 1 15 1 1
SURVIVOR 15 15 15 15 1
SURVIVOR 15 15 15 15 15
CASE 12 5 1419857 2 4 10 12 14 15
SURVIVOR 1 15 15 1 1
SURVIVOR 15 15 15 1 15
CASE 13 5 1419857 1 5 6 9 15 16
SURVIVOR 1 15 1 15 15
CASE 14 5 1419857 17 5 6 10 13 16
SURVIVOR 0 15 1 1 1
SURVIVOR 1 15 1 1 1
SURVIVOR 2 15 1 1 1
SURVIVOR 3 15 1 1 1
SURVIVOR 4 15 1 1 1
SURVIVOR 5 15 1 1 1
SURVIVOR 6 15 1 1 1
SURVIVOR 7 15 1 1 1
SURVIVOR 8 15 1 1 1
SURVIVOR 9 15 1 1 1
SURVIVOR 10 15 1 1 1
SURVIVOR 11 15 1 1 1
SURVIVOR 12 15 1 1 1
SURVIVOR 13 15 1 1 1
SURVIVOR 14 15 1 1 1
SURVIVOR 15 15 1 1 1
SURVIVOR 16 15 1 1 1
CASE 15 5 1419857 1 5 11 13 15 16
SURVIVOR 15 1 1 1 1
CASE 16 5 1419857 0 5 12 14 15 16
CASE 17 5 1419857 0 6 10 11 15 16
CASE 18 5 1419857 0 7 10 12 14 16
CASE 19 5 1419857 1 8 10 13 15 16
SURVIVOR 15 15 1 15 15
CASE 20 5 1419857 17 10 11 14 15 16
SURVIVOR 15 0 15 15 1
SURVIVOR 15 1 15 15 1
SURVIVOR 15 2 15 15 1
SURVIVOR 15 3 15 15 1
SURVIVOR 15 4 15 15 1
SURVIVOR 15 5 15 15 1
SURVIVOR 15 6 15 15 1
SURVIVOR 15 7 15 15 1
SURVIVOR 15 8 15 15 1
SURVIVOR 15 9 15 15 1
SURVIVOR 15 10 15 15 1
SURVIVOR 15 11 15 15 1
SURVIVOR 15 12 15 15 1
SURVIVOR 15 13 15 15 1
SURVIVOR 15 14 15 15 1
SURVIVOR 15 15 15 15 1
SURVIVOR 15 16 15 15 1
ALL_PASS
