{
  "status": "PASS",
  "records": [
    {
      "row": 1,
      "coefficients_a18_b17_c3_d2_e1": [
        0,
        0,
        16,
        0,
        0
      ],
      "meanRootSimple": false,
      "monicGcdsAscending": {
        "1": [
          0,
          0,
          16,
          0,
          0,
          0,
          0,
          0,
          0,
          0,
          0,
          0,
          0,
          0,
          0,
          0,
          0,
          0,
          0,
          1
        ],
        "2": [
          0,
          16,
          0,
          0,
          0,
          0,
          0,
          0,
          0,
          0,
          0,
          0,
          0,
          0,
          0,
          0,
          0,
          0,
          1
        ],
        "3": [
          16,
          0,
          0,
          0,
          0,
          0,
          0,
          0,
          0,
          0,
          0,
          0,
          0,
          0,
          0,
          0,
          0,
          1
        ],
        "4": [
          0,
          0,
          0,
          16,
          0,
          0,
          0,
          0,
          0,
          0,
          0,
          0,
          0,
          0,
          0,
          0,
          0,
          0,
          0,
          0,
          1
        ],
        "5": [
          0,
          0,
          0,
          16,
          0,
          0,
          0,
          0,
          0,
          0,
          0,
          0,
          0,
          0,
          0,
          0,
          0,
          0,
          0,
          0,
          1
        ],
        "6": [
          0,
          0,
          0,
          16,
          0,
          0,
          0,
          0,
          0,
          0,
          0,
          0,
          0,
          0,
          0,
          0,
          0,
          0,
          0,
          0,
          1
        ],
        "7": [
          0,
          0,
          0,
          16,
          0,
          0,
          0,
          0,
          0,
          0,
          0,
          0,
          0,
          0,
          0,
          0,
          0,
          0,
          0,
          0,
          1
        ],
        "8": [
          0,
          0,
          0,
          16,
          0,
          0,
          0,
          0,
          0,
          0,
          0,
          0,
          0,
          0,
          0,
          0,
          0,
          0,
          0,
          0,
          1
        ],
        "9": [
          0,
          0,
          0,
          16,
          0,
          0,
          0,
          0,
          0,
          0,
          0,
          0,
          0,
          0,
          0,
          0,
          0,
          0,
          0,
          0,
          1
        ],
        "10": [
          0,
          0,
          0,
          16,
          0,
          0,
          0,
          0,
          0,
          0,
          0,
          0,
          0,
          0,
          0,
          0,
          0,
          0,
          0,
          0,
          1
        ],
        "11": [
          0,
          0,
          0,
          16,
          0,
          0,
          0,
          0,
          0,
          0,
          0,
          0,
          0,
          0,
          0,
          0,
          0,
          0,
          0,
          0,
          1
        ],
        "12": [
          0,
          0,
          0,
          16,
          0,
          0,
          0,
          0,
          0,
          0,
          0,
          0,
          0,
          0,
          0,
          0,
          0,
          0,
          0,
          0,
          1
        ],
        "13": [
          0,
          0,
          0,
          16,
          0,
          0,
          0,
          0,
          0,
          0,
          0,
          0,
          0,
          0,
          0,
          0,
          0,
          0,
          0,
          0,
          1
        ],
        "14": [
          0,
          0,
          0,
          16,
          0,
          0,
          0,
          0,
          0,
          0,
          0,
          0,
          0,
          0,
          0,
          0,
          0,
          0,
          0,
          0,
          1
        ],
        "15": [
          0,
          0,
          0,
          16,
          0,
          0,
          0,
          0,
          0,
          0,
          0,
          0,
          0,
          0,
          0,
          0,
          0,
          0,
          0,
          0,
          1
        ],
        "16": [
          0,
          0,
          0,
          16,
          0,
          0,
          0,
          0,
          0,
          0,
          0,
          0,
          0,
          0,
          0,
          0,
          0,
          0,
          0,
          0,
          1
        ],
        "17": [
          0,
          0,
          0,
          1
        ],
        "18": [
          0,
          0,
          1
        ],
        "19": [
          0,
          1
        ]
      },
      "purePowerXGcdOrders": [
        17,
        18,
        19
      ],
      "forcedExactZeroOrdinaryExponents": [],
      "forcedExactZeroDeficiencies": []
    },
    {
      "row": 2,
      "coefficients_a18_b17_c3_d2_e1": [
        14,
        0,
        16,
        0,
        3
      ],
      "meanRootSimple": true,
      "monicGcdsAscending": {
        "1": [
          16,
          0,
          0,
          0,
          0,
          0,
          0,
          0,
          0,
          0,
          0,
          0,
          0,
          0,
          0,
          0,
          0,
          1
        ],
        "2": [
          0,
          16,
          0,
          0,
          0,
          0,
          0,
          0,
          0,
          0,
          0,
          0,
          0,
          0,
          0,
          0,
          0,
          0,
          1
        ],
        "3": [
          16,
          0,
          0,
          0,
          0,
          0,
          0,
          0,
          0,
          0,
          0,
          0,
          0,
          0,
          0,
          0,
          0,
          1
        ],
        "4": [
          0,
          3,
          0,
          16,
          0,
          0,
          0,
          0,
          0,
          0,
          0,
          0,
          0,
          0,
          0,
          0,
          0,
          0,
          14,
          0,
          1
        ],
        "5": [
          0,
          3,
          0,
          16,
          0,
          0,
          0,
          0,
          0,
          0,
          0,
          0,
          0,
          0,
          0,
          0,
          0,
          0,
          14,
          0,
          1
        ],
        "6": [
          0,
          3,
          0,
          16,
          0,
          0,
          0,
          0,
          0,
          0,
          0,
          0,
          0,
          0,
          0,
          0,
          0,
          0,
          14,
          0,
          1
        ],
        "7": [
          0,
          3,
          0,
          16,
          0,
          0,
          0,
          0,
          0,
          0,
          0,
          0,
          0,
          0,
          0,
          0,
          0,
          0,
          14,
          0,
          1
        ],
        "8": [
          0,
          3,
          0,
          16,
          0,
          0,
          0,
          0,
          0,
          0,
          0,
          0,
          0,
          0,
          0,
          0,
          0,
          0,
          14,
          0,
          1
        ],
        "9": [
          0,
          3,
          0,
          16,
          0,
          0,
          0,
          0,
          0,
          0,
          0,
          0,
          0,
          0,
          0,
          0,
          0,
          0,
          14,
          0,
          1
        ],
        "10": [
          0,
          3,
          0,
          16,
          0,
          0,
          0,
          0,
          0,
          0,
          0,
          0,
          0,
          0,
          0,
          0,
          0,
          0,
          14,
          0,
          1
        ],
        "11": [
          0,
          3,
          0,
          16,
          0,
          0,
          0,
          0,
          0,
          0,
          0,
          0,
          0,
          0,
          0,
          0,
          0,
          0,
          14,
          0,
          1
        ],
        "12": [
          0,
          3,
          0,
          16,
          0,
          0,
          0,
          0,
          0,
          0,
          0,
          0,
          0,
          0,
          0,
          0,
          0,
          0,
          14,
          0,
          1
        ],
        "13": [
          0,
          3,
          0,
          16,
          0,
          0,
          0,
          0,
          0,
          0,
          0,
          0,
          0,
          0,
          0,
          0,
          0,
          0,
          14,
          0,
          1
        ],
        "14": [
          0,
          3,
          0,
          16,
          0,
          0,
          0,
          0,
          0,
          0,
          0,
          0,
          0,
          0,
          0,
          0,
          0,
          0,
          14,
          0,
          1
        ],
        "15": [
          0,
          3,
          0,
          16,
          0,
          0,
          0,
          0,
          0,
          0,
          0,
          0,
          0,
          0,
          0,
          0,
          0,
          0,
          14,
          0,
          1
        ],
        "16": [
          0,
          3,
          0,
          16,
          0,
          0,
          0,
          0,
          0,
          0,
          0,
          0,
          0,
          0,
          0,
          0,
          0,
          0,
          14,
          0,
          1
        ],
        "17": [
          0,
          14,
          0,
          1
        ],
        "18": [
          16,
          1
        ],
        "19": [
          0,
          1
        ]
      },
      "purePowerXGcdOrders": [
        19
      ],
      "forcedExactZeroOrdinaryExponents": [
        19
      ],
      "forcedExactZeroDeficiencies": [
        1
      ]
    },
    {
      "row": 3,
      "coefficients_a18_b17_c3_d2_e1": [
        14,
        8,
        16,
        12,
        0
      ],
      "meanRootSimple": false,
      "monicGcdsAscending": {
        "1": [
          0,
          1
        ],
        "2": [
          5,
          1
        ],
        "3": [
          16,
          1
        ],
        "4": [
          0,
          0,
          12,
          16,
          0,
          0,
          0,
          0,
          0,
          0,
          0,
          0,
          0,
          0,
          0,
          0,
          0,
          8,
          14,
          0,
          1
        ],
        "5": [
          0,
          0,
          12,
          16,
          0,
          0,
          0,
          0,
          0,
          0,
          0,
          0,
          0,
          0,
          0,
          0,
          0,
          8,
          14,
          0,
          1
        ],
        "6": [
          0,
          0,
          12,
          16,
          0,
          0,
          0,
          0,
          0,
          0,
          0,
          0,
          0,
          0,
          0,
          0,
          0,
          8,
          14,
          0,
          1
        ],
        "7": [
          0,
          0,
          12,
          16,
          0,
          0,
          0,
          0,
          0,
          0,
          0,
          0,
          0,
          0,
          0,
          0,
          0,
          8,
          14,
          0,
          1
        ],
        "8": [
          0,
          0,
          12,
          16,
          0,
          0,
          0,
          0,
          0,
          0,
          0,
          0,
          0,
          0,
          0,
          0,
          0,
          8,
          14,
          0,
          1
        ],
        "9": [
          0,
          0,
          12,
          16,
          0,
          0,
          0,
          0,
          0,
          0,
          0,
          0,
          0,
          0,
          0,
          0,
          0,
          8,
          14,
          0,
          1
        ],
        "10": [
          0,
          0,
          12,
          16,
          0,
          0,
          0,
          0,
          0,
          0,
          0,
          0,
          0,
          0,
          0,
          0,
          0,
          8,
          14,
          0,
          1
        ],
        "11": [
          0,
          0,
          12,
          16,
          0,
          0,
          0,
          0,
          0,
          0,
          0,
          0,
          0,
          0,
          0,
          0,
          0,
          8,
          14,
          0,
          1
        ],
        "12": [
          0,
          0,
          12,
          16,
          0,
          0,
          0,
          0,
          0,
          0,
          0,
          0,
          0,
          0,
          0,
          0,
          0,
          8,
          14,
          0,
          1
        ],
        "13": [
          0,
          0,
          12,
          16,
          0,
          0,
          0,
          0,
          0,
          0,
          0,
          0,
          0,
          0,
          0,
          0,
          0,
          8,
          14,
          0,
          1
        ],
        "14": [
          0,
          0,
          12,
          16,
          0,
          0,
          0,
          0,
          0,
          0,
          0,
          0,
          0,
          0,
          0,
          0,
          0,
          8,
          14,
          0,
          1
        ],
        "15": [
          0,
          0,
          12,
          16,
          0,
          0,
          0,
          0,
          0,
          0,
          0,
          0,
          0,
          0,
          0,
          0,
          0,
          8,
          14,
          0,
          1
        ],
        "16": [
          0,
          0,
          12,
          16,
          0,
          0,
          0,
          0,
          0,
          0,
          0,
          0,
          0,
          0,
          0,
          0,
          0,
          8,
          14,
          0,
          1
        ],
        "17": [
          5,
          1
        ],
        "18": [
          16,
          1
        ],
        "19": [
          0,
          1
        ]
      },
      "purePowerXGcdOrders": [
        1,
        19
      ],
      "forcedExactZeroOrdinaryExponents": [],
      "forcedExactZeroDeficiencies": []
    },
    {
      "row": 4,
      "coefficients_a18_b17_c3_d2_e1": [
        14,
        0,
        0,
        11,
        8
      ],
      "meanRootSimple": true,
      "monicGcdsAscending": {
        "1": [
          3,
          3,
          1
        ],
        "2": [
          11,
          1
        ],
        "3": [
          0,
          1
        ],
        "4": [
          0,
          8,
          11,
          0,
          0,
          0,
          0,
          0,
          0,
          0,
          0,
          0,
          0,
          0,
          0,
          0,
          0,
          0,
          14,
          0,
          1
        ],
        "5": [
          0,
          8,
          11,
          0,
          0,
          0,
          0,
          0,
          0,
          0,
          0,
          0,
          0,
          0,
          0,
          0,
          0,
          0,
          14,
          0,
          1
        ],
        "6": [
          0,
          8,
          11,
          0,
          0,
          0,
          0,
          0,
          0,
          0,
          0,
          0,
          0,
          0,
          0,
          0,
          0,
          0,
          14,
          0,
          1
        ],
        "7": [
          0,
          8,
          11,
          0,
          0,
          0,
          0,
          0,
          0,
          0,
          0,
          0,
          0,
          0,
          0,
          0,
          0,
          0,
          14,
          0,
          1
        ],
        "8": [
          0,
          8,
          11,
          0,
          0,
          0,
          0,
          0,
          0,
          0,
          0,
          0,
          0,
          0,
          0,
          0,
          0,
          0,
          14,
          0,
          1
        ],
        "9": [
          0,
          8,
          11,
          0,
          0,
          0,
          0,
          0,
          0,
          0,
          0,
          0,
          0,
          0,
          0,
          0,
          0,
          0,
          14,
          0,
          1
        ],
        "10": [
          0,
          8,
          11,
          0,
          0,
          0,
          0,
          0,
          0,
          0,
          0,
          0,
          0,
          0,
          0,
          0,
          0,
          0,
          14,
          0,
          1
        ],
        "11": [
          0,
          8,
          11,
          0,
          0,
          0,
          0,
          0,
          0,
          0,
          0,
          0,
          0,
          0,
          0,
          0,
          0,
          0,
          14,
          0,
          1
        ],
        "12": [
          0,
          8,
          11,
          0,
          0,
          0,
          0,
          0,
          0,
          0,
          0,
          0,
          0,
          0,
          0,
          0,
          0,
          0,
          14,
          0,
          1
        ],
        "13": [
          0,
          8,
          11,
          0,
          0,
          0,
          0,
          0,
          0,
          0,
          0,
          0,
          0,
          0,
          0,
          0,
          0,
          0,
          14,
          0,
          1
        ],
        "14": [
          0,
          8,
          11,
          0,
          0,
          0,
          0,
          0,
          0,
          0,
          0,
          0,
          0,
          0,
          0,
          0,
          0,
          0,
          14,
          0,
          1
        ],
        "15": [
          0,
          8,
          11,
          0,
          0,
          0,
          0,
          0,
          0,
          0,
          0,
          0,
          0,
          0,
          0,
          0,
          0,
          0,
          14,
          0,
          1
        ],
        "16": [
          0,
          8,
          11,
          0,
          0,
          0,
          0,
          0,
          0,
          0,
          0,
          0,
          0,
          0,
          0,
          0,
          0,
          0,
          14,
          0,
          1
        ],
        "17": [
          0,
          1
        ],
        "18": [
          16,
          1
        ],
        "19": [
          0,
          1
        ]
      },
      "purePowerXGcdOrders": [
        3,
        17,
        19
      ],
      "forcedExactZeroOrdinaryExponents": [
        3,
        17,
        19
      ],
      "forcedExactZeroDeficiencies": [
        17,
        3,
        1
      ]
    },
    {
      "row": 5,
      "coefficients_a18_b17_c3_d2_e1": [
        14,
        2,
        0,
        0,
        0
      ],
      "meanRootSimple": false,
      "monicGcdsAscending": {
        "1": [
          0,
          0,
          0,
          0,
          0,
          0,
          0,
          0,
          0,
          0,
          0,
          0,
          0,
          0,
          0,
          0,
          0,
          16,
          1
        ],
        "2": [
          0,
          0,
          0,
          0,
          0,
          0,
          0,
          0,
          0,
          0,
          0,
          0,
          0,
          0,
          0,
          0,
          0,
          1
        ],
        "3": [
          0,
          0,
          0,
          0,
          0,
          0,
          0,
          0,
          0,
          0,
          0,
          0,
          0,
          0,
          0,
          0,
          0,
          1
        ],
        "4": [
          0,
          0,
          0,
          0,
          0,
          0,
          0,
          0,
          0,
          0,
          0,
          0,
          0,
          0,
          0,
          0,
          0,
          2,
          14,
          0,
          1
        ],
        "5": [
          0,
          0,
          0,
          0,
          0,
          0,
          0,
          0,
          0,
          0,
          0,
          0,
          0,
          0,
          0,
          0,
          0,
          2,
          14,
          0,
          1
        ],
        "6": [
          0,
          0,
          0,
          0,
          0,
          0,
          0,
          0,
          0,
          0,
          0,
          0,
          0,
          0,
          0,
          0,
          0,
          2,
          14,
          0,
          1
        ],
        "7": [
          0,
          0,
          0,
          0,
          0,
          0,
          0,
          0,
          0,
          0,
          0,
          0,
          0,
          0,
          0,
          0,
          0,
          2,
          14,
          0,
          1
        ],
        "8": [
          0,
          0,
          0,
          0,
          0,
          0,
          0,
          0,
          0,
          0,
          0,
          0,
          0,
          0,
          0,
          0,
          0,
          2,
          14,
          0,
          1
        ],
        "9": [
          0,
          0,
          0,
          0,
          0,
          0,
          0,
          0,
          0,
          0,
          0,
          0,
          0,
          0,
          0,
          0,
          0,
          2,
          14,
          0,
          1
        ],
        "10": [
          0,
          0,
          0,
          0,
          0,
          0,
          0,
          0,
          0,
          0,
          0,
          0,
          0,
          0,
          0,
          0,
          0,
          2,
          14,
          0,
          1
        ],
        "11": [
          0,
          0,
          0,
          0,
          0,
          0,
          0,
          0,
          0,
          0,
          0,
          0,
          0,
          0,
          0,
          0,
          0,
          2,
          14,
          0,
          1
        ],
        "12": [
          0,
          0,
          0,
          0,
          0,
          0,
          0,
          0,
          0,
          0,
          0,
          0,
          0,
          0,
          0,
          0,
          0,
          2,
          14,
          0,
          1
        ],
        "13": [
          0,
          0,
          0,
          0,
          0,
          0,
          0,
          0,
          0,
          0,
          0,
          0,
          0,
          0,
          0,
          0,
          0,
          2,
          14,
          0,
          1
        ],
        "14": [
          0,
          0,
          0,
          0,
          0,
          0,
          0,
          0,
          0,
          0,
          0,
          0,
          0,
          0,
          0,
          0,
          0,
          2,
          14,
          0,
          1
        ],
        "15": [
          0,
          0,
          0,
          0,
          0,
          0,
          0,
          0,
          0,
          0,
          0,
          0,
          0,
          0,
          0,
          0,
          0,
          2,
          14,
          0,
          1
        ],
        "16": [
          0,
          0,
          0,
          0,
          0,
          0,
          0,
          0,
          0,
          0,
          0,
          0,
          0,
          0,
          0,
          0,
          0,
          2,
          14,
          0,
          1
        ],
        "17": [
          2,
          14,
          0,
          1
        ],
        "18": [
          16,
          1
        ],
        "19": [
          0,
          1
        ]
      },
      "purePowerXGcdOrders": [
        2,
        3,
        19
      ],
      "forcedExactZeroOrdinaryExponents": [],
      "forcedExactZeroDeficiencies": []
    },
    {
      "row": 6,
      "coefficients_a18_b17_c3_d2_e1": [
        14,
        2,
        0,
        11,
        6
      ],
      "meanRootSimple": true,
      "monicGcdsAscending": {
        "1": [
          7,
          1
        ],
        "2": [
          11,
          1
        ],
        "3": [
          0,
          1
        ],
        "4": [
          0,
          6,
          11,
          0,
          0,
          0,
          0,
          0,
          0,
          0,
          0,
          0,
          0,
          0,
          0,
          0,
          0,
          2,
          14,
          0,
          1
        ],
        "5": [
          0,
          6,
          11,
          0,
          0,
          0,
          0,
          0,
          0,
          0,
          0,
          0,
          0,
          0,
          0,
          0,
          0,
          2,
          14,
          0,
          1
        ],
        "6": [
          0,
          6,
          11,
          0,
          0,
          0,
          0,
          0,
          0,
          0,
          0,
          0,
          0,
          0,
          0,
          0,
          0,
          2,
          14,
          0,
          1
        ],
        "7": [
          0,
          6,
          11,
          0,
          0,
          0,
          0,
          0,
          0,
          0,
          0,
          0,
          0,
          0,
          0,
          0,
          0,
          2,
          14,
          0,
          1
        ],
        "8": [
          0,
          6,
          11,
          0,
          0,
          0,
          0,
          0,
          0,
          0,
          0,
          0,
          0,
          0,
          0,
          0,
          0,
          2,
          14,
          0,
          1
        ],
        "9": [
          0,
          6,
          11,
          0,
          0,
          0,
          0,
          0,
          0,
          0,
          0,
          0,
          0,
          0,
          0,
          0,
          0,
          2,
          14,
          0,
          1
        ],
        "10": [
          0,
          6,
          11,
          0,
          0,
          0,
          0,
          0,
          0,
          0,
          0,
          0,
          0,
          0,
          0,
          0,
          0,
          2,
          14,
          0,
          1
        ],
        "11": [
          0,
          6,
          11,
          0,
          0,
          0,
          0,
          0,
          0,
          0,
          0,
          0,
          0,
          0,
          0,
          0,
          0,
          2,
          14,
          0,
          1
        ],
        "12": [
          0,
          6,
          11,
          0,
          0,
          0,
          0,
          0,
          0,
          0,
          0,
          0,
          0,
          0,
          0,
          0,
          0,
          2,
          14,
          0,
          1
        ],
        "13": [
          0,
          6,
          11,
          0,
          0,
          0,
          0,
          0,
          0,
          0,
          0,
          0,
          0,
          0,
          0,
          0,
          0,
          2,
          14,
          0,
          1
        ],
        "14": [
          0,
          6,
          11,
          0,
          0,
          0,
          0,
          0,
          0,
          0,
          0,
          0,
          0,
          0,
          0,
          0,
          0,
          2,
          14,
          0,
          1
        ],
        "15": [
          0,
          6,
          11,
          0,
          0,
          0,
          0,
          0,
          0,
          0,
          0,
          0,
          0,
          0,
          0,
          0,
          0,
          2,
          14,
          0,
          1
        ],
        "16": [
          0,
          6,
          11,
          0,
          0,
          0,
          0,
          0,
          0,
          0,
          0,
          0,
          0,
          0,
          0,
          0,
          0,
          2,
          14,
          0,
          1
        ],
        "17": [
          16,
          1
        ],
        "18": [
          16,
          1
        ],
        "19": [
          0,
          1
        ]
      },
      "purePowerXGcdOrders": [
        3,
        19
      ],
      "forcedExactZeroOrdinaryExponents": [
        3,
        19
      ],
      "forcedExactZeroDeficiencies": [
        17,
        1
      ]
    },
    {
      "row": 7,
      "coefficients_a18_b17_c3_d2_e1": [
        14,
        2,
        0,
        14,
        3
      ],
      "meanRootSimple": true,
      "monicGcdsAscending": {
        "1": [
          10,
          1
        ],
        "2": [
          16,
          1
        ],
        "3": [
          0,
          1
        ],
        "4": [
          0,
          3,
          14,
          0,
          0,
          0,
          0,
          0,
          0,
          0,
          0,
          0,
          0,
          0,
          0,
          0,
          0,
          2,
          14,
          0,
          1
        ],
        "5": [
          0,
          3,
          14,
          0,
          0,
          0,
          0,
          0,
          0,
          0,
          0,
          0,
          0,
          0,
          0,
          0,
          0,
          2,
          14,
          0,
          1
        ],
        "6": [
          0,
          3,
          14,
          0,
          0,
          0,
          0,
          0,
          0,
          0,
          0,
          0,
          0,
          0,
          0,
          0,
          0,
          2,
          14,
          0,
          1
        ],
        "7": [
          0,
          3,
          14,
          0,
          0,
          0,
          0,
          0,
          0,
          0,
          0,
          0,
          0,
          0,
          0,
          0,
          0,
          2,
          14,
          0,
          1
        ],
        "8": [
          0,
          3,
          14,
          0,
          0,
          0,
          0,
          0,
          0,
          0,
          0,
          0,
          0,
          0,
          0,
          0,
          0,
          2,
          14,
          0,
          1
        ],
        "9": [
          0,
          3,
          14,
          0,
          0,
          0,
          0,
          0,
          0,
          0,
          0,
          0,
          0,
          0,
          0,
          0,
          0,
          2,
          14,
          0,
          1
        ],
        "10": [
          0,
          3,
          14,
          0,
          0,
          0,
          0,
          0,
          0,
          0,
          0,
          0,
          0,
          0,
          0,
          0,
          0,
          2,
          14,
          0,
          1
        ],
        "11": [
          0,
          3,
          14,
          0,
          0,
          0,
          0,
          0,
          0,
          0,
          0,
          0,
          0,
          0,
          0,
          0,
          0,
          2,
          14,
          0,
          1
        ],
        "12": [
          0,
          3,
          14,
          0,
          0,
          0,
          0,
          0,
          0,
          0,
          0,
          0,
          0,
          0,
          0,
          0,
          0,
          2,
          14,
          0,
          1
        ],
        "13": [
          0,
          3,
          14,
          0,
          0,
          0,
          0,
          0,
          0,
          0,
          0,
          0,
          0,
          0,
          0,
          0,
          0,
          2,
          14,
          0,
          1
        ],
        "14": [
          0,
          3,
          14,
          0,
          0,
          0,
          0,
          0,
          0,
          0,
          0,
          0,
          0,
          0,
          0,
          0,
          0,
          2,
          14,
          0,
          1
        ],
        "15": [
          0,
          3,
          14,
          0,
          0,
          0,
          0,
          0,
          0,
          0,
          0,
          0,
          0,
          0,
          0,
          0,
          0,
          2,
          14,
          0,
          1
        ],
        "16": [
          0,
          3,
          14,
          0,
          0,
          0,
          0,
          0,
          0,
          0,
          0,
          0,
          0,
          0,
          0,
          0,
          0,
          2,
          14,
          0,
          1
        ],
        "17": [
          16,
          1
        ],
        "18": [
          16,
          1
        ],
        "19": [
          0,
          1
        ]
      },
      "purePowerXGcdOrders": [
        3,
        19
      ],
      "forcedExactZeroOrdinaryExponents": [
        3,
        19
      ],
      "forcedExactZeroDeficiencies": [
        17,
        1
      ]
    },
    {
      "row": 8,
      "coefficients_a18_b17_c3_d2_e1": [
        0,
        16,
        0,
        0,
        0
      ],
      "meanRootSimple": false,
      "monicGcdsAscending": {
        "1": [
          0,
          0,
          0,
          0,
          0,
          0,
          0,
          0,
          0,
          0,
          0,
          0,
          0,
          0,
          0,
          0,
          0,
          1
        ],
        "2": [
          0,
          0,
          0,
          0,
          0,
          0,
          0,
          0,
          0,
          0,
          0,
          0,
          0,
          0,
          0,
          0,
          0,
          1
        ],
        "3": [
          0,
          0,
          0,
          0,
          0,
          0,
          0,
          0,
          0,
          0,
          0,
          0,
          0,
          0,
          0,
          0,
          0,
          1
        ],
        "4": [
          0,
          0,
          0,
          0,
          0,
          0,
          0,
          0,
          0,
          0,
          0,
          0,
          0,
          0,
          0,
          0,
          0,
          16,
          0,
          0,
          1
        ],
        "5": [
          0,
          0,
          0,
          0,
          0,
          0,
          0,
          0,
          0,
          0,
          0,
          0,
          0,
          0,
          0,
          0,
          0,
          16,
          0,
          0,
          1
        ],
        "6": [
          0,
          0,
          0,
          0,
          0,
          0,
          0,
          0,
          0,
          0,
          0,
          0,
          0,
          0,
          0,
          0,
          0,
          16,
          0,
          0,
          1
        ],
        "7": [
          0,
          0,
          0,
          0,
          0,
          0,
          0,
          0,
          0,
          0,
          0,
          0,
          0,
          0,
          0,
          0,
          0,
          16,
          0,
          0,
          1
        ],
        "8": [
          0,
          0,
          0,
          0,
          0,
          0,
          0,
          0,
          0,
          0,
          0,
          0,
          0,
          0,
          0,
          0,
          0,
          16,
          0,
          0,
          1
        ],
        "9": [
          0,
          0,
          0,
          0,
          0,
          0,
          0,
          0,
          0,
          0,
          0,
          0,
          0,
          0,
          0,
          0,
          0,
          16,
          0,
          0,
          1
        ],
        "10": [
          0,
          0,
          0,
          0,
          0,
          0,
          0,
          0,
          0,
          0,
          0,
          0,
          0,
          0,
          0,
          0,
          0,
          16,
          0,
          0,
          1
        ],
        "11": [
          0,
          0,
          0,
          0,
          0,
          0,
          0,
          0,
          0,
          0,
          0,
          0,
          0,
          0,
          0,
          0,
          0,
          16,
          0,
          0,
          1
        ],
        "12": [
          0,
          0,
          0,
          0,
          0,
          0,
          0,
          0,
          0,
          0,
          0,
          0,
          0,
          0,
          0,
          0,
          0,
          16,
          0,
          0,
          1
        ],
        "13": [
          0,
          0,
          0,
          0,
          0,
          0,
          0,
          0,
          0,
          0,
          0,
          0,
          0,
          0,
          0,
          0,
          0,
          16,
          0,
          0,
          1
        ],
        "14": [
          0,
          0,
          0,
          0,
          0,
          0,
          0,
          0,
          0,
          0,
          0,
          0,
          0,
          0,
          0,
          0,
          0,
          16,
          0,
          0,
          1
        ],
        "15": [
          0,
          0,
          0,
          0,
          0,
          0,
          0,
          0,
          0,
          0,
          0,
          0,
          0,
          0,
          0,
          0,
          0,
          16,
          0,
          0,
          1
        ],
        "16": [
          0,
          0,
          0,
          0,
          0,
          0,
          0,
          0,
          0,
          0,
          0,
          0,
          0,
          0,
          0,
          0,
          0,
          16,
          0,
          0,
          1
        ],
        "17": [
          16,
          0,
          0,
          1
        ],
        "18": [
          0,
          0,
          1
        ],
        "19": [
          0,
          1
        ]
      },
      "purePowerXGcdOrders": [
        1,
        2,
        3,
        18,
        19
      ],
      "forcedExactZeroOrdinaryExponents": [],
      "forcedExactZeroDeficiencies": []
    },
    {
      "row": 9,
      "coefficients_a18_b17_c3_d2_e1": [
        0,
        16,
        0,
        14,
        3
      ],
      "meanRootSimple": true,
      "monicGcdsAscending": {
        "1": [
          1,
          15,
          1
        ],
        "2": [
          16,
          1
        ],
        "3": [
          0,
          1
        ],
        "4": [
          0,
          3,
          14,
          0,
          0,
          0,
          0,
          0,
          0,
          0,
          0,
          0,
          0,
          0,
          0,
          0,
          0,
          16,
          0,
          0,
          1
        ],
        "5": [
          0,
          3,
          14,
          0,
          0,
          0,
          0,
          0,
          0,
          0,
          0,
          0,
          0,
          0,
          0,
          0,
          0,
          16,
          0,
          0,
          1
        ],
        "6": [
          0,
          3,
          14,
          0,
          0,
          0,
          0,
          0,
          0,
          0,
          0,
          0,
          0,
          0,
          0,
          0,
          0,
          16,
          0,
          0,
          1
        ],
        "7": [
          0,
          3,
          14,
          0,
          0,
          0,
          0,
          0,
          0,
          0,
          0,
          0,
          0,
          0,
          0,
          0,
          0,
          16,
          0,
          0,
          1
        ],
        "8": [
          0,
          3,
          14,
          0,
          0,
          0,
          0,
          0,
          0,
          0,
          0,
          0,
          0,
          0,
          0,
          0,
          0,
          16,
          0,
          0,
          1
        ],
        "9": [
          0,
          3,
          14,
          0,
          0,
          0,
          0,
          0,
          0,
          0,
          0,
          0,
          0,
          0,
          0,
          0,
          0,
          16,
          0,
          0,
          1
        ],
        "10": [
          0,
          3,
          14,
          0,
          0,
          0,
          0,
          0,
          0,
          0,
          0,
          0,
          0,
          0,
          0,
          0,
          0,
          16,
          0,
          0,
          1
        ],
        "11": [
          0,
          3,
          14,
          0,
          0,
          0,
          0,
          0,
          0,
          0,
          0,
          0,
          0,
          0,
          0,
          0,
          0,
          16,
          0,
          0,
          1
        ],
        "12": [
          0,
          3,
          14,
          0,
          0,
          0,
          0,
          0,
          0,
          0,
          0,
          0,
          0,
          0,
          0,
          0,
          0,
          16,
          0,
          0,
          1
        ],
        "13": [
          0,
          3,
          14,
          0,
          0,
          0,
          0,
          0,
          0,
          0,
          0,
          0,
          0,
          0,
          0,
          0,
          0,
          16,
          0,
          0,
          1
        ],
        "14": [
          0,
          3,
          14,
          0,
          0,
          0,
          0,
          0,
          0,
          0,
          0,
          0,
          0,
          0,
          0,
          0,
          0,
          16,
          0,
          0,
          1
        ],
        "15": [
          0,
          3,
          14,
          0,
          0,
          0,
          0,
          0,
          0,
          0,
          0,
          0,
          0,
          0,
          0,
          0,
          0,
          16,
          0,
          0,
          1
        ],
        "16": [
          0,
          3,
          14,
          0,
          0,
          0,
          0,
          0,
          0,
          0,
          0,
          0,
          0,
          0,
          0,
          0,
          0,
          16,
          0,
          0,
          1
        ],
        "17": [
          16,
          1
        ],
        "18": [
          0,
          1
        ],
        "19": [
          0,
          1
        ]
      },
      "purePowerXGcdOrders": [
        3,
        18,
        19
      ],
      "forcedExactZeroOrdinaryExponents": [
        3,
        18,
        19
      ],
      "forcedExactZeroDeficiencies": [
        17,
        2,
        1
      ]
    }
  ],
  "scope": "Seed gcds and simple-mean consequences; completeness requires separate chart certificates"
}
