DOMAIN_PASS 17 10
CASE 0 3 4913 1 4 10 13
SURVIVOR 1 1 15
CASE 1 4 83521 1 4 5 12 15
SURVIVOR 1 15 1 1
CASE 2 4 83521 0 4 7 10 15
CASE 3 4 83521 0 4 9 10 12
CASE 4 4 83521 17 4 9 10 14
SURVIVOR 15 0 1 15
SURVIVOR 15 1 1 15
SURVIVOR 15 2 1 15
SURVIVOR 15 3 1 15
SURVIVOR 15 4 1 15
SURVIVOR 15 5 1 15
SURVIVOR 15 6 1 15
SURVIVOR 15 7 1 15
SURVIVOR 15 8 1 15
SURVIVOR 15 9 1 15
SURVIVOR 15 10 1 15
SURVIVOR 15 11 1 15
SURVIVOR 15 12 1 15
SURVIVOR 15 13 1 15
SURVIVOR 15 14 1 15
SURVIVOR 15 15 1 15
SURVIVOR 15 16 1 15
CASE 5 4 83521 1 5 12 15 16
SURVIVOR 15 15 15 15
CASE 6 4 83521 0 10 11 15 16
ALL_PASS
