IDENTITY
_[1,1],_[1,2],_[1,3],
_[2,1],_[2,2],_[2,3],
_[3,1],_[3,2],_[3,3] 
C|1|6|29,10
C|1|-2|28,11
C|1|-6|26,13
C|1|-4|25,14
C|1|-1|24,15
C|1|-2|23,16
C|1|-2|22,17
C|1|-2|21,18
C|1|1|19,20
C|1|-6|18,21
C|1|-5|17,22
C|1|3|16,23
C|1|-3|15,24
C|1|-4|14,25
C|1|5|13,26
C|1|1|12,27
C|1|1|11,28
C|1|6|10,29
C|1|5|9,30
C|1|-5|8,31
C|1|2|7,32
C|1|-4|6,33
C|1|-6|5,34
C|1|4|29,9
C|1|-3|28,10
C|1|1|27,11
C|1|1|26,12
C|1|-3|25,13
C|1|2|24,14
C|1|1|23,15
C|1|3|22,16
C|1|-2|21,17
C|1|-2|19,19
C|1|5|18,20
C|1|-2|17,21
C|1|1|16,22
C|1|1|15,23
C|1|3|14,24
C|1|-1|13,25
C|1|-6|12,26
C|1|-4|11,27
C|1|1|10,28
C|1|6|9,29
C|1|1|8,30
C|1|2|7,31
C|1|4|6,32
C|1|-4|5,33
C|1|5|4,34
C|1|-6|29,8
C|1|3|28,9
C|1|5|27,10
C|1|-2|26,11
C|1|6|25,12
C|1|-3|24,13
C|1|-3|23,14
C|1|1|22,15
C|1|2|21,16
C|1|-6|20,17
C|1|-2|19,18
C|1|2|17,20
C|1|-5|16,21
C|1|2|15,22
C|1|5|14,23
C|1|1|13,24
C|1|-4|12,25
C|1|1|10,27
C|1|6|9,28
C|1|3|8,29
C|1|-5|7,30
C|1|-6|6,31
C|1|6|5,32
C|1|4|4,33
C|1|6|3,34
C|1|1|29,7
C|1|5|28,8
C|1|-5|27,9
C|1|1|26,10
C|1|5|25,11
C|1|-6|24,12
C|1|-5|23,13
C|1|-4|22,14
C|1|5|21,15
C|1|-3|20,16
C|1|-2|19,17
C|1|4|18,18
C|1|5|17,19
C|1|-6|16,20
C|1|-5|15,21
C|1|5|14,22
C|1|-5|13,23
C|1|3|12,24
C|1|4|11,25
C|1|-4|10,26
C|1|4|9,27
C|1|-2|8,28
C|1|2|6,30
C|1|2|5,31
C|1|-6|4,32
C|1|-5|3,33
C|1|-2|2,34
C|1|5|29,6
C|1|-2|28,7
C|1|-4|27,8
C|1|-6|26,9
C|1|2|25,10
C|1|4|24,11
C|1|5|23,12
C|1|-5|22,13
C|1|-6|21,14
C|1|1|20,15
C|1|-1|19,16
C|1|-2|18,17
C|1|-6|17,18
C|1|5|16,19
C|1|5|15,20
C|1|2|14,21
C|1|1|13,22
C|1|-2|12,23
C|1|3|11,24
C|1|-3|10,25
C|1|-3|9,26
C|1|3|8,27
C|1|-2|7,28
C|1|2|6,29
C|1|-2|5,30
C|1|3|4,31
C|1|-3|3,32
C|1|3|2,33
C|1|6|1,34
C|1|3|29,5
C|1|4|28,6
C|1|1|27,7
C|1|4|26,8
C|1|5|25,9
C|1|4|24,10
C|1|3|23,11
C|1|4|22,12
C|1|6|21,13
C|1|3|20,14
C|1|-5|19,15
C|1|4|18,16
C|1|-5|17,17
C|1|-3|16,18
C|1|-1|15,19
C|1|-2|14,20
C|1|3|13,21
C|1|-3|12,22
C|1|-3|11,23
C|1|-1|10,24
C|1|6|9,25
C|1|1|8,26
C|1|5|7,27
C|1|-1|6,28
C|1|5|4,30
C|1|2|3,31
C|1|2|2,32
C|1|-3|1,33
C|1|2|0,34
C|1|-3|29,4
C|1|-3|28,5
C|1|4|27,6
C|1|4|26,7
C|1|-3|25,8
C|1|-6|23,10
C|1|-2|21,12
C|1|-1|20,13
C|1|-2|19,14
C|1|-5|18,15
C|1|-6|17,16
C|1|5|16,17
C|1|-1|15,18
C|1|1|14,19
C|1|5|13,20
C|1|-3|12,21
C|1|2|11,22
C|1|-3|10,23
C|1|1|9,24
C|1|3|7,26
C|1|-2|6,27
C|1|-5|5,28
C|1|3|4,29
C|1|4|3,30
C|1|-6|2,31
C|1|5|1,32
C|1|6|0,33
C|1|3|29,3
C|1|3|27,5
C|1|6|26,6
C|1|1|25,7
C|1|-3|24,8
C|1|-3|23,9
C|1|-1|22,10
C|1|4|21,11
C|1|4|20,12
C|1|6|19,13
C|1|-3|17,15
C|1|5|16,16
C|1|3|15,17
C|1|5|14,18
C|1|-6|13,19
C|1|5|12,20
C|1|-3|11,21
C|1|-5|10,22
C|1|1|9,23
C|1|6|8,24
C|1|-6|7,25
C|1|6|6,26
C|1|2|5,27
C|1|4|4,28
C|1|-3|3,29
C|1|5|2,30
C|1|-5|1,31
C|1|-3|29,2
C|1|4|28,3
C|1|1|27,4
C|1|2|26,5
C|1|6|25,6
C|1|-5|24,7
C|1|3|23,8
C|1|3|22,9
C|1|1|21,10
C|1|-3|20,11
C|1|5|19,12
C|1|4|18,13
C|1|-5|17,14
C|1|-5|16,15
C|1|-2|15,16
C|1|-3|14,17
C|1|1|13,18
C|1|1|12,19
C|1|-2|11,20
C|1|-5|10,21
C|1|3|9,22
C|1|1|8,23
C|1|-1|7,24
C|1|1|6,25
C|1|4|5,26
C|1|1|4,27
C|1|5|3,28
C|1|4|2,29
C|1|-5|1,30
C|1|-3|0,31
C|1|3|29,1
C|1|-3|28,2
C|1|-3|27,3
C|1|-2|25,5
C|1|6|24,6
C|1|6|23,7
C|1|-1|22,8
C|1|-2|20,10
C|1|-1|19,11
C|1|-3|18,12
C|1|-5|17,13
C|1|6|16,14
C|1|4|15,15
C|1|-4|14,16
C|1|-6|10,20
C|1|-5|9,21
C|1|-1|8,22
C|1|-5|7,23
C|1|-3|5,25
C|1|3|4,26
C|1|-6|3,27
C|1|1|2,28
C|1|-6|1,29
C|1|-4|0,30
C|1|-2|28,1
C|1|5|27,2
C|1|3|26,3
C|1|4|24,5
C|1|6|23,6
C|1|-1|21,8
C|1|3|19,10
C|1|2|18,11
C|1|1|17,12
C|1|-3|15,14
C|1|-2|14,15
C|1|3|13,16
C|1|-5|12,17
C|1|-1|11,18
C|1|-3|10,19
C|1|2|9,20
C|1|1|8,21
C|1|3|7,22
C|1|6|6,23
C|1|-2|5,24
C|1|-3|4,25
C|1|4|3,26
C|1|5|2,27
C|1|4|1,28
C|1|-1|0,29
C|1|6|27,1
C|1|3|26,2
C|1|4|25,3
C|1|-1|24,4
C|1|-2|23,5
C|1|2|22,6
C|1|-1|21,7
C|1|4|20,8
C|1|4|19,9
C|1|4|18,10
C|1|-6|17,11
C|1|3|16,12
C|1|2|15,13
C|1|2|14,14
C|1|5|13,15
C|1|-2|12,16
C|1|3|11,17
C|1|-3|10,18
C|1|-4|9,19
C|1|-5|8,20
C|1|-5|7,21
C|1|-1|6,22
C|1|-4|5,23
C|1|-5|4,24
C|1|-4|3,25
C|1|-6|2,26
C|1|-5|1,27
C|1|2|0,28
C|1|4|26,1
C|1|5|25,2
C|1|-2|24,3
C|1|6|23,4
C|1|-2|22,5
C|1|4|21,6
C|1|-4|20,7
C|1|-3|19,8
C|1|5|16,11
C|1|3|15,12
C|1|-4|14,13
C|1|-1|13,14
C|1|5|12,15
C|1|6|11,16
C|1|-1|10,17
C|1|1|9,18
C|1|-3|8,19
C|1|-2|7,20
C|1|-4|6,21
C|1|-3|5,22
C|1|6|4,23
C|1|-5|3,24
C|1|-5|1,26
C|1|-1|0,27
C|1|4|25,1
C|1|-2|23,3
C|1|4|22,4
C|1|3|21,5
C|1|-6|20,6
C|1|6|19,7
C|1|6|18,8
C|1|5|17,9
C|1|-5|16,10
C|1|1|15,11
C|1|-2|14,12
C|1|-3|12,14
C|1|-3|11,15
C|1|-4|9,17
C|1|-4|8,18
C|1|-2|7,19
C|1|-4|6,20
C|1|1|5,21
C|1|-6|4,22
C|1|-1|3,23
C|1|6|2,24
C|1|-1|0,26
C|1|6|23,2
C|1|-5|22,3
C|1|5|21,4
C|1|-5|20,5
C|1|3|19,6
C|1|2|18,7
C|1|3|17,8
C|1|-5|16,9
C|1|5|15,10
C|1|4|14,11
C|1|-6|13,12
C|1|-1|12,13
C|1|-4|11,14
C|1|-2|10,15
C|1|4|9,16
C|1|5|8,17
C|1|-6|7,18
C|1|4|6,19
C|1|-6|5,20
C|1|5|4,21
C|1|-3|3,22
C|1|-1|2,23
C|1|-3|1,24
C|1|-4|0,25
C|1|-5|23,1
C|1|3|22,2
C|1|5|21,3
C|1|-6|19,5
C|1|6|18,6
C|1|-3|17,7
C|1|-5|16,8
C|1|2|15,9
C|1|-5|14,10
C|1|-5|13,11
C|1|4|12,12
C|1|-6|11,13
C|1|6|9,15
C|1|3|8,16
C|1|2|7,17
C|1|-6|6,18
C|1|-1|4,20
C|1|4|3,21
C|1|5|2,22
C|1|1|1,23
C|1|-4|0,24
C|1|6|22,1
C|1|-6|20,3
C|1|-6|19,4
C|1|-5|18,5
C|1|3|17,6
C|1|1|16,7
C|1|-6|15,8
C|1|3|14,9
C|1|2|13,10
C|1|4|12,11
C|1|5|11,12
C|1|-3|10,13
C|1|2|9,14
C|1|-4|8,15
C|1|-6|7,16
C|1|-3|6,17
C|1|-3|5,18
C|1|4|4,19
C|1|-2|3,20
C|1|-5|2,21
C|1|5|1,22
C|1|-4|0,23
C|1|-3|21,1
C|1|-4|20,2
C|1|-6|19,3
C|1|-3|18,4
C|1|5|17,5
C|1|-4|16,6
C|1|3|15,7
C|1|1|14,8
C|1|-5|13,9
C|1|2|12,10
C|1|4|11,11
C|1|4|10,12
C|1|-5|9,13
C|1|2|8,14
C|1|5|7,15
C|1|-3|5,17
C|1|-6|2,20
C|1|-4|1,21
C|1|1|0,22
C|1|5|20,1
C|1|-1|19,2
C|1|-2|18,3
C|1|6|17,4
C|1|-2|16,5
C|1|-6|15,6
C|1|4|14,7
C|1|5|13,8
C|1|-5|12,9
C|1|-2|11,10
C|1|3|10,11
C|1|-1|9,12
C|1|4|8,13
C|1|6|7,14
C|1|1|6,15
C|1|3|5,16
C|1|-4|3,18
C|1|1|2,19
C|1|-5|1,20
C|1|-1|0,21
C|1|-5|20,0
C|1|-4|18,2
C|1|-1|17,3
C|1|-2|16,4
C|1|-2|15,5
C|1|-3|14,6
C|1|-1|13,7
C|1|1|11,9
C|1|5|10,10
C|1|5|9,11
C|1|4|8,12
C|1|-4|7,13
C|1|3|6,14
C|1|-2|5,15
C|1|5|4,16
C|1|1|3,17
C|1|4|2,18
C|1|-5|0,20
C|1|-6|19,0
C|1|2|18,1
C|1|6|17,2
C|1|3|16,3
C|1|-2|15,4
C|1|-1|14,5
C|1|-2|13,6
C|1|4|10,9
C|1|3|9,10
C|1|1|8,11
C|1|-4|7,12
C|1|6|6,13
C|1|-5|5,14
C|1|-5|4,15
C|1|-5|3,16
C|1|-2|2,17
C|1|3|1,18
C|1|4|0,19
C|1|-3|17,1
C|1|-2|16,2
C|1|-6|15,3
C|1|1|14,4
C|1|2|13,5
C|1|5|12,6
C|1|6|11,7
C|1|6|10,8
C|1|1|8,10
C|1|3|6,12
C|1|-1|4,14
C|1|4|3,15
C|1|-5|2,16
C|1|-6|0,18
C|1|4|17,0
C|1|4|16,1
C|1|-6|15,2
C|1|4|14,3
C|1|1|13,4
C|1|4|12,5
C|1|-1|11,6
C|1|5|10,7
C|1|-1|9,8
C|1|-4|8,9
C|1|-4|7,10
C|1|2|6,11
C|1|2|5,12
C|1|-2|4,13
C|1|-5|3,14
C|1|5|2,15
C|1|-1|1,16
C|1|3|0,17
C|1|-5|16,0
C|1|-1|15,1
C|1|6|14,2
C|1|2|13,3
C|1|1|12,4
C|1|2|11,5
C|1|-5|10,6
C|1|-2|9,7
C|1|5|8,8
C|1|-6|6,10
C|1|1|5,11
C|1|-2|4,12
C|1|-2|2,14
C|1|4|1,15
C|1|-5|0,16
C|1|-1|15,0
C|1|4|14,1
C|1|-4|13,2
C|1|-4|12,3
C|1|-3|11,4
C|1|3|10,5
C|1|3|9,6
C|1|-2|7,8
C|1|-1|6,9
C|1|6|5,10
C|1|-1|4,11
C|1|-6|3,12
C|1|2|2,13
C|1|5|1,14
C|1|-6|0,15
C|1|5|14,0
C|1|4|12,2
C|1|1|11,3
C|1|-2|10,4
C|1|2|9,5
C|1|6|8,6
C|1|1|7,7
C|1|2|6,8
C|1|-4|4,10
C|1|3|3,11
C|1|1|2,12
C|1|-2|1,13
C|1|-3|13,0
C|1|-6|12,1
C|1|-4|11,2
C|1|-1|10,3
C|1|-1|9,4
C|1|-3|8,5
C|1|-5|7,6
C|1|4|6,7
C|1|1|5,8
C|1|6|4,9
C|1|2|2,11
C|1|-6|1,12
C|1|1|0,13
C|1|-1|12,0
C|1|4|11,1
C|1|-5|10,2
C|1|4|9,3
C|1|5|8,4
C|1|-5|7,5
C|1|3|5,7
C|1|6|3,9
C|1|5|2,10
C|1|6|1,11
C|1|-3|0,12
C|1|-2|11,0
C|1|1|10,1
C|1|-6|9,2
C|1|2|8,3
C|1|-4|7,4
C|1|1|6,5
C|1|-3|5,6
C|1|5|4,7
C|1|5|3,8
C|1|-6|2,9
C|1|-5|1,10
C|1|-2|0,11
C|1|-2|10,0
C|1|-6|9,1
C|1|4|8,2
C|1|2|7,3
C|1|-5|6,4
C|1|-5|4,6
C|1|1|3,7
C|1|1|2,8
C|1|-4|1,9
C|1|3|0,10
C|1|-5|9,0
C|1|-5|8,1
C|1|6|7,2
C|1|5|6,3
C|1|5|5,4
C|1|-5|4,5
C|1|-6|3,6
C|1|-4|2,7
C|1|-6|1,8
C|1|-1|0,9
C|1|-4|8,0
C|1|4|7,1
C|1|-1|6,2
C|1|-6|5,3
C|1|3|3,5
C|1|5|2,6
C|1|4|1,7
C|1|3|0,8
C|1|3|7,0
C|1|-1|6,1
C|1|3|5,2
C|1|-4|4,3
C|1|6|3,4
C|1|-6|2,5
C|1|-1|1,6
C|1|-6|0,7
C|1|1|6,0
C|1|-6|5,1
C|1|6|4,2
C|1|-3|3,3
C|1|-4|2,4
C|1|-2|1,5
C|1|6|0,6
C|1|6|5,0
C|1|-4|4,1
C|1|5|3,2
C|1|5|2,3
C|1|-5|0,5
C|1|2|4,0
C|1|-1|3,1
C|1|5|2,2
C|1|-2|1,3
C|1|5|0,4
C|1|2|3,0
C|1|2|2,1
C|1|-5|1,2
C|1|2|0,3
C|1|3|2,0
C|1|6|1,1
C|1|1|0,2
C|1|-3|1,0
C|1|2|0,1
C|1|5|0,0
C|2|-5|32,7
C|2|6|31,8
C|2|5|29,10
C|2|-1|28,11
C|2|3|27,12
C|2|6|26,13
C|2|6|25,14
C|2|6|24,15
C|2|-3|22,17
C|2|5|21,18
C|2|2|20,19
C|2|4|19,20
C|2|-4|18,21
C|2|-1|17,22
C|2|-2|16,23
C|2|-3|15,24
C|2|-3|14,25
C|2|-5|13,26
C|2|-2|12,27
C|2|2|11,28
C|2|-6|10,29
C|2|-1|9,30
C|2|5|8,31
C|2|1|32,6
C|2|-4|31,7
C|2|-3|30,8
C|2|-3|29,9
C|2|-4|28,10
C|2|-6|27,11
C|2|-3|26,12
C|2|4|25,13
C|2|6|24,14
C|2|6|22,16
C|2|-2|21,17
C|2|6|20,18
C|2|-3|19,19
C|2|-3|18,20
C|2|4|17,21
C|2|3|16,22
C|2|5|15,23
C|2|-1|14,24
C|2|-3|13,25
C|2|-5|12,26
C|2|-3|11,27
C|2|-6|10,28
C|2|1|9,29
C|2|-1|8,30
C|2|-2|7,31
C|2|4|32,5
C|2|2|30,7
C|2|-3|29,8
C|2|3|27,10
C|2|-2|26,11
C|2|1|25,12
C|2|6|24,13
C|2|-5|23,14
C|2|-2|22,15
C|2|1|21,16
C|2|2|20,17
C|2|4|19,18
C|2|2|18,19
C|2|5|17,20
C|2|5|16,21
C|2|-6|15,22
C|2|1|14,23
C|2|1|13,24
C|2|-3|12,25
C|2|-2|11,26
C|2|5|10,27
C|2|-2|9,28
C|2|6|8,29
C|2|-6|7,30
C|2|4|6,31
C|2|6|32,4
C|2|-4|31,5
C|2|-2|30,6
C|2|1|29,7
C|2|-1|28,8
C|2|3|27,9
C|2|1|26,10
C|2|-6|25,11
C|2|5|23,13
C|2|-3|22,14
C|2|4|21,15
C|2|-6|20,16
C|2|3|19,17
C|2|-5|18,18
C|2|2|17,19
C|2|4|16,20
C|2|-4|15,21
C|2|-1|12,24
C|2|-4|10,26
C|2|4|9,27
C|2|6|8,28
C|2|2|7,29
C|2|-4|6,30
C|2|-4|32,3
C|2|-1|31,4
C|2|-4|30,5
C|2|6|29,6
C|2|3|28,7
C|2|1|27,8
C|2|6|25,10
C|2|-4|24,11
C|2|4|23,12
C|2|-3|22,13
C|2|-6|21,14
C|2|2|20,15
C|2|-4|19,16
C|2|-2|18,17
C|2|-3|17,18
C|2|-2|15,20
C|2|-5|14,21
C|2|5|13,22
C|2|-6|12,23
C|2|5|11,24
C|2|-3|10,25
C|2|3|9,26
C|2|1|8,27
C|2|5|6,29
C|2|-1|5,30
C|2|1|4,31
C|2|-2|32,2
C|2|-2|31,3
C|2|-4|30,4
C|2|-3|29,5
C|2|6|28,6
C|2|3|27,7
C|2|-2|26,8
C|2|1|25,9
C|2|-6|24,10
C|2|3|23,11
C|2|1|22,12
C|2|-1|21,13
C|2|2|20,14
C|2|4|19,15
C|2|-4|18,16
C|2|3|17,17
C|2|-6|16,18
C|2|-4|15,19
C|2|-4|14,20
C|2|4|13,21
C|2|5|12,22
C|2|-6|11,23
C|2|-2|10,24
C|2|5|8,26
C|2|5|7,27
C|2|-5|5,29
C|2|-4|4,30
C|2|2|3,31
C|2|-5|32,1
C|2|-6|31,2
C|2|2|30,3
C|2|6|29,4
C|2|-1|28,5
C|2|2|27,6
C|2|-2|26,7
C|2|-6|25,8
C|2|-1|24,9
C|2|-4|22,11
C|2|-5|19,14
C|2|6|18,15
C|2|3|17,16
C|2|1|16,17
C|2|-5|15,18
C|2|-3|14,19
C|2|-6|13,20
C|2|-4|12,21
C|2|-1|11,22
C|2|1|10,23
C|2|-4|9,24
C|2|-4|8,25
C|2|4|7,26
C|2|-1|6,27
C|2|-3|5,28
C|2|-3|4,29
C|2|-1|3,30
C|2|4|2,31
C|2|5|32,0
C|2|-5|31,1
C|2|6|30,2
C|2|1|29,3
C|2|-3|28,4
C|2|-6|26,6
C|2|-4|25,7
C|2|3|24,8
C|2|5|23,9
C|2|-6|22,10
C|2|-2|21,11
C|2|2|20,12
C|2|-1|19,13
C|2|-2|18,14
C|2|6|17,15
C|2|5|16,16
C|2|-2|15,17
C|2|-1|14,18
C|2|-3|12,20
C|2|-3|11,21
C|2|3|10,22
C|2|-6|9,23
C|2|6|8,24
C|2|-5|7,25
C|2|-3|6,26
C|2|-3|5,27
C|2|5|4,28
C|2|-2|2,30
C|2|-3|1,31
C|2|1|31,0
C|2|-5|30,1
C|2|-1|29,2
C|2|6|28,3
C|2|4|27,4
C|2|4|26,5
C|2|-2|24,7
C|2|-1|23,8
C|2|2|22,9
C|2|-5|21,10
C|2|-3|20,11
C|2|-1|19,12
C|2|-4|18,13
C|2|-4|17,14
C|2|3|16,15
C|2|-4|15,16
C|2|-3|14,17
C|2|-3|13,18
C|2|-6|12,19
C|2|-3|11,20
C|2|-2|10,21
C|2|2|8,23
C|2|5|7,24
C|2|3|6,25
C|2|3|5,26
C|2|-2|4,27
C|2|6|3,28
C|2|5|2,29
C|2|4|1,30
C|2|6|30,0
C|2|1|29,1
C|2|-4|28,2
C|2|2|27,3
C|2|-2|26,4
C|2|6|25,5
C|2|3|24,6
C|2|6|23,7
C|2|2|22,8
C|2|3|21,9
C|2|-1|20,10
C|2|2|19,11
C|2|-6|18,12
C|2|2|17,13
C|2|-1|16,14
C|2|4|15,15
C|2|-3|14,16
C|2|6|13,17
C|2|-4|12,18
C|2|-3|11,19
C|2|6|10,20
C|2|4|9,21
C|2|-5|8,22
C|2|5|7,23
C|2|-3|6,24
C|2|6|5,25
C|2|-6|4,26
C|2|-4|3,27
C|2|5|2,28
C|2|2|1,29
C|2|-2|28,1
C|2|-6|27,2
C|2|-1|26,3
C|2|-3|25,4
C|2|-5|24,5
C|2|-6|23,6
C|2|2|22,7
C|2|3|21,8
C|2|-1|20,9
C|2|2|19,10
C|2|-2|18,11
C|2|1|17,12
C|2|-3|16,13
C|2|4|15,14
C|2|4|14,15
C|2|-1|13,16
C|2|2|12,17
C|2|-3|11,18
C|2|6|10,19
C|2|2|9,20
C|2|-3|7,22
C|2|4|6,23
C|2|-2|3,26
C|2|5|2,27
C|2|2|1,28
C|2|2|28,0
C|2|5|27,1
C|2|2|26,2
C|2|-5|25,3
C|2|1|24,4
C|2|-1|23,5
C|2|-2|22,6
C|2|-3|21,7
C|2|2|20,8
C|2|4|19,9
C|2|-6|18,10
C|2|2|17,11
C|2|-3|16,12
C|2|-4|15,13
C|2|2|14,14
C|2|-3|13,15
C|2|-4|12,16
C|2|4|11,17
C|2|4|10,18
C|2|6|9,19
C|2|-6|8,20
C|2|-3|7,21
C|2|-2|6,22
C|2|2|5,23
C|2|-6|4,24
C|2|-2|2,26
C|2|3|1,27
C|2|2|27,0
C|2|1|26,1
C|2|-6|25,2
C|2|3|24,3
C|2|4|23,4
C|2|6|22,5
C|2|1|21,6
C|2|2|20,7
C|2|4|19,8
C|2|-1|18,9
C|2|6|17,10
C|2|-5|16,11
C|2|-3|15,12
C|2|5|14,13
C|2|-5|13,14
C|2|-3|12,15
C|2|2|11,16
C|2|-2|10,17
C|2|3|9,18
C|2|-4|8,19
C|2|-1|7,20
C|2|-6|6,21
C|2|-4|5,22
C|2|4|4,23
C|2|3|2,25
C|2|3|26,0
C|2|-5|25,1
C|2|-3|24,2
C|2|4|23,3
C|2|3|22,4
C|2|4|21,5
C|2|-4|20,6
C|2|5|18,8
C|2|-3|17,9
C|2|-4|16,10
C|2|3|15,11
C|2|6|14,12
C|2|3|13,13
C|2|-3|12,14
C|2|-4|11,15
C|2|-4|10,16
C|2|5|9,17
C|2|-3|8,18
C|2|6|7,19
C|2|3|5,21
C|2|-2|4,22
C|2|-4|3,23
C|2|1|2,24
C|2|6|1,25
C|2|-5|25,0
C|2|2|24,1
C|2|4|23,2
C|2|-4|22,3
C|2|-6|21,4
C|2|2|19,6
C|2|-3|18,7
C|2|-4|17,8
C|2|4|15,10
C|2|6|14,11
C|2|5|13,12
C|2|4|12,13
C|2|1|11,14
C|2|-6|10,15
C|2|6|9,16
C|2|2|8,17
C|2|-4|7,18
C|2|-1|6,19
C|2|5|5,20
C|2|-5|4,21
C|2|-1|3,22
C|2|5|2,23
C|2|-5|1,24
C|2|5|24,0
C|2|-3|23,1
C|2|-5|22,2
C|2|-2|21,3
C|2|1|20,4
C|2|-5|19,5
C|2|4|18,6
C|2|4|16,8
C|2|-4|15,9
C|2|3|14,10
C|2|5|13,11
C|2|-5|12,12
C|2|-5|11,13
C|2|1|10,14
C|2|6|9,15
C|2|-3|7,17
C|2|5|6,18
C|2|4|4,20
C|2|-4|3,21
C|2|-3|2,22
C|2|6|1,23
C|2|-4|22,1
C|2|4|21,2
C|2|-5|20,3
C|2|6|19,4
C|2|2|18,5
C|2|-6|16,7
C|2|-2|15,8
C|2|6|14,9
C|2|6|13,10
C|2|6|12,11
C|2|3|11,12
C|2|-2|10,13
C|2|6|9,14
C|2|5|8,15
C|2|-6|7,16
C|2|-3|5,18
C|2|6|4,19
C|2|-1|3,20
C|2|1|2,21
C|2|-1|1,22
C|2|-2|0,23
C|2|-1|22,0
C|2|2|21,1
C|2|4|20,2
C|2|5|19,3
C|2|4|18,4
C|2|-1|17,5
C|2|4|16,6
C|2|4|15,7
C|2|1|14,8
C|2|-1|13,9
C|2|-2|12,10
C|2|3|11,11
C|2|5|9,13
C|2|-6|8,14
C|2|-5|7,15
C|2|2|6,16
C|2|-3|5,17
C|2|-2|4,18
C|2|-5|3,19
C|2|2|2,20
C|2|-6|1,21
C|2|5|0,22
C|2|2|21,0
C|2|5|20,1
C|2|5|19,2
C|2|-5|18,3
C|2|6|17,4
C|2|-2|16,5
C|2|-6|15,6
C|2|-1|14,7
C|2|-4|13,8
C|2|-2|12,9
C|2|-6|10,11
C|2|6|9,12
C|2|-2|8,13
C|2|1|7,14
C|2|1|6,15
C|2|2|5,16
C|2|-6|4,17
C|2|5|3,18
C|2|1|2,19
C|2|4|0,21
C|2|4|20,0
C|2|6|19,1
C|2|1|18,2
C|2|-6|17,3
C|2|3|16,4
C|2|-4|15,5
C|2|5|14,6
C|2|-6|13,7
C|2|-3|12,8
C|2|-5|11,9
C|2|1|10,10
C|2|6|9,11
C|2|1|8,12
C|2|-6|7,13
C|2|-3|6,14
C|2|3|5,15
C|2|-4|4,16
C|2|6|2,18
C|2|5|1,19
C|2|-5|0,20
C|2|1|19,0
C|2|-1|18,1
C|2|-3|17,2
C|2|3|16,3
C|2|-4|15,4
C|2|2|14,5
C|2|-3|13,6
C|2|-1|12,7
C|2|-3|11,8
C|2|2|10,9
C|2|3|9,10
C|2|3|8,11
C|2|-1|7,12
C|2|3|5,14
C|2|4|4,15
C|2|-3|3,16
C|2|-6|2,17
C|2|1|1,18
C|2|-5|0,19
C|2|-1|18,0
C|2|5|17,1
C|2|2|15,3
C|2|-6|14,4
C|2|-2|13,5
C|2|2|12,6
C|2|2|11,7
C|2|3|10,8
C|2|-2|9,9
C|2|-5|8,10
C|2|-6|7,11
C|2|3|6,12
C|2|3|5,13
C|2|6|4,14
C|2|2|3,15
C|2|4|2,16
C|2|-3|1,17
C|2|-4|0,18
C|2|-1|17,0
C|2|4|16,1
C|2|-5|15,2
C|2|-2|14,3
C|2|2|13,4
C|2|-6|12,5
C|2|-6|11,6
C|2|-3|10,7
C|2|-1|9,8
C|2|6|8,9
C|2|6|7,10
C|2|4|6,11
C|2|3|5,12
C|2|-6|4,13
C|2|4|3,14
C|2|-5|2,15
C|2|-2|1,16
C|2|2|0,17
C|2|-4|16,0
C|2|-5|15,1
C|2|-6|14,2
C|2|-1|13,3
C|2|-2|12,4
C|2|-6|11,5
C|2|6|10,6
C|2|6|9,7
C|2|4|8,8
C|2|-2|7,9
C|2|5|6,10
C|2|2|5,11
C|2|2|4,12
C|2|-3|3,13
C|2|-6|2,14
C|2|-6|1,15
C|2|6|0,16
C|2|-3|15,0
C|2|6|14,1
C|2|-2|12,3
C|2|5|11,4
C|2|4|10,5
C|2|5|9,6
C|2|1|8,7
C|2|2|7,8
C|2|4|6,9
C|2|-4|5,10
C|2|1|4,11
C|2|-3|3,12
C|2|3|2,13
C|2|2|1,14
C|2|2|0,15
C|2|-1|14,0
C|2|6|13,1
C|2|-5|11,3
C|2|-5|10,4
C|2|-5|9,5
C|2|-2|8,6
C|2|-4|7,7
C|2|-1|6,8
C|2|-1|5,9
C|2|3|4,10
C|2|-1|3,11
C|2|-4|2,12
C|2|4|1,13
C|2|-4|0,14
C|2|-3|13,0
C|2|-3|12,1
C|2|-3|11,2
C|2|1|10,3
C|2|2|9,4
C|2|4|8,5
C|2|3|7,6
C|2|-6|5,8
C|2|-5|4,9
C|2|-6|3,10
C|2|5|1,12
C|2|6|0,13
C|2|1|12,0
C|2|2|11,1
C|2|6|10,2
C|2|4|9,3
C|2|-2|8,4
C|2|4|7,5
C|2|4|6,6
C|2|3|5,7
C|2|-5|4,8
C|2|5|3,9
C|2|-5|2,10
C|2|4|1,11
C|2|4|0,12
C|2|1|11,0
C|2|1|10,1
C|2|-1|9,2
C|2|3|8,3
C|2|2|7,4
C|2|-4|6,5
C|2|2|5,6
C|2|1|4,7
C|2|-1|3,8
C|2|2|2,9
C|2|-5|1,10
C|2|-5|0,11
C|2|-2|10,0
C|2|-3|9,1
C|2|-3|8,2
C|2|4|6,4
C|2|3|5,5
C|2|-2|4,6
C|2|4|3,7
C|2|5|1,9
C|2|1|0,10
C|2|4|9,0
C|2|-4|8,1
C|2|-3|7,2
C|2|-1|6,3
C|2|4|5,4
C|2|4|4,5
C|2|2|3,6
C|2|2|2,7
C|2|6|1,8
C|2|5|0,9
C|2|-6|8,0
C|2|-2|7,1
C|2|3|6,2
C|2|-6|5,3
C|2|5|4,4
C|2|-1|3,5
C|2|1|2,6
C|2|6|1,7
C|2|-3|0,8
C|2|3|7,0
C|2|-1|6,1
C|2|-5|5,2
C|2|6|4,3
C|2|-1|3,4
C|2|-5|2,5
C|2|4|1,6
C|2|-2|0,7
C|2|2|6,0
C|2|6|5,1
C|2|4|4,2
C|2|4|3,3
C|2|2|2,4
C|2|3|1,5
C|2|3|0,6
C|2|6|5,0
C|2|-3|4,1
C|2|-2|3,2
C|2|-3|2,3
C|2|6|1,4
C|2|6|0,5
C|2|-4|4,0
C|2|4|3,1
C|2|6|2,2
C|2|-1|1,3
C|2|-2|0,4
C|2|3|3,0
C|2|-1|2,1
C|2|2|1,2
C|2|-4|0,3
C|2|1|2,0
C|2|1|1,1
C|2|6|1,0
C|2|-2|0,0
C|3|-3|32,8
C|3|1|31,9
C|3|3|29,11
C|3|2|28,12
C|3|-6|27,13
C|3|1|26,14
C|3|1|25,15
C|3|1|24,16
C|3|6|22,18
C|3|3|21,19
C|3|-4|20,20
C|3|5|19,21
C|3|-5|18,22
C|3|2|17,23
C|3|4|16,24
C|3|6|15,25
C|3|6|14,26
C|3|-3|13,27
C|3|4|12,28
C|3|-4|11,29
C|3|-1|10,30
C|3|2|9,31
C|3|3|8,32
C|3|-2|32,7
C|3|-5|31,8
C|3|6|30,9
C|3|6|29,10
C|3|-5|28,11
C|3|-1|27,12
C|3|6|26,13
C|3|5|25,14
C|3|1|24,15
C|3|1|22,17
C|3|4|21,18
C|3|1|20,19
C|3|6|19,20
C|3|6|18,21
C|3|5|17,22
C|3|-6|16,23
C|3|3|15,24
C|3|2|14,25
C|3|6|13,26
C|3|-3|12,27
C|3|6|11,28
C|3|-1|10,29
C|3|-2|9,30
C|3|2|8,31
C|3|4|7,32
C|3|5|32,6
C|3|-4|30,8
C|3|6|29,9
C|3|-6|27,11
C|3|4|26,12
C|3|-2|25,13
C|3|1|24,14
C|3|-3|23,15
C|3|4|22,16
C|3|-2|21,17
C|3|-4|20,18
C|3|5|19,19
C|3|-4|18,20
C|3|3|17,21
C|3|3|16,22
C|3|-1|15,23
C|3|-2|14,24
C|3|-2|13,25
C|3|6|12,26
C|3|4|11,27
C|3|3|10,28
C|3|4|9,29
C|3|1|8,30
C|3|-1|7,31
C|3|5|6,32
C|3|-6|32,5
C|3|6|31,6
C|3|4|30,7
C|3|5|29,8
C|3|-2|28,9
C|3|6|27,10
C|3|-4|26,11
C|3|-3|25,12
C|3|-2|24,13
C|3|3|23,14
C|3|-6|22,15
C|3|-1|21,16
C|3|-6|20,17
C|3|-3|19,18
C|3|-6|18,19
C|3|5|17,20
C|3|-3|16,21
C|3|-4|15,22
C|3|1|14,23
C|3|6|13,24
C|3|-6|12,25
C|3|-5|11,26
C|3|-3|10,27
C|3|1|9,28
C|3|-5|8,29
C|3|-4|7,30
C|3|-5|6,31
C|3|-1|32,4
C|3|-1|31,5
C|3|-4|30,6
C|3|2|29,7
C|3|4|28,8
C|3|1|26,10
C|3|4|25,11
C|3|6|24,12
C|3|5|23,13
C|3|4|22,14
C|3|4|21,15
C|3|-6|20,16
C|3|-4|19,17
C|3|5|18,18
C|3|-4|17,19
C|3|-1|16,20
C|3|-2|15,21
C|3|6|14,22
C|3|4|13,23
C|3|5|12,24
C|3|4|11,25
C|3|-5|10,26
C|3|-2|9,27
C|3|-6|8,28
C|3|5|7,29
C|3|3|6,30
C|3|2|5,31
C|3|-2|4,32
C|3|-6|32,3
C|3|4|31,4
C|3|3|30,5
C|3|-6|29,6
C|3|1|28,7
C|3|6|27,8
C|3|-4|26,9
C|3|2|25,10
C|3|-3|24,11
C|3|3|22,13
C|3|6|21,14
C|3|4|20,15
C|3|-5|19,16
C|3|3|18,17
C|3|1|17,18
C|3|6|16,19
C|3|-3|15,20
C|3|-1|14,21
C|3|-4|13,22
C|3|4|12,23
C|3|4|11,24
C|3|-2|10,25
C|3|5|9,26
C|3|1|8,27
C|3|5|7,28
C|3|3|6,29
C|3|-3|5,30
C|3|-5|4,31
C|3|-4|3,32
C|3|-2|32,2
C|3|-5|31,3
C|3|1|30,4
C|3|2|29,5
C|3|-4|28,6
C|3|1|27,7
C|3|-6|26,8
C|3|1|24,10
C|3|-6|23,11
C|3|3|22,12
C|3|6|20,14
C|3|4|19,15
C|3|-1|18,16
C|3|-3|16,18
C|3|1|15,19
C|3|2|13,21
C|3|6|11,23
C|3|-4|10,24
C|3|-4|9,25
C|3|3|8,26
C|3|-1|6,28
C|3|6|5,29
C|3|6|4,30
C|3|2|3,31
C|3|5|2,32
C|3|2|32,1
C|3|-2|31,2
C|3|5|30,3
C|3|3|29,4
C|3|-3|28,5
C|3|5|27,6
C|3|6|26,7
C|3|1|25,8
C|3|3|24,9
C|3|6|23,10
C|3|-1|22,11
C|3|2|21,12
C|3|3|20,13
C|3|6|19,14
C|3|3|18,15
C|3|-3|17,16
C|3|-4|16,17
C|3|6|15,18
C|3|6|14,19
C|3|1|13,20
C|3|-2|12,21
C|3|-6|11,22
C|3|-4|10,23
C|3|3|8,25
C|3|6|7,26
C|3|2|5,28
C|3|-6|4,29
C|3|4|2,31
C|3|6|1,32
C|3|3|31,1
C|3|-2|30,2
C|3|-3|29,3
C|3|-1|28,4
C|3|-3|27,5
C|3|6|26,6
C|3|6|25,7
C|3|5|24,8
C|3|4|23,9
C|3|-4|22,10
C|3|-5|21,11
C|3|5|20,12
C|3|-4|18,14
C|3|4|17,15
C|3|6|16,16
C|3|6|15,17
C|3|5|14,18
C|3|-2|13,19
C|3|4|11,21
C|3|6|10,22
C|3|-4|9,23
C|3|2|8,24
C|3|-2|7,25
C|3|2|6,26
C|3|1|4,28
C|3|-4|3,29
C|3|3|2,30
C|3|5|1,31
C|3|5|30,1
C|3|3|29,2
C|3|1|28,3
C|3|4|26,5
C|3|-3|25,6
C|3|-4|24,7
C|3|-2|23,8
C|3|-3|22,9
C|3|-6|21,10
C|3|5|20,11
C|3|-1|19,12
C|3|-4|18,13
C|3|-2|17,14
C|3|-1|16,15
C|3|4|14,17
C|3|-2|13,18
C|3|1|12,19
C|3|4|11,20
C|3|4|10,21
C|3|-4|9,22
C|3|-2|8,23
C|3|-3|7,24
C|3|-6|6,25
C|3|2|5,26
C|3|4|3,28
C|3|6|2,29
C|3|-4|1,30
C|3|-6|28,2
C|3|-5|27,3
C|3|1|26,4
C|3|6|25,5
C|3|-6|24,6
C|3|1|23,7
C|3|-2|22,8
C|3|-2|21,9
C|3|-6|20,10
C|3|-6|19,11
C|3|2|18,12
C|3|-6|17,13
C|3|3|16,14
C|3|-2|15,15
C|3|3|14,16
C|3|-4|13,17
C|3|6|12,18
C|3|1|11,19
C|3|1|10,20
C|3|5|9,21
C|3|-1|8,22
C|3|-3|7,23
C|3|3|6,24
C|3|-1|5,25
C|3|-4|4,26
C|3|4|3,27
C|3|-5|2,28
C|3|-3|1,29
C|3|6|28,1
C|3|2|27,2
C|3|6|26,3
C|3|-3|24,5
C|3|-1|23,6
C|3|-1|22,7
C|3|-2|21,8
C|3|3|20,9
C|3|3|18,11
C|3|4|17,12
C|3|-2|16,13
C|3|4|15,14
C|3|3|14,15
C|3|3|13,16
C|3|4|12,17
C|3|5|11,18
C|3|-2|10,19
C|3|-1|9,20
C|3|-3|8,21
C|3|4|7,22
C|3|-6|6,23
C|3|-2|5,24
C|3|-4|4,25
C|3|2|3,26
C|3|-2|2,27
C|3|-3|1,28
C|3|6|27,1
C|3|3|26,2
C|3|-5|25,3
C|3|-6|24,4
C|3|-5|23,5
C|3|3|22,6
C|3|-3|21,7
C|3|-5|19,9
C|3|-4|18,10
C|3|-3|17,11
C|3|-2|16,12
C|3|3|14,14
C|3|6|12,16
C|3|-4|11,17
C|3|-3|10,18
C|3|-1|9,19
C|3|-5|8,20
C|3|6|7,21
C|3|-6|6,22
C|3|1|4,24
C|3|-5|3,25
C|3|-4|2,26
C|3|-5|1,27
C|3|-4|26,1
C|3|-2|25,2
C|3|4|24,3
C|3|-5|23,4
C|3|3|22,5
C|3|6|21,6
C|3|-6|19,8
C|3|-6|18,9
C|3|-5|17,10
C|3|1|16,11
C|3|3|14,13
C|3|6|12,15
C|3|6|10,17
C|3|-4|9,18
C|3|-1|8,19
C|3|4|7,20
C|3|2|6,21
C|3|2|4,23
C|3|1|2,25
C|3|3|1,26
C|3|-2|25,1
C|3|6|24,2
C|3|6|23,3
C|3|4|22,4
C|3|-4|21,5
C|3|5|20,6
C|3|3|19,7
C|3|-3|18,8
C|3|-6|17,9
C|3|-3|16,10
C|3|6|14,12
C|3|-4|13,13
C|3|1|11,15
C|3|5|10,16
C|3|-2|9,17
C|3|-3|8,18
C|3|-5|7,19
C|3|2|6,20
C|3|-1|5,21
C|3|4|4,22
C|3|3|3,23
C|3|5|2,24
C|3|4|1,25
C|3|2|24,1
C|3|4|23,2
C|3|-4|22,3
C|3|1|21,4
C|3|-5|20,5
C|3|-5|19,6
C|3|-2|18,7
C|3|-4|17,8
C|3|5|16,9
C|3|6|15,10
C|3|1|14,11
C|3|4|13,12
C|3|-2|12,13
C|3|5|11,14
C|3|6|10,15
C|3|-4|9,16
C|3|-3|8,17
C|3|4|7,18
C|3|-4|6,19
C|3|6|5,20
C|3|6|4,21
C|3|-1|3,22
C|3|6|2,23
C|3|5|1,24
C|3|-2|23,1
C|3|5|22,2
C|3|2|21,3
C|3|3|20,4
C|3|-2|19,5
C|3|5|18,6
C|3|2|17,7
C|3|-1|16,8
C|3|6|15,9
C|3|3|13,11
C|3|2|12,12
C|3|-2|9,15
C|3|-6|8,16
C|3|5|7,17
C|3|1|6,18
C|3|-5|5,19
C|3|5|4,20
C|3|-5|3,21
C|3|-3|2,22
C|3|1|1,23
C|3|4|0,24
C|3|-3|23,0
C|3|-3|22,1
C|3|3|21,2
C|3|1|20,3
C|3|-5|19,4
C|3|-5|18,5
C|3|5|17,6
C|3|-3|16,7
C|3|-1|15,8
C|3|5|14,9
C|3|-1|13,10
C|3|-2|12,11
C|3|6|11,12
C|3|5|10,13
C|3|6|9,14
C|3|1|8,15
C|3|-6|7,16
C|3|5|6,17
C|3|-2|5,18
C|3|-6|4,19
C|3|4|2,21
C|3|2|1,22
C|3|3|0,23
C|3|-1|22,0
C|3|6|21,1
C|3|-1|20,2
C|3|-5|19,3
C|3|3|18,4
C|3|-1|17,5
C|3|-6|16,6
C|3|-5|15,7
C|3|-2|14,8
C|3|-4|13,9
C|3|4|12,10
C|3|-3|11,11
C|3|-6|10,12
C|3|3|9,13
C|3|-4|8,14
C|3|-2|7,15
C|3|-5|6,16
C|3|-1|5,17
C|3|-4|4,18
C|3|2|3,19
C|3|-1|2,20
C|3|5|0,22
C|3|5|21,0
C|3|3|20,1
C|3|2|19,2
C|3|2|18,3
C|3|2|17,4
C|3|-6|15,6
C|3|4|14,7
C|3|6|13,8
C|3|2|12,9
C|3|-6|10,11
C|3|3|9,12
C|3|3|8,13
C|3|3|7,14
C|3|5|6,15
C|3|-4|5,16
C|3|-5|4,17
C|3|-1|3,18
C|3|-2|2,19
C|3|5|1,20
C|3|2|0,21
C|3|1|20,0
C|3|-4|18,2
C|3|3|17,3
C|3|-6|16,4
C|3|-2|15,5
C|3|3|14,6
C|3|3|13,7
C|3|1|12,8
C|3|-1|11,9
C|3|-5|10,10
C|3|-4|9,11
C|3|1|8,12
C|3|-5|7,13
C|3|5|6,14
C|3|2|5,15
C|3|5|4,16
C|3|-6|3,17
C|3|-2|2,18
C|3|-5|1,19
C|3|4|0,20
C|3|-2|19,0
C|3|-1|17,2
C|3|5|16,3
C|3|4|14,5
C|3|-3|13,6
C|3|5|12,7
C|3|5|11,8
C|3|-3|10,9
C|3|1|9,10
C|3|5|8,11
C|3|3|7,12
C|3|-3|6,13
C|3|-2|5,14
C|3|3|4,15
C|3|-4|3,16
C|3|3|2,17
C|3|6|1,18
C|3|-2|0,19
C|3|-2|18,0
C|3|-6|16,2
C|3|4|15,3
C|3|1|14,4
C|3|-6|13,5
C|3|-6|12,6
C|3|1|11,7
C|3|4|10,8
C|3|5|9,9
C|3|-2|8,10
C|3|5|7,11
C|3|-6|6,12
C|3|-1|5,13
C|3|-2|4,14
C|3|4|3,15
C|3|-1|1,17
C|3|-2|0,18
C|3|2|17,0
C|3|5|16,1
C|3|-5|15,2
C|3|-1|14,3
C|3|-2|11,6
C|3|-4|10,7
C|3|2|9,8
C|3|-4|8,9
C|3|-5|7,10
C|3|-6|6,11
C|3|-2|4,13
C|3|5|3,14
C|3|2|2,15
C|3|-5|1,16
C|3|4|0,17
C|3|1|16,0
C|3|-1|15,1
C|3|2|14,2
C|3|4|13,3
C|3|5|12,4
C|3|5|11,5
C|3|6|10,6
C|3|-5|9,7
C|3|1|8,8
C|3|-1|7,9
C|3|3|6,10
C|3|5|5,11
C|3|5|4,12
C|3|1|3,13
C|3|5|2,14
C|3|4|1,15
C|3|1|0,16
C|3|-5|15,0
C|3|1|14,1
C|3|3|13,2
C|3|-1|12,3
C|3|-6|11,4
C|3|3|10,5
C|3|-1|9,6
C|3|1|8,7
C|3|2|7,8
C|3|1|6,9
C|3|5|5,10
C|3|-6|4,11
C|3|6|2,13
C|3|-4|1,14
C|3|4|0,15
C|3|6|14,0
C|3|-4|13,1
C|3|-6|12,2
C|3|4|11,3
C|3|1|9,5
C|3|1|8,6
C|3|6|7,7
C|3|-1|6,8
C|3|5|4,10
C|3|4|3,11
C|3|6|2,12
C|3|-6|1,13
C|3|-6|0,14
C|3|1|13,0
C|3|-5|12,1
C|3|3|11,2
C|3|3|10,3
C|3|4|9,4
C|3|-6|8,5
C|3|-4|7,6
C|3|6|6,7
C|3|-3|5,8
C|3|-1|4,9
C|3|3|3,10
C|3|-1|2,11
C|3|-1|1,12
C|3|-4|0,13
C|3|2|12,0
C|3|-2|11,1
C|3|5|10,2
C|3|-1|9,3
C|3|1|8,4
C|3|-3|7,5
C|3|-6|6,6
C|3|6|5,7
C|3|-6|4,8
C|3|-6|3,9
C|3|3|2,10
C|3|-6|1,11
C|3|5|0,12
C|3|2|11,0
C|3|-5|10,1
C|3|-1|9,2
C|3|1|8,3
C|3|5|7,4
C|3|-4|6,5
C|3|2|5,6
C|3|1|4,7
C|3|-5|3,8
C|3|4|2,9
C|3|5|1,10
C|3|-1|0,11
C|3|5|10,0
C|3|1|9,1
C|3|-2|8,2
C|3|-2|7,3
C|3|-4|6,4
C|3|1|5,5
C|3|2|4,6
C|3|2|3,7
C|3|4|2,8
C|3|-5|1,9
C|3|-5|0,10
C|3|4|9,0
C|3|2|8,1
C|3|3|7,2
C|3|3|6,3
C|3|6|5,4
C|3|5|4,5
C|3|-4|3,6
C|3|-5|2,7
C|3|4|1,8
C|3|3|0,9
C|3|-3|8,0
C|3|-2|7,1
C|3|-2|6,2
C|3|-4|5,3
C|3|1|4,4
C|3|-6|3,5
C|3|6|2,6
C|3|2|1,7
C|3|2|0,8
C|3|-1|7,0
C|3|4|6,1
C|3|1|5,2
C|3|-1|4,3
C|3|4|1,6
C|3|-3|0,7
C|3|-6|6,0
C|3|-2|5,1
C|3|-2|4,2
C|3|-3|3,3
C|3|3|2,4
C|3|-1|1,5
C|3|-6|0,6
C|3|-2|5,0
C|3|5|4,1
C|3|4|3,2
C|3|-4|2,3
C|3|-4|1,4
C|3|2|0,5
C|3|-2|4,0
C|3|-5|3,1
C|3|6|2,2
C|3|-4|1,3
C|3|4|0,4
C|3|-3|3,0
C|3|6|2,1
C|3|-2|1,2
C|3|3|2,0
C|3|5|1,1
C|3|-5|1,0
C|3|2|0,1
C|3|5|0,0
