DOMAIN_PASS 17 10
CASE 0 6 24137569 2 4 5 6 7 10 16
SURVIVOR 1 1 15 15 1 15
SURVIVOR 15 15 15 15 1 15
CASE 1 6 24137569 21 4 5 6 7 12 15
SURVIVOR 1 1 15 1 1 15
SURVIVOR 15 1 1 1 1 15
SURVIVOR 15 1 1 1 15 15
SURVIVOR 15 1 1 15 15 1
SURVIVOR 15 15 1 0 1 1
SURVIVOR 15 15 1 1 1 1
SURVIVOR 15 15 1 2 1 1
SURVIVOR 15 15 1 3 1 1
SURVIVOR 15 15 1 4 1 1
SURVIVOR 15 15 1 5 1 1
SURVIVOR 15 15 1 6 1 1
SURVIVOR 15 15 1 7 1 1
SURVIVOR 15 15 1 8 1 1
SURVIVOR 15 15 1 9 1 1
SURVIVOR 15 15 1 10 1 1
SURVIVOR 15 15 1 11 1 1
SURVIVOR 15 15 1 12 1 1
SURVIVOR 15 15 1 13 1 1
SURVIVOR 15 15 1 14 1 1
SURVIVOR 15 15 1 15 1 1
SURVIVOR 15 15 1 16 1 1
CASE 2 6 24137569 5 4 5 7 8 12 15
SURVIVOR 1 1 15 15 15 1
SURVIVOR 1 15 15 15 1 1
SURVIVOR 15 1 15 15 1 1
SURVIVOR 15 1 15 15 1 15
SURVIVOR 15 15 1 15 1 15
CASE 3 6 24137569 0 4 5 7 8 15 16
CASE 4 6 24137569 1 4 5 7 10 12 13
SURVIVOR 1 1 15 1 1 1
CASE 5 6 24137569 54 4 5 7 11 12 15
SURVIVOR 0 15 1 15 1 15
SURVIVOR 1 0 1 1 15 15
SURVIVOR 1 1 1 1 1 1
SURVIVOR 1 1 1 1 15 15
SURVIVOR 1 2 1 1 15 15
SURVIVOR 1 3 1 1 15 15
SURVIVOR 1 4 1 1 15 15
SURVIVOR 1 5 1 1 15 15
SURVIVOR 1 6 1 1 15 15
SURVIVOR 1 7 1 1 15 15
SURVIVOR 1 8 1 1 15 15
SURVIVOR 1 9 1 1 15 15
SURVIVOR 1 10 1 1 15 15
SURVIVOR 1 11 1 1 15 15
SURVIVOR 1 12 1 1 15 15
SURVIVOR 1 13 1 1 15 15
SURVIVOR 1 14 1 1 15 15
SURVIVOR 1 15 0 15 15 1
SURVIVOR 1 15 1 1 15 15
SURVIVOR 1 15 1 15 1 15
SURVIVOR 1 15 1 15 15 1
SURVIVOR 1 15 2 15 15 1
SURVIVOR 1 15 3 15 15 1
SURVIVOR 1 15 4 15 15 1
SURVIVOR 1 15 5 15 15 1
SURVIVOR 1 15 6 15 15 1
SURVIVOR 1 15 7 15 15 1
SURVIVOR 1 15 8 15 15 1
SURVIVOR 1 15 9 15 15 1
SURVIVOR 1 15 10 15 15 1
SURVIVOR 1 15 11 15 15 1
SURVIVOR 1 15 12 15 15 1
SURVIVOR 1 15 13 15 15 1
SURVIVOR 1 15 14 15 15 1
SURVIVOR 1 15 15 15 15 1
SURVIVOR 1 15 16 15 15 1
SURVIVOR 1 16 1 1 15 15
SURVIVOR 2 15 1 15 1 15
SURVIVOR 3 15 1 15 1 15
SURVIVOR 4 15 1 15 1 15
SURVIVOR 5 15 1 15 1 15
SURVIVOR 6 15 1 15 1 15
SURVIVOR 7 15 1 15 1 15
SURVIVOR 8 15 1 15 1 15
SURVIVOR 9 15 1 15 1 15
SURVIVOR 10 15 1 15 1 15
SURVIVOR 11 15 1 15 1 15
SURVIVOR 12 15 1 15 1 15
SURVIVOR 13 15 1 15 1 15
SURVIVOR 14 15 1 15 1 15
SURVIVOR 15 1 15 1 1 1
SURVIVOR 15 15 1 15 1 15
SURVIVOR 15 15 15 1 15 15
SURVIVOR 16 15 1 15 1 15
CASE 6 6 24137569 23 4 5 7 11 14 15
SURVIVOR 1 1 15 1 1 15
SURVIVOR 1 1 15 15 1 15
SURVIVOR 1 15 1 1 15 15
SURVIVOR 15 1 1 1 15 15
SURVIVOR 15 1 15 15 1 1
SURVIVOR 15 15 0 1 15 1
SURVIVOR 15 15 1 1 15 1
SURVIVOR 15 15 2 1 15 1
SURVIVOR 15 15 3 1 15 1
SURVIVOR 15 15 4 1 15 1
SURVIVOR 15 15 5 1 15 1
SURVIVOR 15 15 6 1 15 1
SURVIVOR 15 15 7 1 15 1
SURVIVOR 15 15 8 1 15 1
SURVIVOR 15 15 9 1 15 1
SURVIVOR 15 15 10 1 15 1
SURVIVOR 15 15 11 1 15 1
SURVIVOR 15 15 12 1 15 1
SURVIVOR 15 15 13 1 15 1
SURVIVOR 15 15 14 1 15 1
SURVIVOR 15 15 15 1 15 1
SURVIVOR 15 15 15 15 1 15
SURVIVOR 15 15 16 1 15 1
CASE 7 6 24137569 1 4 5 7 12 15 16
SURVIVOR 15 15 15 1 1 1
CASE 8 6 24137569 3 4 5 8 9 14 15
SURVIVOR 15 1 1 1 1 15
SURVIVOR 15 1 15 15 15 15
SURVIVOR 15 15 1 15 15 15
CASE 9 6 24137569 20 4 5 8 10 11 12
SURVIVOR 1 15 1 15 15 15
SURVIVOR 1 15 15 15 15 15
SURVIVOR 15 0 1 15 1 15
SURVIVOR 15 1 1 15 1 1
SURVIVOR 15 1 1 15 1 15
SURVIVOR 15 2 1 15 1 15
SURVIVOR 15 3 1 15 1 15
SURVIVOR 15 4 1 15 1 15
SURVIVOR 15 5 1 15 1 15
SURVIVOR 15 6 1 15 1 15
SURVIVOR 15 7 1 15 1 15
SURVIVOR 15 8 1 15 1 15
SURVIVOR 15 9 1 15 1 15
SURVIVOR 15 10 1 15 1 15
SURVIVOR 15 11 1 15 1 15
SURVIVOR 15 12 1 15 1 15
SURVIVOR 15 13 1 15 1 15
SURVIVOR 15 14 1 15 1 15
SURVIVOR 15 15 1 15 1 15
SURVIVOR 15 16 1 15 1 15
CASE 10 6 24137569 39 4 5 8 10 11 13
SURVIVOR 0 1 15 1 15 1
SURVIVOR 1 0 15 15 15 15
SURVIVOR 1 1 1 15 1 15
SURVIVOR 1 1 15 1 1 15
SURVIVOR 1 1 15 1 15 1
SURVIVOR 1 1 15 15 15 15
SURVIVOR 1 2 15 15 15 15
SURVIVOR 1 3 15 15 15 15
SURVIVOR 1 4 15 15 15 15
SURVIVOR 1 5 15 15 15 15
SURVIVOR 1 6 15 15 15 15
SURVIVOR 1 7 15 15 15 15
SURVIVOR 1 8 15 15 15 15
SURVIVOR 1 9 15 15 15 15
SURVIVOR 1 10 15 15 15 15
SURVIVOR 1 11 15 15 15 15
SURVIVOR 1 12 15 15 15 15
SURVIVOR 1 13 15 15 15 15
SURVIVOR 1 14 15 15 15 15
SURVIVOR 1 15 1 15 15 15
SURVIVOR 1 15 15 15 15 15
SURVIVOR 1 16 15 15 15 15
SURVIVOR 2 1 15 1 15 1
SURVIVOR 3 1 15 1 15 1
SURVIVOR 4 1 15 1 15 1
SURVIVOR 5 1 15 1 15 1
SURVIVOR 6 1 15 1 15 1
SURVIVOR 7 1 15 1 15 1
SURVIVOR 8 1 15 1 15 1
SURVIVOR 9 1 15 1 15 1
SURVIVOR 10 1 15 1 15 1
SURVIVOR 11 1 15 1 15 1
SURVIVOR 12 1 15 1 15 1
SURVIVOR 13 1 15 1 15 1
SURVIVOR 14 1 15 1 15 1
SURVIVOR 15 1 1 15 1 1
SURVIVOR 15 1 15 1 15 1
SURVIVOR 15 15 15 1 15 15
SURVIVOR 16 1 15 1 15 1
CASE 11 6 24137569 4 4 5 8 10 11 14
SURVIVOR 1 1 15 15 1 1
SURVIVOR 1 1 15 15 15 15
SURVIVOR 1 15 1 1 15 15
SURVIVOR 1 15 15 1 15 15
CASE 12 6 24137569 4 4 5 10 11 12 13
SURVIVOR 1 1 1 15 1 1
SURVIVOR 1 15 15 1 15 1
SURVIVOR 15 15 1 1 1 1
SURVIVOR 15 15 15 1 15 15
CASE 13 6 24137569 3 4 5 10 11 13 14
SURVIVOR 1 1 1 1 15 1
SURVIVOR 1 1 15 1 1 15
SURVIVOR 15 15 1 1 15 1
CASE 14 6 24137569 5 4 5 10 11 14 15
SURVIVOR 1 1 1 15 1 15
SURVIVOR 1 1 1 15 15 15
SURVIVOR 1 15 1 15 1 1
SURVIVOR 15 15 1 1 15 15
SURVIVOR 15 15 1 15 1 15
CASE 15 6 24137569 3 4 5 11 13 15 16
SURVIVOR 1 1 1 1 15 1
SURVIVOR 1 1 1 1 15 15
SURVIVOR 1 15 1 1 1 15
CASE 16 6 24137569 4 4 6 7 9 10 12
SURVIVOR 1 1 1 15 15 1
SURVIVOR 1 1 15 15 1 15
SURVIVOR 1 1 15 15 15 15
SURVIVOR 15 1 1 1 1 15
CASE 17 6 24137569 2 4 6 7 9 10 14
SURVIVOR 1 1 1 1 15 1
SURVIVOR 1 1 1 15 1 1
CASE 18 6 24137569 19 4 6 7 10 13 14
SURVIVOR 0 1 1 15 15 1
SURVIVOR 1 1 1 15 15 1
SURVIVOR 1 1 15 1 1 1
SURVIVOR 2 1 1 15 15 1
SURVIVOR 3 1 1 15 15 1
SURVIVOR 4 1 1 15 15 1
SURVIVOR 5 1 1 15 15 1
SURVIVOR 6 1 1 15 15 1
SURVIVOR 7 1 1 15 15 1
SURVIVOR 8 1 1 15 15 1
SURVIVOR 9 1 1 15 15 1
SURVIVOR 10 1 1 15 15 1
SURVIVOR 11 1 1 15 15 1
SURVIVOR 12 1 1 15 15 1
SURVIVOR 13 1 1 15 15 1
SURVIVOR 14 1 1 15 15 1
SURVIVOR 15 1 1 15 15 1
SURVIVOR 15 15 1 1 15 15
SURVIVOR 16 1 1 15 15 1
CASE 19 6 24137569 2 4 6 8 9 10 13
SURVIVOR 1 15 15 1 15 15
SURVIVOR 15 15 15 1 15 1
CASE 20 6 24137569 3 4 6 8 9 10 16
SURVIVOR 1 1 15 1 15 15
SURVIVOR 1 15 1 1 1 1
SURVIVOR 15 15 15 1 1 1
CASE 21 6 24137569 2 4 6 9 10 12 13
SURVIVOR 1 15 15 1 15 15
SURVIVOR 15 1 1 15 15 15
CASE 22 6 24137569 2 4 6 9 10 12 14
SURVIVOR 15 1 1 15 1 1
SURVIVOR 15 15 1 1 1 1
CASE 23 6 24137569 3 4 7 8 10 15 16
SURVIVOR 1 15 15 1 1 1
SURVIVOR 15 1 1 15 1 1
SURVIVOR 15 15 1 1 1 15
CASE 24 6 24137569 5 4 7 9 10 11 13
SURVIVOR 1 1 1 1 1 15
SURVIVOR 1 15 1 1 15 1
SURVIVOR 15 1 1 15 1 15
SURVIVOR 15 1 15 1 1 15
SURVIVOR 15 15 15 15 15 1
CASE 25 6 24137569 18 4 7 9 10 13 15
SURVIVOR 15 1 15 0 1 15
SURVIVOR 15 1 15 1 1 15
SURVIVOR 15 1 15 2 1 15
SURVIVOR 15 1 15 3 1 15
SURVIVOR 15 1 15 4 1 15
SURVIVOR 15 1 15 5 1 15
SURVIVOR 15 1 15 6 1 15
SURVIVOR 15 1 15 7 1 15
SURVIVOR 15 1 15 8 1 15
SURVIVOR 15 1 15 9 1 15
SURVIVOR 15 1 15 10 1 15
SURVIVOR 15 1 15 11 1 15
SURVIVOR 15 1 15 12 1 15
SURVIVOR 15 1 15 13 1 15
SURVIVOR 15 1 15 14 1 15
SURVIVOR 15 1 15 15 1 1
SURVIVOR 15 1 15 15 1 15
SURVIVOR 15 1 15 16 1 15
CASE 26 6 24137569 1 4 7 10 11 13 15
SURVIVOR 1 15 15 15 15 15
CASE 27 6 24137569 6 4 9 10 11 12 13
SURVIVOR 1 15 1 15 1 15
SURVIVOR 1 15 1 15 15 1
SURVIVOR 1 15 15 15 1 15
SURVIVOR 1 15 15 15 15 1
SURVIVOR 15 1 1 1 15 1
SURVIVOR 15 1 15 15 1 1
CASE 28 6 24137569 308 4 9 10 11 12 14
SURVIVOR 1 0 1 15 1 15
SURVIVOR 1 1 1 15 1 15
SURVIVOR 1 2 1 15 1 15
SURVIVOR 1 3 1 15 1 15
SURVIVOR 1 4 1 15 1 15
SURVIVOR 1 5 1 15 1 15
SURVIVOR 1 6 1 15 1 15
SURVIVOR 1 7 1 15 1 15
SURVIVOR 1 8 1 15 1 15
SURVIVOR 1 9 1 15 1 15
SURVIVOR 1 10 1 15 1 15
SURVIVOR 1 11 1 15 1 15
SURVIVOR 1 12 1 15 1 15
SURVIVOR 1 13 1 15 1 15
SURVIVOR 1 14 1 15 1 15
SURVIVOR 1 15 1 15 1 15
SURVIVOR 1 15 15 15 1 15
SURVIVOR 1 16 1 15 1 15
SURVIVOR 15 0 15 0 15 1
SURVIVOR 15 0 15 1 15 1
SURVIVOR 15 0 15 2 15 1
SURVIVOR 15 0 15 3 15 1
SURVIVOR 15 0 15 4 15 1
SURVIVOR 15 0 15 5 15 1
SURVIVOR 15 0 15 6 15 1
SURVIVOR 15 0 15 7 15 1
SURVIVOR 15 0 15 8 15 1
SURVIVOR 15 0 15 9 15 1
SURVIVOR 15 0 15 10 15 1
SURVIVOR 15 0 15 11 15 1
SURVIVOR 15 0 15 12 15 1
SURVIVOR 15 0 15 13 15 1
SURVIVOR 15 0 15 14 15 1
SURVIVOR 15 0 15 15 15 1
SURVIVOR 15 0 15 16 15 1
SURVIVOR 15 1 15 0 15 1
SURVIVOR 15 1 15 1 1 1
SURVIVOR 15 1 15 1 15 1
SURVIVOR 15 1 15 2 15 1
SURVIVOR 15 1 15 3 15 1
SURVIVOR 15 1 15 4 15 1
SURVIVOR 15 1 15 5 15 1
SURVIVOR 15 1 15 6 15 1
SURVIVOR 15 1 15 7 15 1
SURVIVOR 15 1 15 8 15 1
SURVIVOR 15 1 15 9 15 1
SURVIVOR 15 1 15 10 15 1
SURVIVOR 15 1 15 11 15 1
SURVIVOR 15 1 15 12 15 1
SURVIVOR 15 1 15 13 15 1
SURVIVOR 15 1 15 14 15 1
SURVIVOR 15 1 15 15 15 1
SURVIVOR 15 1 15 16 15 1
SURVIVOR 15 2 15 0 15 1
SURVIVOR 15 2 15 1 15 1
SURVIVOR 15 2 15 2 15 1
SURVIVOR 15 2 15 3 15 1
SURVIVOR 15 2 15 4 15 1
SURVIVOR 15 2 15 5 15 1
SURVIVOR 15 2 15 6 15 1
SURVIVOR 15 2 15 7 15 1
SURVIVOR 15 2 15 8 15 1
SURVIVOR 15 2 15 9 15 1
SURVIVOR 15 2 15 10 15 1
SURVIVOR 15 2 15 11 15 1
SURVIVOR 15 2 15 12 15 1
SURVIVOR 15 2 15 13 15 1
SURVIVOR 15 2 15 14 15 1
SURVIVOR 15 2 15 15 15 1
SURVIVOR 15 2 15 16 15 1
SURVIVOR 15 3 15 0 15 1
SURVIVOR 15 3 15 1 15 1
SURVIVOR 15 3 15 2 15 1
SURVIVOR 15 3 15 3 15 1
SURVIVOR 15 3 15 4 15 1
SURVIVOR 15 3 15 5 15 1
SURVIVOR 15 3 15 6 15 1
SURVIVOR 15 3 15 7 15 1
SURVIVOR 15 3 15 8 15 1
SURVIVOR 15 3 15 9 15 1
SURVIVOR 15 3 15 10 15 1
SURVIVOR 15 3 15 11 15 1
SURVIVOR 15 3 15 12 15 1
SURVIVOR 15 3 15 13 15 1
SURVIVOR 15 3 15 14 15 1
SURVIVOR 15 3 15 15 15 1
SURVIVOR 15 3 15 16 15 1
SURVIVOR 15 4 15 0 15 1
SURVIVOR 15 4 15 1 15 1
SURVIVOR 15 4 15 2 15 1
SURVIVOR 15 4 15 3 15 1
SURVIVOR 15 4 15 4 15 1
SURVIVOR 15 4 15 5 15 1
SURVIVOR 15 4 15 6 15 1
SURVIVOR 15 4 15 7 15 1
SURVIVOR 15 4 15 8 15 1
SURVIVOR 15 4 15 9 15 1
SURVIVOR 15 4 15 10 15 1
SURVIVOR 15 4 15 11 15 1
SURVIVOR 15 4 15 12 15 1
SURVIVOR 15 4 15 13 15 1
SURVIVOR 15 4 15 14 15 1
SURVIVOR 15 4 15 15 15 1
SURVIVOR 15 4 15 16 15 1
SURVIVOR 15 5 15 0 15 1
SURVIVOR 15 5 15 1 15 1
SURVIVOR 15 5 15 2 15 1
SURVIVOR 15 5 15 3 15 1
SURVIVOR 15 5 15 4 15 1
SURVIVOR 15 5 15 5 15 1
SURVIVOR 15 5 15 6 15 1
SURVIVOR 15 5 15 7 15 1
SURVIVOR 15 5 15 8 15 1
SURVIVOR 15 5 15 9 15 1
SURVIVOR 15 5 15 10 15 1
SURVIVOR 15 5 15 11 15 1
SURVIVOR 15 5 15 12 15 1
SURVIVOR 15 5 15 13 15 1
SURVIVOR 15 5 15 14 15 1
SURVIVOR 15 5 15 15 15 1
SURVIVOR 15 5 15 16 15 1
SURVIVOR 15 6 15 0 15 1
SURVIVOR 15 6 15 1 15 1
SURVIVOR 15 6 15 2 15 1
SURVIVOR 15 6 15 3 15 1
SURVIVOR 15 6 15 4 15 1
SURVIVOR 15 6 15 5 15 1
SURVIVOR 15 6 15 6 15 1
SURVIVOR 15 6 15 7 15 1
SURVIVOR 15 6 15 8 15 1
SURVIVOR 15 6 15 9 15 1
SURVIVOR 15 6 15 10 15 1
SURVIVOR 15 6 15 11 15 1
SURVIVOR 15 6 15 12 15 1
SURVIVOR 15 6 15 13 15 1
SURVIVOR 15 6 15 14 15 1
SURVIVOR 15 6 15 15 15 1
SURVIVOR 15 6 15 16 15 1
SURVIVOR 15 7 15 0 15 1
SURVIVOR 15 7 15 1 15 1
SURVIVOR 15 7 15 2 15 1
SURVIVOR 15 7 15 3 15 1
SURVIVOR 15 7 15 4 15 1
SURVIVOR 15 7 15 5 15 1
SURVIVOR 15 7 15 6 15 1
SURVIVOR 15 7 15 7 15 1
SURVIVOR 15 7 15 8 15 1
SURVIVOR 15 7 15 9 15 1
SURVIVOR 15 7 15 10 15 1
SURVIVOR 15 7 15 11 15 1
SURVIVOR 15 7 15 12 15 1
SURVIVOR 15 7 15 13 15 1
SURVIVOR 15 7 15 14 15 1
SURVIVOR 15 7 15 15 15 1
SURVIVOR 15 7 15 16 15 1
SURVIVOR 15 8 15 0 15 1
SURVIVOR 15 8 15 1 15 1
SURVIVOR 15 8 15 2 15 1
SURVIVOR 15 8 15 3 15 1
SURVIVOR 15 8 15 4 15 1
SURVIVOR 15 8 15 5 15 1
SURVIVOR 15 8 15 6 15 1
SURVIVOR 15 8 15 7 15 1
SURVIVOR 15 8 15 8 15 1
SURVIVOR 15 8 15 9 15 1
SURVIVOR 15 8 15 10 15 1
SURVIVOR 15 8 15 11 15 1
SURVIVOR 15 8 15 12 15 1
SURVIVOR 15 8 15 13 15 1
SURVIVOR 15 8 15 14 15 1
SURVIVOR 15 8 15 15 15 1
SURVIVOR 15 8 15 16 15 1
SURVIVOR 15 9 15 0 15 1
SURVIVOR 15 9 15 1 15 1
SURVIVOR 15 9 15 2 15 1
SURVIVOR 15 9 15 3 15 1
SURVIVOR 15 9 15 4 15 1
SURVIVOR 15 9 15 5 15 1
SURVIVOR 15 9 15 6 15 1
SURVIVOR 15 9 15 7 15 1
SURVIVOR 15 9 15 8 15 1
SURVIVOR 15 9 15 9 15 1
SURVIVOR 15 9 15 10 15 1
SURVIVOR 15 9 15 11 15 1
SURVIVOR 15 9 15 12 15 1
SURVIVOR 15 9 15 13 15 1
SURVIVOR 15 9 15 14 15 1
SURVIVOR 15 9 15 15 15 1
SURVIVOR 15 9 15 16 15 1
SURVIVOR 15 10 15 0 15 1
SURVIVOR 15 10 15 1 15 1
SURVIVOR 15 10 15 2 15 1
SURVIVOR 15 10 15 3 15 1
SURVIVOR 15 10 15 4 15 1
SURVIVOR 15 10 15 5 15 1
SURVIVOR 15 10 15 6 15 1
SURVIVOR 15 10 15 7 15 1
SURVIVOR 15 10 15 8 15 1
SURVIVOR 15 10 15 9 15 1
SURVIVOR 15 10 15 10 15 1
SURVIVOR 15 10 15 11 15 1
SURVIVOR 15 10 15 12 15 1
SURVIVOR 15 10 15 13 15 1
SURVIVOR 15 10 15 14 15 1
SURVIVOR 15 10 15 15 15 1
SURVIVOR 15 10 15 16 15 1
SURVIVOR 15 11 15 0 15 1
SURVIVOR 15 11 15 1 15 1
SURVIVOR 15 11 15 2 15 1
SURVIVOR 15 11 15 3 15 1
SURVIVOR 15 11 15 4 15 1
SURVIVOR 15 11 15 5 15 1
SURVIVOR 15 11 15 6 15 1
SURVIVOR 15 11 15 7 15 1
SURVIVOR 15 11 15 8 15 1
SURVIVOR 15 11 15 9 15 1
SURVIVOR 15 11 15 10 15 1
SURVIVOR 15 11 15 11 15 1
SURVIVOR 15 11 15 12 15 1
SURVIVOR 15 11 15 13 15 1
SURVIVOR 15 11 15 14 15 1
SURVIVOR 15 11 15 15 15 1
SURVIVOR 15 11 15 16 15 1
SURVIVOR 15 12 15 0 15 1
SURVIVOR 15 12 15 1 15 1
SURVIVOR 15 12 15 2 15 1
SURVIVOR 15 12 15 3 15 1
SURVIVOR 15 12 15 4 15 1
SURVIVOR 15 12 15 5 15 1
SURVIVOR 15 12 15 6 15 1
SURVIVOR 15 12 15 7 15 1
SURVIVOR 15 12 15 8 15 1
SURVIVOR 15 12 15 9 15 1
SURVIVOR 15 12 15 10 15 1
SURVIVOR 15 12 15 11 15 1
SURVIVOR 15 12 15 12 15 1
SURVIVOR 15 12 15 13 15 1
SURVIVOR 15 12 15 14 15 1
SURVIVOR 15 12 15 15 15 1
SURVIVOR 15 12 15 16 15 1
SURVIVOR 15 13 15 0 15 1
SURVIVOR 15 13 15 1 15 1
SURVIVOR 15 13 15 2 15 1
SURVIVOR 15 13 15 3 15 1
SURVIVOR 15 13 15 4 15 1
SURVIVOR 15 13 15 5 15 1
SURVIVOR 15 13 15 6 15 1
SURVIVOR 15 13 15 7 15 1
SURVIVOR 15 13 15 8 15 1
SURVIVOR 15 13 15 9 15 1
SURVIVOR 15 13 15 10 15 1
SURVIVOR 15 13 15 11 15 1
SURVIVOR 15 13 15 12 15 1
SURVIVOR 15 13 15 13 15 1
SURVIVOR 15 13 15 14 15 1
SURVIVOR 15 13 15 15 15 1
SURVIVOR 15 13 15 16 15 1
SURVIVOR 15 14 15 0 15 1
SURVIVOR 15 14 15 1 15 1
SURVIVOR 15 14 15 2 15 1
SURVIVOR 15 14 15 3 15 1
SURVIVOR 15 14 15 4 15 1
SURVIVOR 15 14 15 5 15 1
SURVIVOR 15 14 15 6 15 1
SURVIVOR 15 14 15 7 15 1
SURVIVOR 15 14 15 8 15 1
SURVIVOR 15 14 15 9 15 1
SURVIVOR 15 14 15 10 15 1
SURVIVOR 15 14 15 11 15 1
SURVIVOR 15 14 15 12 15 1
SURVIVOR 15 14 15 13 15 1
SURVIVOR 15 14 15 14 15 1
SURVIVOR 15 14 15 15 15 1
SURVIVOR 15 14 15 16 15 1
SURVIVOR 15 15 15 0 15 1
SURVIVOR 15 15 15 1 15 1
SURVIVOR 15 15 15 2 15 1
SURVIVOR 15 15 15 3 15 1
SURVIVOR 15 15 15 4 15 1
SURVIVOR 15 15 15 5 15 1
SURVIVOR 15 15 15 6 15 1
SURVIVOR 15 15 15 7 15 1
SURVIVOR 15 15 15 8 15 1
SURVIVOR 15 15 15 9 15 1
SURVIVOR 15 15 15 10 15 1
SURVIVOR 15 15 15 11 15 1
SURVIVOR 15 15 15 12 15 1
SURVIVOR 15 15 15 13 15 1
SURVIVOR 15 15 15 14 15 1
SURVIVOR 15 15 15 15 15 1
SURVIVOR 15 15 15 16 15 1
SURVIVOR 15 16 15 0 15 1
SURVIVOR 15 16 15 1 15 1
SURVIVOR 15 16 15 2 15 1
SURVIVOR 15 16 15 3 15 1
SURVIVOR 15 16 15 4 15 1
SURVIVOR 15 16 15 5 15 1
SURVIVOR 15 16 15 6 15 1
SURVIVOR 15 16 15 7 15 1
SURVIVOR 15 16 15 8 15 1
SURVIVOR 15 16 15 9 15 1
SURVIVOR 15 16 15 10 15 1
SURVIVOR 15 16 15 11 15 1
SURVIVOR 15 16 15 12 15 1
SURVIVOR 15 16 15 13 15 1
SURVIVOR 15 16 15 14 15 1
SURVIVOR 15 16 15 15 15 1
SURVIVOR 15 16 15 16 15 1
CASE 29 6 24137569 3 4 9 10 11 12 16
SURVIVOR 15 15 1 1 1 1
SURVIVOR 15 15 1 15 1 1
SURVIVOR 15 15 15 15 1 15
CASE 30 6 24137569 5 4 10 11 12 14 15
SURVIVOR 1 1 1 1 15 1
SURVIVOR 1 1 1 15 15 15
SURVIVOR 1 15 15 1 1 15
SURVIVOR 15 1 1 1 1 15
SURVIVOR 15 15 15 15 1 15
CASE 31 6 24137569 2 4 10 11 13 14 16
SURVIVOR 15 1 1 1 15 1
SURVIVOR 15 15 15 15 1 1
CASE 32 6 24137569 2 5 6 7 9 15 16
SURVIVOR 1 1 1 15 15 1
SURVIVOR 15 15 15 15 15 15
CASE 33 6 24137569 4 5 6 9 14 15 16
SURVIVOR 1 1 1 15 1 15
SURVIVOR 1 15 15 1 15 1
SURVIVOR 15 15 1 1 1 15
SURVIVOR 15 15 15 15 1 15
CASE 34 6 24137569 3 5 7 8 13 15 16
SURVIVOR 1 1 1 15 15 1
SURVIVOR 1 15 15 15 1 15
SURVIVOR 15 15 15 15 15 15
CASE 35 6 24137569 23 5 7 9 13 15 16
SURVIVOR 1 0 1 1 15 1
SURVIVOR 1 1 1 1 1 15
SURVIVOR 1 1 1 1 15 1
SURVIVOR 1 2 1 1 15 1
SURVIVOR 1 3 1 1 15 1
SURVIVOR 1 4 1 1 15 1
SURVIVOR 1 5 1 1 15 1
SURVIVOR 1 6 1 1 15 1
SURVIVOR 1 7 1 1 15 1
SURVIVOR 1 8 1 1 15 1
SURVIVOR 1 9 1 1 15 1
SURVIVOR 1 10 1 1 15 1
SURVIVOR 1 11 1 1 15 1
SURVIVOR 1 12 1 1 15 1
SURVIVOR 1 13 1 1 15 1
SURVIVOR 1 14 1 1 15 1
SURVIVOR 1 15 1 1 15 1
SURVIVOR 1 16 1 1 15 1
SURVIVOR 15 1 1 15 1 15
SURVIVOR 15 1 1 15 15 1
SURVIVOR 15 15 1 1 1 15
SURVIVOR 15 15 15 1 1 1
SURVIVOR 15 15 15 1 15 1
CASE 36 6 24137569 1 5 7 10 13 15 16
SURVIVOR 1 1 15 1 15 15
CASE 37 6 24137569 7 5 8 9 10 13 16
SURVIVOR 1 1 1 1 15 1
SURVIVOR 1 1 1 15 1 1
SURVIVOR 1 1 15 15 15 15
SURVIVOR 1 15 15 15 1 1
SURVIVOR 1 15 15 15 15 1
SURVIVOR 15 15 1 1 15 15
SURVIVOR 15 15 15 1 1 1
CASE 38 6 24137569 7 5 9 11 13 15 16
SURVIVOR 1 1 1 15 1 15
SURVIVOR 1 1 15 1 1 1
SURVIVOR 1 1 15 1 15 15
SURVIVOR 15 1 15 1 1 15
SURVIVOR 15 1 15 1 15 1
SURVIVOR 15 1 15 15 1 1
SURVIVOR 15 15 1 1 1 1
CASE 39 6 24137569 0 5 10 11 13 15 16
CASE 40 6 24137569 3 5 11 13 14 15 16
SURVIVOR 1 1 1 1 1 15
SURVIVOR 1 15 15 15 1 15
SURVIVOR 15 1 15 15 1 1
CASE 41 6 24137569 0 6 7 10 12 14 16
CASE 42 6 24137569 3 6 8 10 13 15 16
SURVIVOR 1 1 1 15 15 1
SURVIVOR 15 1 1 1 1 15
SURVIVOR 15 1 1 15 1 1
CASE 43 6 24137569 23 6 10 11 14 15 16
SURVIVOR 1 1 0 15 1 15
SURVIVOR 1 1 1 15 1 15
SURVIVOR 1 1 2 15 1 15
SURVIVOR 1 1 3 15 1 15
SURVIVOR 1 1 4 15 1 15
SURVIVOR 1 1 5 15 1 15
SURVIVOR 1 1 6 15 1 15
SURVIVOR 1 1 7 15 1 15
SURVIVOR 1 1 8 15 1 15
SURVIVOR 1 1 9 15 1 15
SURVIVOR 1 1 10 15 1 15
SURVIVOR 1 1 11 15 1 15
SURVIVOR 1 1 12 15 1 15
SURVIVOR 1 1 13 15 1 15
SURVIVOR 1 1 14 15 1 15
SURVIVOR 1 1 15 15 1 15
SURVIVOR 1 1 16 15 1 15
SURVIVOR 1 15 15 1 15 15
SURVIVOR 15 1 1 1 15 15
SURVIVOR 15 1 1 15 1 1
SURVIVOR 15 1 15 1 15 15
SURVIVOR 15 1 15 15 1 1
SURVIVOR 15 15 15 1 1 15
CASE 44 6 24137569 2 7 8 9 10 12 16
SURVIVOR 1 15 1 1 1 1
SURVIVOR 15 15 1 1 15 15
CASE 45 6 24137569 1 7 10 12 13 15 16
SURVIVOR 15 15 15 1 15 1
CASE 46 6 24137569 4 8 9 10 11 14 16
SURVIVOR 1 1 15 1 1 1
SURVIVOR 15 1 15 1 15 1
SURVIVOR 15 1 15 15 15 1
SURVIVOR 15 15 1 15 15 1
CASE 47 6 24137569 1 8 9 10 12 14 16
SURVIVOR 15 1 15 1 1 1
CASE 48 6 24137569 5 8 10 11 13 15 16
SURVIVOR 1 1 1 15 1 1
SURVIVOR 15 1 15 15 15 1
SURVIVOR 15 15 1 1 1 1
SURVIVOR 15 15 1 15 15 1
SURVIVOR 15 15 1 15 15 15
CASE 49 6 24137569 21 8 10 12 13 14 16
SURVIVOR 1 1 1 1 15 1
SURVIVOR 1 15 15 15 15 1
SURVIVOR 15 1 15 15 0 15
SURVIVOR 15 1 15 15 1 15
SURVIVOR 15 1 15 15 2 15
SURVIVOR 15 1 15 15 3 15
SURVIVOR 15 1 15 15 4 15
SURVIVOR 15 1 15 15 5 15
SURVIVOR 15 1 15 15 6 15
SURVIVOR 15 1 15 15 7 15
SURVIVOR 15 1 15 15 8 15
SURVIVOR 15 1 15 15 9 15
SURVIVOR 15 1 15 15 10 15
SURVIVOR 15 1 15 15 11 15
SURVIVOR 15 1 15 15 12 15
SURVIVOR 15 1 15 15 13 15
SURVIVOR 15 1 15 15 14 15
SURVIVOR 15 1 15 15 15 15
SURVIVOR 15 1 15 15 16 15
SURVIVOR 15 15 1 1 15 1
SURVIVOR 15 15 15 15 1 1
CASE 50 6 24137569 3 8 10 13 14 15 16
SURVIVOR 1 1 1 1 1 15
SURVIVOR 1 1 15 1 15 15
SURVIVOR 15 15 1 1 1 15
ALL_PASS
