DOMAIN_PASS 17 10
CASE 0 6 24137569 4 8 9 10 11 14 16
SURVIVOR 1 1 15 1 1 1
SURVIVOR 15 1 15 1 15 1
SURVIVOR 15 1 15 15 15 1
SURVIVOR 15 15 1 15 15 1
CASE 1 6 24137569 1 8 9 10 12 14 16
SURVIVOR 15 1 15 1 1 1
CASE 2 6 24137569 5 8 10 11 13 15 16
SURVIVOR 1 1 1 15 1 1
SURVIVOR 15 1 15 15 15 1
SURVIVOR 15 15 1 1 1 1
SURVIVOR 15 15 1 15 15 1
SURVIVOR 15 15 1 15 15 15
CASE 3 6 24137569 21 8 10 12 13 14 16
SURVIVOR 1 1 1 1 15 1
SURVIVOR 1 15 15 15 15 1
SURVIVOR 15 1 15 15 0 15
SURVIVOR 15 1 15 15 1 15
SURVIVOR 15 1 15 15 2 15
SURVIVOR 15 1 15 15 3 15
SURVIVOR 15 1 15 15 4 15
SURVIVOR 15 1 15 15 5 15
SURVIVOR 15 1 15 15 6 15
SURVIVOR 15 1 15 15 7 15
SURVIVOR 15 1 15 15 8 15
SURVIVOR 15 1 15 15 9 15
SURVIVOR 15 1 15 15 10 15
SURVIVOR 15 1 15 15 11 15
SURVIVOR 15 1 15 15 12 15
SURVIVOR 15 1 15 15 13 15
SURVIVOR 15 1 15 15 14 15
SURVIVOR 15 1 15 15 15 15
SURVIVOR 15 1 15 15 16 15
SURVIVOR 15 15 1 1 15 1
SURVIVOR 15 15 15 15 1 1
CASE 4 6 24137569 3 8 10 13 14 15 16
SURVIVOR 1 1 1 1 1 15
SURVIVOR 1 1 15 1 15 15
SURVIVOR 15 15 1 1 1 15
ALL_PASS
