{"active": [4, 5, 6, 7, 10, 16], "representative": [1, 1, 15, 15, 1, 15], "orbit": 1, "status": "EXCLUDED", "T": [204, 0, 0, 0, 0, 0, 0, 0, 0, 0]}
{"active": [4, 5, 6, 7, 10, 16], "representative": [15, 15, 15, 15, 1, 15], "orbit": 1, "status": "EXCLUDED", "T": [221, 0, 0, 0, 0, 0, 0, 0, 0, 0]}
{"active": [4, 5, 6, 7, 12, 15], "representative": [1, 1, 15, 1, 1, 15], "orbit": 1, "status": "EXCLUDED", "T": [51, 0, 0, 0, 0, 0, 0, 0, 0, 0]}
{"active": [4, 5, 6, 7, 12, 15], "representative": [15, 1, 1, 1, 1, 15], "orbit": 1, "status": "EXCLUDED", "T": [170, 0, 0, 0, 0, 0, 0, 0, 0, 0]}
{"active": [4, 5, 6, 7, 12, 15], "representative": [15, 1, 1, 1, 15, 15], "orbit": 1, "status": "EXCLUDED", "T": [34, 0, 0, 0, 0, 0, 0, 0, 0, 0]}
{"active": [4, 5, 6, 7, 12, 15], "representative": [15, 1, 1, 15, 15, 1], "orbit": 1, "status": "EXCLUDED", "T": [221, 0, 0, 0, 0, 0, 0, 0, 0, 0]}
{"active": [4, 5, 6, 7, 12, 15], "representative": [15, 15, 1, 0, 1, 1], "orbit": 10, "status": "EXCLUDED", "T": [17, 255, 153, 119, 17, 0, 0, 272, 0, 0]}
{"active": [4, 5, 6, 7, 12, 15], "representative": [15, 15, 1, 1, 1, 1], "orbit": 1, "status": "EXCLUDED", "T": [255, 0, 0, 0, 0, 0, 0, 0, 0, 0]}
{"active": [4, 5, 6, 7, 12, 15], "representative": [15, 15, 1, 7, 1, 1], "orbit": 5, "status": "EXCLUDED", "T": [136, 238, 221, 68, 153, 238, 68, 102, 238, 17]}
{"active": [4, 5, 6, 7, 12, 15], "representative": [15, 15, 1, 15, 1, 1], "orbit": 1, "status": "EXCLUDED", "T": [170, 0, 0, 0, 0, 0, 0, 0, 0, 0]}
{"active": [4, 5, 7, 8, 12, 15], "representative": [1, 1, 15, 15, 15, 1], "orbit": 1, "status": "EXCLUDED", "T": [255, 0, 0, 0, 0, 0, 0, 0, 0, 0]}
{"active": [4, 5, 7, 8, 12, 15], "representative": [1, 15, 15, 15, 1, 1], "orbit": 1, "status": "EXCLUDED", "T": [1445, 0, 0, 0, 0, 0, 0, 0, 0, 0]}
{"active": [4, 5, 7, 8, 12, 15], "representative": [15, 1, 15, 15, 1, 1], "orbit": 1, "status": "EXCLUDED", "T": [204, 0, 0, 0, 0, 0, 0, 0, 0, 0]}
{"active": [4, 5, 7, 8, 12, 15], "representative": [15, 1, 15, 15, 1, 15], "orbit": 1, "status": "EXCLUDED", "T": [68, 0, 0, 0, 0, 0, 0, 0, 0, 0]}
{"active": [4, 5, 7, 8, 12, 15], "representative": [15, 15, 1, 15, 1, 15], "orbit": 1, "status": "EXCLUDED", "T": [119, 0, 0, 0, 0, 0, 0, 0, 0, 0]}
{"active": [4, 5, 7, 10, 12, 13], "representative": [1, 1, 15, 1, 1, 1], "orbit": 1, "status": "EXCLUDED", "T": [119, 0, 0, 0, 0, 0, 0, 0, 0, 0]}
{"active": [4, 5, 7, 11, 12, 15], "representative": [0, 15, 1, 15, 1, 15], "orbit": 10, "status": "EXCLUDED", "T": [34, 187, 170, 0, 170, 204, 0, 0, 119, 0]}
{"active": [4, 5, 7, 11, 12, 15], "representative": [1, 0, 1, 1, 15, 15], "orbit": 10, "status": "EXCLUDED", "T": [0, 272, 136, 51, 204, 102, 102, 204, 221, 272]}
{"active": [4, 5, 7, 11, 12, 15], "representative": [1, 1, 1, 1, 1, 1], "orbit": 1, "status": "EXCLUDED", "T": [238, 0, 0, 0, 0, 0, 0, 0, 0, 0]}
{"active": [4, 5, 7, 11, 12, 15], "representative": [1, 1, 1, 1, 15, 15], "orbit": 1, "status": "EXCLUDED", "T": [153, 0, 0, 0, 0, 0, 0, 0, 0, 0]}
{"active": [4, 5, 7, 11, 12, 15], "representative": [1, 7, 1, 1, 15, 15], "orbit": 5, "status": "EXCLUDED", "T": [221, 221, 136, 238, 68, 17, 204, 170, 119, 255]}
{"active": [4, 5, 7, 11, 12, 15], "representative": [1, 15, 0, 15, 15, 1], "orbit": 10, "status": "EXCLUDED", "T": [272, 0, 0, 204, 221, 0, 0, 68, 0, 0]}
{"active": [4, 5, 7, 11, 12, 15], "representative": [1, 15, 1, 1, 15, 15], "orbit": 1, "status": "EXCLUDED", "T": [255, 0, 0, 0, 0, 0, 0, 0, 0, 0]}
{"active": [4, 5, 7, 11, 12, 15], "representative": [1, 15, 1, 15, 1, 15], "orbit": 1, "status": "EXCLUDED", "T": [17, 0, 0, 0, 0, 0, 0, 0, 0, 0]}
{"active": [4, 5, 7, 11, 12, 15], "representative": [1, 15, 1, 15, 15, 1], "orbit": 1, "status": "EXCLUDED", "T": [187, 0, 0, 0, 0, 0, 0, 0, 0, 0]}
{"active": [4, 5, 7, 11, 12, 15], "representative": [1, 15, 7, 15, 15, 1], "orbit": 5, "status": "EXCLUDED", "T": [272, 255, 221, 85, 136, 51, 255, 170, 170, 34]}
{"active": [4, 5, 7, 11, 12, 15], "representative": [1, 15, 15, 15, 15, 1], "orbit": 1, "status": "EXCLUDED", "T": [119, 0, 0, 0, 0, 0, 0, 0, 0, 0]}
{"active": [4, 5, 7, 11, 12, 15], "representative": [7, 15, 1, 15, 1, 15], "orbit": 5, "status": "EXCLUDED", "T": [153, 85, 170, 0, 119, 170, 0, 68, 34, 153]}
{"active": [4, 5, 7, 11, 12, 15], "representative": [15, 1, 15, 1, 1, 1], "orbit": 1, "status": "EXCLUDED", "T": [85, 0, 0, 0, 0, 0, 0, 0, 0, 0]}
{"active": [4, 5, 7, 11, 12, 15], "representative": [15, 15, 1, 15, 1, 15], "orbit": 1, "status": "EXCLUDED", "T": [119, 0, 0, 0, 0, 0, 0, 0, 0, 0]}
{"active": [4, 5, 7, 11, 12, 15], "representative": [15, 15, 15, 1, 15, 15], "orbit": 1, "status": "EXCLUDED", "T": [34, 0, 0, 0, 0, 0, 0, 0, 0, 0]}
{"active": [4, 5, 7, 11, 14, 15], "representative": [1, 1, 15, 1, 1, 15], "orbit": 1, "status": "EXCLUDED", "T": [102, 0, 0, 0, 0, 0, 0, 0, 0, 0]}
{"active": [4, 5, 7, 11, 14, 15], "representative": [1, 1, 15, 15, 1, 15], "orbit": 1, "status": "EXCLUDED", "T": [170, 0, 0, 0, 0, 0, 0, 0, 0, 0]}
{"active": [4, 5, 7, 11, 14, 15], "representative": [1, 15, 1, 1, 15, 15], "orbit": 1, "status": "EXCLUDED", "T": [221, 0, 0, 0, 0, 0, 0, 0, 0, 0]}
{"active": [4, 5, 7, 11, 14, 15], "representative": [15, 1, 1, 1, 15, 15], "orbit": 1, "status": "EXCLUDED", "T": [153, 0, 0, 0, 0, 0, 0, 0, 0, 0]}
{"active": [4, 5, 7, 11, 14, 15], "representative": [15, 1, 15, 15, 1, 1], "orbit": 1, "status": "EXCLUDED", "T": [34, 0, 0, 0, 0, 0, 0, 0, 0, 0]}
{"active": [4, 5, 7, 11, 14, 15], "representative": [15, 15, 0, 1, 15, 1], "orbit": 10, "status": "EXCLUDED", "T": [187, 119, 153, 238, 187, 34, 102, 51, 85, 238]}
{"active": [4, 5, 7, 11, 14, 15], "representative": [15, 15, 1, 1, 15, 1], "orbit": 1, "status": "EXCLUDED", "T": [255, 0, 0, 0, 0, 0, 0, 0, 0, 0]}
{"active": [4, 5, 7, 11, 14, 15], "representative": [15, 15, 7, 1, 15, 1], "orbit": 5, "status": "EXCLUDED", "T": [68, 34, 238, 34, 85, 221, 136, 170, 170, 51]}
{"active": [4, 5, 7, 11, 14, 15], "representative": [15, 15, 15, 1, 15, 1], "orbit": 1, "status": "EXCLUDED", "T": [17, 0, 0, 0, 0, 0, 0, 0, 0, 0]}
{"active": [4, 5, 7, 11, 14, 15], "representative": [15, 15, 15, 15, 1, 15], "orbit": 1, "status": "EXCLUDED", "T": [170, 0, 0, 0, 0, 0, 0, 0, 0, 0]}
{"active": [4, 5, 7, 12, 15, 16], "representative": [15, 15, 15, 1, 1, 1], "orbit": 1, "status": "EXCLUDED", "T": [272, 0, 0, 0, 0, 0, 0, 0, 0, 0]}
{"active": [4, 5, 8, 9, 14, 15], "representative": [15, 1, 1, 1, 1, 15], "orbit": 1, "status": "EXCLUDED", "T": [170, 0, 0, 0, 0, 0, 0, 0, 0, 0]}
{"active": [4, 5, 8, 9, 14, 15], "representative": [15, 1, 15, 15, 15, 15], "orbit": 1, "status": "EXCLUDED", "T": [2023, 0, 0, 0, 0, 0, 0, 0, 0, 0]}
{"active": [4, 5, 8, 9, 14, 15], "representative": [15, 15, 1, 15, 15, 15], "orbit": 1, "status": "EXCLUDED", "T": [136, 0, 0, 0, 0, 0, 0, 0, 0, 0]}
{"active": [4, 5, 8, 10, 11, 12], "representative": [1, 15, 1, 15, 15, 15], "orbit": 1, "status": "EXCLUDED", "T": [187, 0, 0, 0, 0, 0, 0, 0, 0, 0]}
{"active": [4, 5, 8, 10, 11, 12], "representative": [1, 15, 15, 15, 15, 15], "orbit": 1, "status": "EXCLUDED", "T": [153, 0, 0, 0, 0, 0, 0, 0, 0, 0]}
{"active": [4, 5, 8, 10, 11, 12], "representative": [15, 0, 1, 15, 1, 15], "orbit": 10, "status": "EXCLUDED", "T": [68, 0, 187, 51, 272, 153, 51, 272, 102, 170]}
{"active": [4, 5, 8, 10, 11, 12], "representative": [15, 1, 1, 15, 1, 1], "orbit": 1, "status": "EXCLUDED", "T": [153, 0, 0, 0, 0, 0, 0, 0, 0, 0]}
{"active": [4, 5, 8, 10, 11, 12], "representative": [15, 1, 1, 15, 1, 15], "orbit": 1, "status": "EXCLUDED", "T": [119, 0, 0, 0, 0, 0, 0, 0, 0, 0]}
{"active": [4, 5, 8, 10, 11, 12], "representative": [15, 7, 1, 15, 1, 15], "orbit": 5, "status": "EXCLUDED", "T": [221, 85, 255, 102, 17, 153, 102, 221, 255, 68]}
{"active": [4, 5, 8, 10, 11, 12], "representative": [15, 15, 1, 15, 1, 15], "orbit": 1, "status": "EXCLUDED", "T": [221, 0, 0, 0, 0, 0, 0, 0, 0, 0]}
{"active": [4, 5, 8, 10, 11, 13], "representative": [0, 1, 15, 1, 15, 1], "orbit": 10, "status": "EXCLUDED", "T": [17, 119, 85, 0, 187, 102, 0, 0, 204, 0]}
{"active": [4, 5, 8, 10, 11, 13], "representative": [1, 0, 15, 15, 15, 15], "orbit": 10, "status": "EXCLUDED", "T": [68, 102, 0, 238, 85, 0, 187, 85, 68, 17]}
{"active": [4, 5, 8, 10, 11, 13], "representative": [1, 1, 1, 15, 1, 15], "orbit": 1, "status": "EXCLUDED", "T": [255, 0, 0, 0, 0, 0, 0, 0, 0, 0]}
{"active": [4, 5, 8, 10, 11, 13], "representative": [1, 1, 15, 1, 1, 15], "orbit": 1, "status": "EXCLUDED", "T": [255, 0, 0, 0, 0, 0, 0, 0, 0, 0]}
{"active": [4, 5, 8, 10, 11, 13], "representative": [1, 1, 15, 1, 15, 1], "orbit": 1, "status": "EXCLUDED", "T": [136, 0, 0, 0, 0, 0, 0, 0, 0, 0]}
{"active": [4, 5, 8, 10, 11, 13], "representative": [1, 1, 15, 15, 15, 15], "orbit": 1, "status": "EXCLUDED", "T": [238, 0, 0, 0, 0, 0, 0, 0, 0, 0]}
{"active": [4, 5, 8, 10, 11, 13], "representative": [1, 7, 15, 15, 15, 15], "orbit": 5, "status": "EXCLUDED", "T": [170, 221, 255, 68, 85, 187, 187, 255, 0, 0]}
{"active": [4, 5, 8, 10, 11, 13], "representative": [1, 15, 1, 15, 15, 15], "orbit": 1, "status": "EXCLUDED", "T": [85, 0, 0, 0, 0, 0, 0, 0, 0, 0]}
{"active": [4, 5, 8, 10, 11, 13], "representative": [1, 15, 15, 15, 15, 15], "orbit": 1, "status": "EXCLUDED", "T": [102, 0, 0, 0, 0, 0, 0, 0, 0, 0]}
{"active": [4, 5, 8, 10, 11, 13], "representative": [7, 1, 15, 1, 15, 1], "orbit": 5, "status": "EXCLUDED", "T": [238, 85, 221, 34, 0, 221, 204, 136, 68, 85]}
{"active": [4, 5, 8, 10, 11, 13], "representative": [15, 1, 1, 15, 1, 1], "orbit": 1, "status": "EXCLUDED", "T": [51, 0, 0, 0, 0, 0, 0, 0, 0, 0]}
{"active": [4, 5, 8, 10, 11, 13], "representative": [15, 1, 15, 1, 15, 1], "orbit": 1, "status": "EXCLUDED", "T": [51, 0, 0, 0, 0, 0, 0, 0, 0, 0]}
{"active": [4, 5, 8, 10, 11, 13], "representative": [15, 15, 15, 1, 15, 15], "orbit": 1, "status": "EXCLUDED", "T": [68, 0, 0, 0, 0, 0, 0, 0, 0, 0]}
{"active": [4, 5, 8, 10, 11, 14], "representative": [1, 1, 15, 15, 1, 1], "orbit": 1, "status": "EXCLUDED", "T": [51, 0, 0, 0, 0, 0, 0, 0, 0, 0]}
{"active": [4, 5, 8, 10, 11, 14], "representative": [1, 1, 15, 15, 15, 15], "orbit": 1, "status": "EXCLUDED", "T": [153, 0, 0, 0, 0, 0, 0, 0, 0, 0]}
{"active": [4, 5, 8, 10, 11, 14], "representative": [1, 15, 1, 1, 15, 15], "orbit": 1, "status": "EXCLUDED", "T": [119, 0, 0, 0, 0, 0, 0, 0, 0, 0]}
{"active": [4, 5, 8, 10, 11, 14], "representative": [1, 15, 15, 1, 15, 15], "orbit": 1, "status": "EXCLUDED", "T": [170, 0, 0, 0, 0, 0, 0, 0, 0, 0]}
{"active": [4, 5, 10, 11, 12, 13], "representative": [1, 1, 1, 15, 1, 1], "orbit": 1, "status": "EXCLUDED", "T": [17, 0, 0, 0, 0, 0, 0, 0, 0, 0]}
{"active": [4, 5, 10, 11, 12, 13], "representative": [1, 15, 15, 1, 15, 1], "orbit": 1, "status": "EXCLUDED", "T": [221, 0, 0, 0, 0, 0, 0, 0, 0, 0]}
{"active": [4, 5, 10, 11, 12, 13], "representative": [15, 15, 1, 1, 1, 1], "orbit": 1, "status": "EXCLUDED", "T": [51, 0, 0, 0, 0, 0, 0, 0, 0, 0]}
{"active": [4, 5, 10, 11, 12, 13], "representative": [15, 15, 15, 1, 15, 15], "orbit": 1, "status": "EXCLUDED", "T": [34, 0, 0, 0, 0, 0, 0, 0, 0, 0]}
{"active": [4, 5, 10, 11, 13, 14], "representative": [1, 1, 1, 1, 15, 1], "orbit": 1, "status": "EXCLUDED", "T": [238, 0, 0, 0, 0, 0, 0, 0, 0, 0]}
{"active": [4, 5, 10, 11, 13, 14], "representative": [1, 1, 15, 1, 1, 15], "orbit": 1, "status": "EXCLUDED", "T": [204, 0, 0, 0, 0, 0, 0, 0, 0, 0]}
{"active": [4, 5, 10, 11, 13, 14], "representative": [15, 15, 1, 1, 15, 1], "orbit": 1, "status": "EXCLUDED", "T": [255, 0, 0, 0, 0, 0, 0, 0, 0, 0]}
{"active": [4, 5, 10, 11, 14, 15], "representative": [1, 1, 1, 15, 1, 15], "orbit": 1, "status": "EXCLUDED", "T": [17, 0, 0, 0, 0, 0, 0, 0, 0, 0]}
{"active": [4, 5, 10, 11, 14, 15], "representative": [1, 1, 1, 15, 15, 15], "orbit": 1, "status": "EXCLUDED", "T": [153, 0, 0, 0, 0, 0, 0, 0, 0, 0]}
{"active": [4, 5, 10, 11, 14, 15], "representative": [1, 15, 1, 15, 1, 1], "orbit": 1, "status": "EXCLUDED", "T": [204, 0, 0, 0, 0, 0, 0, 0, 0, 0]}
{"active": [4, 5, 10, 11, 14, 15], "representative": [15, 15, 1, 1, 15, 15], "orbit": 1, "status": "EXCLUDED", "T": [34, 0, 0, 0, 0, 0, 0, 0, 0, 0]}
{"active": [4, 5, 10, 11, 14, 15], "representative": [15, 15, 1, 15, 1, 15], "orbit": 1, "status": "EXCLUDED", "T": [34, 0, 0, 0, 0, 0, 0, 0, 0, 0]}
{"active": [4, 5, 11, 13, 15, 16], "representative": [1, 1, 1, 1, 15, 1], "orbit": 1, "status": "EXCLUDED", "T": [187, 0, 0, 0, 0, 0, 0, 0, 0, 0]}
{"active": [4, 5, 11, 13, 15, 16], "representative": [1, 1, 1, 1, 15, 15], "orbit": 1, "status": "EXCLUDED", "T": [136, 0, 0, 0, 0, 0, 0, 0, 0, 0]}
{"active": [4, 5, 11, 13, 15, 16], "representative": [1, 15, 1, 1, 1, 15], "orbit": 1, "status": "EXCLUDED", "T": [153, 0, 0, 0, 0, 0, 0, 0, 0, 0]}
{"active": [4, 6, 7, 9, 10, 12], "representative": [1, 1, 1, 15, 15, 1], "orbit": 1, "status": "EXCLUDED", "T": [255, 0, 0, 0, 0, 0, 0, 0, 0, 0]}
{"active": [4, 6, 7, 9, 10, 12], "representative": [1, 1, 15, 15, 1, 15], "orbit": 1, "status": "EXCLUDED", "T": [204, 0, 0, 0, 0, 0, 0, 0, 0, 0]}
{"active": [4, 6, 7, 9, 10, 12], "representative": [1, 1, 15, 15, 15, 15], "orbit": 1, "status": "EXCLUDED", "T": [102, 0, 0, 0, 0, 0, 0, 0, 0, 0]}
{"active": [4, 6, 7, 9, 10, 12], "representative": [15, 1, 1, 1, 1, 15], "orbit": 1, "status": "EXCLUDED", "T": [85, 0, 0, 0, 0, 0, 0, 0, 0, 0]}
{"active": [4, 6, 7, 9, 10, 14], "representative": [1, 1, 1, 1, 15, 1], "orbit": 1, "status": "EXCLUDED", "T": [153, 0, 0, 0, 0, 0, 0, 0, 0, 0]}
{"active": [4, 6, 7, 9, 10, 14], "representative": [1, 1, 1, 15, 1, 1], "orbit": 1, "status": "EXCLUDED", "T": [17, 0, 0, 0, 0, 0, 0, 0, 0, 0]}
{"active": [4, 6, 7, 10, 13, 14], "representative": [0, 1, 1, 15, 15, 1], "orbit": 10, "status": "EXCLUDED", "T": [187, 238, 0, 0, 85, 0, 0, 0, 0, 0]}
{"active": [4, 6, 7, 10, 13, 14], "representative": [1, 1, 1, 15, 15, 1], "orbit": 1, "status": "EXCLUDED", "T": [221, 0, 0, 0, 0, 0, 0, 0, 0, 0]}
{"active": [4, 6, 7, 10, 13, 14], "representative": [1, 1, 15, 1, 1, 1], "orbit": 1, "status": "EXCLUDED", "T": [170, 0, 0, 0, 0, 0, 0, 0, 0, 0]}
{"active": [4, 6, 7, 10, 13, 14], "representative": [7, 1, 1, 15, 15, 1], "orbit": 5, "status": "EXCLUDED", "T": [153, 204, 17, 221, 119, 17, 170, 85, 187, 272]}
{"active": [4, 6, 7, 10, 13, 14], "representative": [15, 1, 1, 15, 15, 1], "orbit": 1, "status": "EXCLUDED", "T": [204, 0, 0, 0, 0, 0, 0, 0, 0, 0]}
{"active": [4, 6, 7, 10, 13, 14], "representative": [15, 15, 1, 1, 15, 15], "orbit": 1, "status": "EXCLUDED", "T": [170, 0, 0, 0, 0, 0, 0, 0, 0, 0]}
{"active": [4, 6, 8, 9, 10, 13], "representative": [1, 15, 15, 1, 15, 15], "orbit": 1, "status": "EXCLUDED", "T": [187, 0, 0, 0, 0, 0, 0, 0, 0, 0]}
{"active": [4, 6, 8, 9, 10, 13], "representative": [15, 15, 15, 1, 15, 1], "orbit": 1, "status": "EXCLUDED", "T": [136, 0, 0, 0, 0, 0, 0, 0, 0, 0]}
{"active": [4, 6, 8, 9, 10, 16], "representative": [1, 1, 15, 1, 15, 15], "orbit": 1, "status": "EXCLUDED", "T": [68, 0, 0, 0, 0, 0, 0, 0, 0, 0]}
{"active": [4, 6, 8, 9, 10, 16], "representative": [1, 15, 1, 1, 1, 1], "orbit": 1, "status": "EXCLUDED", "T": [51, 0, 0, 0, 0, 0, 0, 0, 0, 0]}
{"active": [4, 6, 8, 9, 10, 16], "representative": [15, 15, 15, 1, 1, 1], "orbit": 1, "status": "EXCLUDED", "T": [204, 0, 0, 0, 0, 0, 0, 0, 0, 0]}
{"active": [4, 6, 9, 10, 12, 13], "representative": [1, 15, 15, 1, 15, 15], "orbit": 1, "status": "EXCLUDED", "T": [102, 0, 0, 0, 0, 0, 0, 0, 0, 0]}
{"active": [4, 6, 9, 10, 12, 13], "representative": [15, 1, 1, 15, 15, 15], "orbit": 1, "status": "EXCLUDED", "T": [153, 0, 0, 0, 0, 0, 0, 0, 0, 0]}
{"active": [4, 6, 9, 10, 12, 14], "representative": [15, 1, 1, 15, 1, 1], "orbit": 1, "status": "EXCLUDED", "T": [17, 0, 0, 0, 0, 0, 0, 0, 0, 0]}
{"active": [4, 6, 9, 10, 12, 14], "representative": [15, 15, 1, 1, 1, 1], "orbit": 1, "status": "EXCLUDED", "T": [221, 0, 0, 0, 0, 0, 0, 0, 0, 0]}
{"active": [4, 7, 8, 10, 15, 16], "representative": [1, 15, 15, 1, 1, 1], "orbit": 1, "status": "EXCLUDED", "T": [153, 0, 0, 0, 0, 0, 0, 0, 0, 0]}
{"active": [4, 7, 8, 10, 15, 16], "representative": [15, 1, 1, 15, 1, 1], "orbit": 1, "status": "EXCLUDED", "T": [34, 0, 0, 0, 0, 0, 0, 0, 0, 0]}
{"active": [4, 7, 8, 10, 15, 16], "representative": [15, 15, 1, 1, 1, 15], "orbit": 1, "status": "EXCLUDED", "T": [221, 0, 0, 0, 0, 0, 0, 0, 0, 0]}
{"active": [4, 7, 9, 10, 11, 13], "representative": [1, 1, 1, 1, 1, 15], "orbit": 1, "status": "EXCLUDED", "T": [204, 0, 0, 0, 0, 0, 0, 0, 0, 0]}
{"active": [4, 7, 9, 10, 11, 13], "representative": [1, 15, 1, 1, 15, 1], "orbit": 1, "status": "EXCLUDED", "T": [204, 0, 0, 0, 0, 0, 0, 0, 0, 0]}
{"active": [4, 7, 9, 10, 11, 13], "representative": [15, 1, 1, 15, 1, 15], "orbit": 1, "status": "EXCLUDED", "T": [272, 0, 0, 0, 0, 0, 0, 0, 0, 0]}
{"active": [4, 7, 9, 10, 11, 13], "representative": [15, 1, 15, 1, 1, 15], "orbit": 1, "status": "EXCLUDED", "T": [102, 0, 0, 0, 0, 0, 0, 0, 0, 0]}
{"active": [4, 7, 9, 10, 11, 13], "representative": [15, 15, 15, 15, 15, 1], "orbit": 1, "status": "EXCLUDED", "T": [204, 0, 0, 0, 0, 0, 0, 0, 0, 0]}
{"active": [4, 7, 9, 10, 13, 15], "representative": [15, 1, 15, 0, 1, 15], "orbit": 10, "status": "EXCLUDED", "T": [272, 221, 0, 170, 170, 255, 170, 68, 102, 272]}
{"active": [4, 7, 9, 10, 13, 15], "representative": [15, 1, 15, 1, 1, 15], "orbit": 1, "status": "EXCLUDED", "T": [204, 0, 0, 0, 0, 0, 0, 0, 0, 0]}
{"active": [4, 7, 9, 10, 13, 15], "representative": [15, 1, 15, 7, 1, 15], "orbit": 5, "status": "EXCLUDED", "T": [187, 34, 272, 238, 0, 68, 255, 85, 0, 204]}
{"active": [4, 7, 9, 10, 13, 15], "representative": [15, 1, 15, 15, 1, 1], "orbit": 1, "status": "EXCLUDED", "T": [3757, 0, 0, 0, 0, 0, 0, 0, 0, 0]}
{"active": [4, 7, 9, 10, 13, 15], "representative": [15, 1, 15, 15, 1, 15], "orbit": 1, "status": "EXCLUDED", "T": [68, 0, 0, 0, 0, 0, 0, 0, 0, 0]}
{"active": [4, 7, 10, 11, 13, 15], "representative": [1, 15, 15, 15, 15, 15], "orbit": 1, "status": "EXCLUDED", "T": [204, 0, 0, 0, 0, 0, 0, 0, 0, 0]}
{"active": [4, 9, 10, 11, 12, 13], "representative": [1, 15, 1, 15, 1, 15], "orbit": 1, "status": "EXCLUDED", "T": [17, 0, 0, 0, 0, 0, 0, 0, 0, 0]}
{"active": [4, 9, 10, 11, 12, 13], "representative": [1, 15, 1, 15, 15, 1], "orbit": 1, "status": "EXCLUDED", "T": [204, 0, 0, 0, 0, 0, 0, 0, 0, 0]}
{"active": [4, 9, 10, 11, 12, 13], "representative": [1, 15, 15, 15, 1, 15], "orbit": 1, "status": "EXCLUDED", "T": [204, 0, 0, 0, 0, 0, 0, 0, 0, 0]}
{"active": [4, 9, 10, 11, 12, 13], "representative": [1, 15, 15, 15, 15, 1], "orbit": 1, "status": "EXCLUDED", "T": [238, 0, 0, 0, 0, 0, 0, 0, 0, 0]}
{"active": [4, 9, 10, 11, 12, 13], "representative": [15, 1, 1, 1, 15, 1], "orbit": 1, "status": "EXCLUDED", "T": [170, 0, 0, 0, 0, 0, 0, 0, 0, 0]}
{"active": [4, 9, 10, 11, 12, 13], "representative": [15, 1, 15, 15, 1, 1], "orbit": 1, "status": "EXCLUDED", "T": [85, 0, 0, 0, 0, 0, 0, 0, 0, 0]}
{"active": [4, 9, 10, 11, 12, 14], "representative": [1, 0, 1, 15, 1, 15], "orbit": 10, "status": "EXCLUDED", "T": [136, 272, 170, 102, 136, 68, 102, 272, 221, 102]}
{"active": [4, 9, 10, 11, 12, 14], "representative": [1, 1, 1, 15, 1, 15], "orbit": 1, "status": "EXCLUDED", "T": [153, 0, 0, 0, 0, 0, 0, 0, 0, 0]}
{"active": [4, 9, 10, 11, 12, 14], "representative": [1, 7, 1, 15, 1, 15], "orbit": 5, "status": "EXCLUDED", "T": [187, 17, 102, 51, 255, 187, 0, 102, 153, 85]}
{"active": [4, 9, 10, 11, 12, 14], "representative": [1, 15, 1, 15, 1, 15], "orbit": 1, "status": "EXCLUDED", "T": [17, 0, 0, 0, 0, 0, 0, 0, 0, 0]}
{"active": [4, 9, 10, 11, 12, 14], "representative": [1, 15, 15, 15, 1, 15], "orbit": 1, "status": "EXCLUDED", "T": [34, 0, 0, 0, 0, 0, 0, 0, 0, 0]}
{"active": [4, 9, 10, 11, 12, 14], "representative": [15, 0, 15, 0, 15, 1], "orbit": 10, "status": "EXCLUDED", "T": [17, 119, 238, 68, 102, 272, 153, 17, 153, 17]}
{"active": [4, 9, 10, 11, 12, 14], "representative": [15, 0, 15, 1, 15, 1], "orbit": 10, "status": "EXCLUDED", "T": [17, 221, 204, 187, 102, 68, 34, 51, 119, 136]}
{"active": [4, 9, 10, 11, 12, 14], "representative": [15, 0, 15, 2, 15, 1], "orbit": 10, "status": "EXCLUDED", "T": [153, 85, 153, 51, 153, 102, 238, 51, 204, 68]}
{"active": [4, 9, 10, 11, 12, 14], "representative": [15, 0, 15, 3, 15, 1], "orbit": 10, "status": "EXCLUDED", "T": [102, 85, 17, 255, 51, 187, 17, 170, 272, 204]}
{"active": [4, 9, 10, 11, 12, 14], "representative": [15, 0, 15, 4, 15, 1], "orbit": 10, "status": "EXCLUDED", "T": [68, 34, 272, 102, 136, 17, 272, 68, 272, 119]}
{"active": [4, 9, 10, 11, 12, 14], "representative": [15, 0, 15, 5, 15, 1], "orbit": 10, "status": "EXCLUDED", "T": [153, 204, 170, 119, 102, 238, 34, 0, 0, 68]}
{"active": [4, 9, 10, 11, 12, 14], "representative": [15, 0, 15, 6, 15, 1], "orbit": 10, "status": "EXCLUDED", "T": [17, 170, 0, 272, 187, 68, 119, 153, 68, 85]}
{"active": [4, 9, 10, 11, 12, 14], "representative": [15, 0, 15, 7, 15, 1], "orbit": 10, "status": "EXCLUDED", "T": [119, 51, 51, 238, 68, 170, 255, 255, 102, 272]}
{"active": [4, 9, 10, 11, 12, 14], "representative": [15, 0, 15, 8, 15, 1], "orbit": 10, "status": "EXCLUDED", "T": [17, 136, 34, 136, 68, 204, 187, 34, 136, 68]}
{"active": [4, 9, 10, 11, 12, 14], "representative": [15, 0, 15, 9, 15, 1], "orbit": 10, "status": "EXCLUDED", "T": [102, 221, 170, 51, 204, 204, 68, 272, 17, 204]}
{"active": [4, 9, 10, 11, 12, 14], "representative": [15, 0, 15, 10, 15, 1], "orbit": 10, "status": "EXCLUDED", "T": [238, 238, 255, 85, 17, 34, 34, 204, 204, 170]}
{"active": [4, 9, 10, 11, 12, 14], "representative": [15, 0, 15, 11, 15, 1], "orbit": 10, "status": "EXCLUDED", "T": [204, 136, 153, 221, 221, 68, 153, 187, 272, 187]}
{"active": [4, 9, 10, 11, 12, 14], "representative": [15, 0, 15, 12, 15, 1], "orbit": 10, "status": "EXCLUDED", "T": [221, 34, 153, 255, 187, 272, 170, 187, 102, 187]}
{"active": [4, 9, 10, 11, 12, 14], "representative": [15, 0, 15, 13, 15, 1], "orbit": 10, "status": "EXCLUDED", "T": [153, 238, 238, 272, 238, 221, 119, 136, 221, 204]}
{"active": [4, 9, 10, 11, 12, 14], "representative": [15, 0, 15, 14, 15, 1], "orbit": 10, "status": "EXCLUDED", "T": [0, 0, 153, 119, 153, 255, 34, 51, 238, 187]}
{"active": [4, 9, 10, 11, 12, 14], "representative": [15, 0, 15, 15, 15, 1], "orbit": 10, "status": "EXCLUDED", "T": [68, 187, 17, 136, 153, 17, 153, 221, 34, 17]}
{"active": [4, 9, 10, 11, 12, 14], "representative": [15, 0, 15, 16, 15, 1], "orbit": 10, "status": "EXCLUDED", "T": [153, 272, 255, 68, 136, 153, 102, 238, 51, 204]}
{"active": [4, 9, 10, 11, 12, 14], "representative": [15, 1, 15, 0, 15, 1], "orbit": 10, "status": "EXCLUDED", "T": [187, 272, 238, 102, 255, 170, 272, 204, 153, 255]}
{"active": [4, 9, 10, 11, 12, 14], "representative": [15, 1, 15, 1, 1, 1], "orbit": 1, "status": "EXCLUDED", "T": [17, 0, 0, 0, 0, 0, 0, 0, 0, 0]}
{"active": [4, 9, 10, 11, 12, 14], "representative": [15, 1, 15, 1, 15, 1], "orbit": 1, "status": "EXCLUDED", "T": [119, 0, 0, 0, 0, 0, 0, 0, 0, 0]}
{"active": [4, 9, 10, 11, 12, 14], "representative": [15, 1, 15, 7, 15, 1], "orbit": 5, "status": "EXCLUDED", "T": [170, 68, 238, 136, 68, 187, 238, 221, 85, 17]}
{"active": [4, 9, 10, 11, 12, 14], "representative": [15, 1, 15, 15, 15, 1], "orbit": 1, "status": "EXCLUDED", "T": [51, 0, 0, 0, 0, 0, 0, 0, 0, 0]}
{"active": [4, 9, 10, 11, 12, 14], "representative": [15, 7, 15, 0, 15, 1], "orbit": 10, "status": "EXCLUDED", "T": [0, 0, 102, 187, 102, 187, 136, 238, 204, 34]}
{"active": [4, 9, 10, 11, 12, 14], "representative": [15, 7, 15, 1, 15, 1], "orbit": 5, "status": "EXCLUDED", "T": [85, 272, 170, 102, 272, 0, 85, 272, 17, 136]}
{"active": [4, 9, 10, 11, 12, 14], "representative": [15, 7, 15, 2, 15, 1], "orbit": 10, "status": "EXCLUDED", "T": [51, 0, 68, 51, 187, 17, 17, 51, 119, 85]}
{"active": [4, 9, 10, 11, 12, 14], "representative": [15, 7, 15, 3, 15, 1], "orbit": 10, "status": "EXCLUDED", "T": [119, 238, 85, 255, 204, 255, 187, 119, 221, 238]}
{"active": [4, 9, 10, 11, 12, 14], "representative": [15, 7, 15, 6, 15, 1], "orbit": 10, "status": "EXCLUDED", "T": [204, 238, 221, 204, 204, 272, 170, 34, 34, 68]}
{"active": [4, 9, 10, 11, 12, 14], "representative": [15, 7, 15, 7, 15, 1], "orbit": 5, "status": "EXCLUDED", "T": [51, 102, 272, 255, 221, 85, 187, 204, 85, 204]}
{"active": [4, 9, 10, 11, 12, 14], "representative": [15, 7, 15, 8, 15, 1], "orbit": 5, "status": "EXCLUDED", "T": [238, 187, 170, 238, 85, 136, 170, 17, 204, 187]}
{"active": [4, 9, 10, 11, 12, 14], "representative": [15, 7, 15, 9, 15, 1], "orbit": 10, "status": "EXCLUDED", "T": [17, 238, 272, 17, 119, 51, 170, 221, 170, 238]}
{"active": [4, 9, 10, 11, 12, 14], "representative": [15, 7, 15, 11, 15, 1], "orbit": 5, "status": "EXCLUDED", "T": [238, 255, 51, 17, 17, 238, 34, 272, 34, 221]}
{"active": [4, 9, 10, 11, 12, 14], "representative": [15, 7, 15, 13, 15, 1], "orbit": 5, "status": "EXCLUDED", "T": [221, 119, 68, 119, 170, 187, 204, 238, 85, 221]}
{"active": [4, 9, 10, 11, 12, 14], "representative": [15, 7, 15, 14, 15, 1], "orbit": 5, "status": "EXCLUDED", "T": [85, 170, 204, 187, 0, 68, 255, 17, 85, 68]}
{"active": [4, 9, 10, 11, 12, 14], "representative": [15, 7, 15, 15, 15, 1], "orbit": 5, "status": "EXCLUDED", "T": [85, 85, 255, 272, 68, 238, 187, 153, 68, 204]}
{"active": [4, 9, 10, 11, 12, 14], "representative": [15, 15, 15, 0, 15, 1], "orbit": 10, "status": "EXCLUDED", "T": [187, 68, 102, 119, 187, 153, 170, 119, 187, 238]}
{"active": [4, 9, 10, 11, 12, 14], "representative": [15, 15, 15, 1, 15, 1], "orbit": 1, "status": "EXCLUDED", "T": [34, 0, 0, 0, 0, 0, 0, 0, 0, 0]}
{"active": [4, 9, 10, 11, 12, 14], "representative": [15, 15, 15, 7, 15, 1], "orbit": 5, "status": "EXCLUDED", "T": [153, 102, 255, 153, 17, 238, 51, 102, 187, 68]}
{"active": [4, 9, 10, 11, 12, 14], "representative": [15, 15, 15, 15, 15, 1], "orbit": 1, "status": "EXCLUDED", "T": [34, 0, 0, 0, 0, 0, 0, 0, 0, 0]}
{"active": [4, 9, 10, 11, 12, 16], "representative": [15, 15, 1, 1, 1, 1], "orbit": 1, "status": "EXCLUDED", "T": [238, 0, 0, 0, 0, 0, 0, 0, 0, 0]}
{"active": [4, 9, 10, 11, 12, 16], "representative": [15, 15, 1, 15, 1, 1], "orbit": 1, "status": "EXCLUDED", "T": [85, 0, 0, 0, 0, 0, 0, 0, 0, 0]}
{"active": [4, 9, 10, 11, 12, 16], "representative": [15, 15, 15, 15, 1, 15], "orbit": 1, "status": "EXCLUDED", "T": [204, 0, 0, 0, 0, 0, 0, 0, 0, 0]}
{"active": [4, 10, 11, 12, 14, 15], "representative": [1, 1, 1, 1, 15, 1], "orbit": 1, "status": "EXCLUDED", "T": [136, 0, 0, 0, 0, 0, 0, 0, 0, 0]}
{"active": [4, 10, 11, 12, 14, 15], "representative": [1, 1, 1, 15, 15, 15], "orbit": 1, "status": "EXCLUDED", "T": [17, 0, 0, 0, 0, 0, 0, 0, 0, 0]}
{"active": [4, 10, 11, 12, 14, 15], "representative": [1, 15, 15, 1, 1, 15], "orbit": 1, "status": "EXCLUDED", "T": [153, 0, 0, 0, 0, 0, 0, 0, 0, 0]}
{"active": [4, 10, 11, 12, 14, 15], "representative": [15, 1, 1, 1, 1, 15], "orbit": 1, "status": "EXCLUDED", "T": [68, 0, 0, 0, 0, 0, 0, 0, 0, 0]}
{"active": [4, 10, 11, 12, 14, 15], "representative": [15, 15, 15, 15, 1, 15], "orbit": 1, "status": "EXCLUDED", "T": [136, 0, 0, 0, 0, 0, 0, 0, 0, 0]}
{"active": [4, 10, 11, 13, 14, 16], "representative": [15, 1, 1, 1, 15, 1], "orbit": 1, "status": "EXCLUDED", "T": [153, 0, 0, 0, 0, 0, 0, 0, 0, 0]}
{"active": [4, 10, 11, 13, 14, 16], "representative": [15, 15, 15, 15, 1, 1], "orbit": 1, "status": "EXCLUDED", "T": [68, 0, 0, 0, 0, 0, 0, 0, 0, 0]}
{"active": [5, 6, 7, 9, 15, 16], "representative": [1, 1, 1, 15, 15, 1], "orbit": 1, "status": "EXCLUDED", "T": [34, 0, 0, 0, 0, 0, 0, 0, 0, 0]}
{"active": [5, 6, 7, 9, 15, 16], "representative": [15, 15, 15, 15, 15, 15], "orbit": 1, "status": "EXCLUDED", "T": [85, 0, 0, 0, 0, 0, 0, 0, 0, 0]}
{"active": [5, 6, 9, 14, 15, 16], "representative": [1, 1, 1, 15, 1, 15], "orbit": 1, "status": "EXCLUDED", "T": [170, 0, 0, 0, 0, 0, 0, 0, 0, 0]}
{"active": [5, 6, 9, 14, 15, 16], "representative": [1, 15, 15, 1, 15, 1], "orbit": 1, "status": "EXCLUDED", "T": [221, 0, 0, 0, 0, 0, 0, 0, 0, 0]}
{"active": [5, 6, 9, 14, 15, 16], "representative": [15, 15, 1, 1, 1, 15], "orbit": 1, "status": "EXCLUDED", "T": [136, 0, 0, 0, 0, 0, 0, 0, 0, 0]}
{"active": [5, 6, 9, 14, 15, 16], "representative": [15, 15, 15, 15, 1, 15], "orbit": 1, "status": "EXCLUDED", "T": [187, 0, 0, 0, 0, 0, 0, 0, 0, 0]}
{"active": [5, 7, 8, 13, 15, 16], "representative": [1, 1, 1, 15, 15, 1], "orbit": 1, "status": "EXCLUDED", "T": [170, 0, 0, 0, 0, 0, 0, 0, 0, 0]}
{"active": [5, 7, 8, 13, 15, 16], "representative": [1, 15, 15, 15, 1, 15], "orbit": 1, "status": "EXCLUDED", "T": [68, 0, 0, 0, 0, 0, 0, 0, 0, 0]}
{"active": [5, 7, 8, 13, 15, 16], "representative": [15, 15, 15, 15, 15, 15], "orbit": 1, "status": "EXCLUDED", "T": [136, 0, 0, 0, 0, 0, 0, 0, 0, 0]}
{"active": [5, 7, 9, 13, 15, 16], "representative": [1, 0, 1, 1, 15, 1], "orbit": 10, "status": "EXCLUDED", "T": [119, 0, 136, 0, 221, 0, 0, 68, 0, 0]}
{"active": [5, 7, 9, 13, 15, 16], "representative": [1, 1, 1, 1, 1, 15], "orbit": 1, "status": "EXCLUDED", "T": [255, 0, 0, 0, 0, 0, 0, 0, 0, 0]}
{"active": [5, 7, 9, 13, 15, 16], "representative": [1, 1, 1, 1, 15, 1], "orbit": 1, "status": "EXCLUDED", "T": [255, 0, 0, 0, 0, 0, 0, 0, 0, 0]}
{"active": [5, 7, 9, 13, 15, 16], "representative": [1, 7, 1, 1, 15, 1], "orbit": 5, "status": "EXCLUDED", "T": [272, 238, 272, 136, 102, 17, 0, 272, 119, 34]}
{"active": [5, 7, 9, 13, 15, 16], "representative": [1, 15, 1, 1, 15, 1], "orbit": 1, "status": "EXCLUDED", "T": [119, 0, 0, 0, 0, 0, 0, 0, 0, 0]}
{"active": [5, 7, 9, 13, 15, 16], "representative": [15, 1, 1, 15, 1, 15], "orbit": 1, "status": "EXCLUDED", "T": [85, 0, 0, 0, 0, 0, 0, 0, 0, 0]}
{"active": [5, 7, 9, 13, 15, 16], "representative": [15, 1, 1, 15, 15, 1], "orbit": 1, "status": "EXCLUDED", "T": [85, 0, 0, 0, 0, 0, 0, 0, 0, 0]}
{"active": [5, 7, 9, 13, 15, 16], "representative": [15, 15, 1, 1, 1, 15], "orbit": 1, "status": "EXCLUDED", "T": [51, 0, 0, 0, 0, 0, 0, 0, 0, 0]}
{"active": [5, 7, 9, 13, 15, 16], "representative": [15, 15, 15, 1, 1, 1], "orbit": 1, "status": "EXCLUDED", "T": [17, 0, 0, 0, 0, 0, 0, 0, 0, 0]}
{"active": [5, 7, 9, 13, 15, 16], "representative": [15, 15, 15, 1, 15, 1], "orbit": 1, "status": "EXCLUDED", "T": [68, 0, 0, 0, 0, 0, 0, 0, 0, 0]}
{"active": [5, 7, 10, 13, 15, 16], "representative": [1, 1, 15, 1, 15, 15], "orbit": 1, "status": "EXCLUDED", "T": [17, 0, 0, 0, 0, 0, 0, 0, 0, 0]}
{"active": [5, 8, 9, 10, 13, 16], "representative": [1, 1, 1, 1, 15, 1], "orbit": 1, "status": "EXCLUDED", "T": [153, 0, 0, 0, 0, 0, 0, 0, 0, 0]}
{"active": [5, 8, 9, 10, 13, 16], "representative": [1, 1, 1, 15, 1, 1], "orbit": 1, "status": "EXCLUDED", "T": [17, 0, 0, 0, 0, 0, 0, 0, 0, 0]}
{"active": [5, 8, 9, 10, 13, 16], "representative": [1, 1, 15, 15, 15, 15], "orbit": 1, "status": "EXCLUDED", "T": [272, 0, 0, 0, 0, 0, 0, 0, 0, 0]}
{"active": [5, 8, 9, 10, 13, 16], "representative": [1, 15, 15, 15, 1, 1], "orbit": 1, "status": "EXCLUDED", "T": [187, 0, 0, 0, 0, 0, 0, 0, 0, 0]}
{"active": [5, 8, 9, 10, 13, 16], "representative": [1, 15, 15, 15, 15, 1], "orbit": 1, "status": "EXCLUDED", "T": [119, 0, 0, 0, 0, 0, 0, 0, 0, 0]}
{"active": [5, 8, 9, 10, 13, 16], "representative": [15, 15, 1, 1, 15, 15], "orbit": 1, "status": "EXCLUDED", "T": [85, 0, 0, 0, 0, 0, 0, 0, 0, 0]}
{"active": [5, 8, 9, 10, 13, 16], "representative": [15, 15, 15, 1, 1, 1], "orbit": 1, "status": "EXCLUDED", "T": [272, 0, 0, 0, 0, 0, 0, 0, 0, 0]}
{"active": [5, 9, 11, 13, 15, 16], "representative": [1, 1, 1, 15, 1, 15], "orbit": 1, "status": "EXCLUDED", "T": [153, 0, 0, 0, 0, 0, 0, 0, 0, 0]}
{"active": [5, 9, 11, 13, 15, 16], "representative": [1, 1, 15, 1, 1, 1], "orbit": 1, "status": "EXCLUDED", "T": [255, 0, 0, 0, 0, 0, 0, 0, 0, 0]}
{"active": [5, 9, 11, 13, 15, 16], "representative": [1, 1, 15, 1, 15, 15], "orbit": 1, "status": "EXCLUDED", "T": [119, 0, 0, 0, 0, 0, 0, 0, 0, 0]}
{"active": [5, 9, 11, 13, 15, 16], "representative": [15, 1, 15, 1, 1, 15], "orbit": 1, "status": "EXCLUDED", "T": [272, 0, 0, 0, 0, 0, 0, 0, 0, 0]}
{"active": [5, 9, 11, 13, 15, 16], "representative": [15, 1, 15, 1, 15, 1], "orbit": 1, "status": "EXCLUDED", "T": [85, 0, 0, 0, 0, 0, 0, 0, 0, 0]}
{"active": [5, 9, 11, 13, 15, 16], "representative": [15, 1, 15, 15, 1, 1], "orbit": 1, "status": "EXCLUDED", "T": [272, 0, 0, 0, 0, 0, 0, 0, 0, 0]}
{"active": [5, 9, 11, 13, 15, 16], "representative": [15, 15, 1, 1, 1, 1], "orbit": 1, "status": "EXCLUDED", "T": [85, 0, 0, 0, 0, 0, 0, 0, 0, 0]}
{"active": [5, 11, 13, 14, 15, 16], "representative": [1, 1, 1, 1, 1, 15], "orbit": 1, "status": "EXCLUDED", "T": [85, 0, 0, 0, 0, 0, 0, 0, 0, 0]}
{"active": [5, 11, 13, 14, 15, 16], "representative": [1, 15, 15, 15, 1, 15], "orbit": 1, "status": "EXCLUDED", "T": [221, 0, 0, 0, 0, 0, 0, 0, 0, 0]}
{"active": [5, 11, 13, 14, 15, 16], "representative": [15, 1, 15, 15, 1, 1], "orbit": 1, "status": "EXCLUDED", "T": [204, 0, 0, 0, 0, 0, 0, 0, 0, 0]}
{"active": [6, 8, 10, 13, 15, 16], "representative": [1, 1, 1, 15, 15, 1], "orbit": 1, "status": "EXCLUDED", "T": [289, 0, 0, 0, 0, 0, 0, 0, 0, 0]}
{"active": [6, 8, 10, 13, 15, 16], "representative": [15, 1, 1, 1, 1, 15], "orbit": 1, "status": "EXCLUDED", "T": [102, 0, 0, 0, 0, 0, 0, 0, 0, 0]}
{"active": [6, 8, 10, 13, 15, 16], "representative": [15, 1, 1, 15, 1, 1], "orbit": 1, "status": "EXCLUDED", "T": [272, 0, 0, 0, 0, 0, 0, 0, 0, 0]}
{"active": [6, 10, 11, 14, 15, 16], "representative": [1, 1, 0, 15, 1, 15], "orbit": 10, "status": "EXCLUDED", "T": [102, 153, 85, 153, 255, 272, 34, 136, 170, 0]}
{"active": [6, 10, 11, 14, 15, 16], "representative": [1, 1, 1, 15, 1, 15], "orbit": 1, "status": "EXCLUDED", "T": [170, 0, 0, 0, 0, 0, 0, 0, 0, 0]}
{"active": [6, 10, 11, 14, 15, 16], "representative": [1, 1, 7, 15, 1, 15], "orbit": 5, "status": "EXCLUDED", "T": [17, 17, 238, 136, 34, 119, 68, 170, 187, 153]}
{"active": [6, 10, 11, 14, 15, 16], "representative": [1, 1, 15, 15, 1, 15], "orbit": 1, "status": "EXCLUDED", "T": [221, 0, 0, 0, 0, 0, 0, 0, 0, 0]}
{"active": [6, 10, 11, 14, 15, 16], "representative": [1, 15, 15, 1, 15, 15], "orbit": 1, "status": "EXCLUDED", "T": [85, 0, 0, 0, 0, 0, 0, 0, 0, 0]}
{"active": [6, 10, 11, 14, 15, 16], "representative": [15, 1, 1, 1, 15, 15], "orbit": 1, "status": "EXCLUDED", "T": [34, 0, 0, 0, 0, 0, 0, 0, 0, 0]}
{"active": [6, 10, 11, 14, 15, 16], "representative": [15, 1, 1, 15, 1, 1], "orbit": 1, "status": "EXCLUDED", "T": [187, 0, 0, 0, 0, 0, 0, 0, 0, 0]}
{"active": [6, 10, 11, 14, 15, 16], "representative": [15, 1, 15, 1, 15, 15], "orbit": 1, "status": "EXCLUDED", "T": [85, 0, 0, 0, 0, 0, 0, 0, 0, 0]}
{"active": [6, 10, 11, 14, 15, 16], "representative": [15, 1, 15, 15, 1, 1], "orbit": 1, "status": "EXCLUDED", "T": [153, 0, 0, 0, 0, 0, 0, 0, 0, 0]}
{"active": [6, 10, 11, 14, 15, 16], "representative": [15, 15, 15, 1, 1, 15], "orbit": 1, "status": "EXCLUDED", "T": [272, 0, 0, 0, 0, 0, 0, 0, 0, 0]}
{"active": [7, 8, 9, 10, 12, 16], "representative": [1, 15, 1, 1, 1, 1], "orbit": 1, "status": "EXCLUDED", "T": [170, 0, 0, 0, 0, 0, 0, 0, 0, 0]}
{"active": [7, 8, 9, 10, 12, 16], "representative": [15, 15, 1, 1, 15, 15], "orbit": 1, "status": "EXCLUDED", "T": [170, 0, 0, 0, 0, 0, 0, 0, 0, 0]}
{"active": [7, 10, 12, 13, 15, 16], "representative": [15, 15, 15, 1, 15, 1], "orbit": 1, "status": "EXCLUDED", "T": [19652, 0, 0, 0, 0, 0, 0, 0, 0, 0]}
{"active": [8, 9, 10, 11, 14, 16], "representative": [1, 1, 15, 1, 1, 1], "orbit": 1, "status": "EXCLUDED", "T": [238, 0, 0, 0, 0, 0, 0, 0, 0, 0]}
{"active": [8, 9, 10, 11, 14, 16], "representative": [15, 1, 15, 1, 15, 1], "orbit": 1, "status": "EXCLUDED", "T": [68, 0, 0, 0, 0, 0, 0, 0, 0, 0]}
{"active": [8, 9, 10, 11, 14, 16], "representative": [15, 1, 15, 15, 15, 1], "orbit": 1, "status": "EXCLUDED", "T": [170, 0, 0, 0, 0, 0, 0, 0, 0, 0]}
{"active": [8, 9, 10, 11, 14, 16], "representative": [15, 15, 1, 15, 15, 1], "orbit": 1, "status": "EXCLUDED", "T": [2312, 0, 0, 0, 0, 0, 0, 0, 0, 0]}
{"active": [8, 9, 10, 12, 14, 16], "representative": [15, 1, 15, 1, 1, 1], "orbit": 1, "status": "EXCLUDED", "T": [68, 0, 0, 0, 0, 0, 0, 0, 0, 0]}
{"active": [8, 10, 11, 13, 15, 16], "representative": [1, 1, 1, 15, 1, 1], "orbit": 1, "status": "EXCLUDED", "T": [204, 0, 0, 0, 0, 0, 0, 0, 0, 0]}
{"active": [8, 10, 11, 13, 15, 16], "representative": [15, 1, 15, 15, 15, 1], "orbit": 1, "status": "EXCLUDED", "T": [204, 0, 0, 0, 0, 0, 0, 0, 0, 0]}
{"active": [8, 10, 11, 13, 15, 16], "representative": [15, 15, 1, 1, 1, 1], "orbit": 1, "status": "EXCLUDED", "T": [136, 0, 0, 0, 0, 0, 0, 0, 0, 0]}
{"active": [8, 10, 11, 13, 15, 16], "representative": [15, 15, 1, 15, 15, 1], "orbit": 1, "status": "EXCLUDED", "T": [255, 0, 0, 0, 0, 0, 0, 0, 0, 0]}
{"active": [8, 10, 11, 13, 15, 16], "representative": [15, 15, 1, 15, 15, 15], "orbit": 1, "status": "EXCLUDED", "T": [68, 0, 0, 0, 0, 0, 0, 0, 0, 0]}
{"active": [8, 10, 12, 13, 14, 16], "representative": [1, 1, 1, 1, 15, 1], "orbit": 1, "status": "EXCLUDED", "T": [153, 0, 0, 0, 0, 0, 0, 0, 0, 0]}
{"active": [8, 10, 12, 13, 14, 16], "representative": [1, 15, 15, 15, 15, 1], "orbit": 1, "status": "EXCLUDED", "T": [102, 0, 0, 0, 0, 0, 0, 0, 0, 0]}
{"active": [8, 10, 12, 13, 14, 16], "representative": [15, 1, 15, 15, 0, 15], "orbit": 10, "status": "EXCLUDED", "T": [34, 68, 221, 17, 136, 85, 17, 204, 255, 119]}
{"active": [8, 10, 12, 13, 14, 16], "representative": [15, 1, 15, 15, 1, 15], "orbit": 1, "status": "EXCLUDED", "T": [204, 0, 0, 0, 0, 0, 0, 0, 0, 0]}
{"active": [8, 10, 12, 13, 14, 16], "representative": [15, 1, 15, 15, 7, 15], "orbit": 5, "status": "EXCLUDED", "T": [255, 153, 102, 85, 272, 34, 51, 51, 153, 102]}
{"active": [8, 10, 12, 13, 14, 16], "representative": [15, 1, 15, 15, 15, 15], "orbit": 1, "status": "EXCLUDED", "T": [153, 0, 0, 0, 0, 0, 0, 0, 0, 0]}
{"active": [8, 10, 12, 13, 14, 16], "representative": [15, 15, 1, 1, 15, 1], "orbit": 1, "status": "EXCLUDED", "T": [187, 0, 0, 0, 0, 0, 0, 0, 0, 0]}
{"active": [8, 10, 12, 13, 14, 16], "representative": [15, 15, 15, 15, 1, 1], "orbit": 1, "status": "EXCLUDED", "T": [68, 0, 0, 0, 0, 0, 0, 0, 0, 0]}
{"active": [8, 10, 13, 14, 15, 16], "representative": [1, 1, 1, 1, 1, 15], "orbit": 1, "status": "EXCLUDED", "T": [238, 0, 0, 0, 0, 0, 0, 0, 0, 0]}
{"active": [8, 10, 13, 14, 15, 16], "representative": [1, 1, 15, 1, 15, 15], "orbit": 1, "status": "EXCLUDED", "T": [170, 0, 0, 0, 0, 0, 0, 0, 0, 0]}
{"active": [8, 10, 13, 14, 15, 16], "representative": [15, 15, 1, 1, 1, 15], "orbit": 1, "status": "EXCLUDED", "T": [204, 0, 0, 0, 0, 0, 0, 0, 0, 0]}
{"seconds": 2.775899500004016, "caseStatuses": ["EXCLUDED", "EXCLUDED", "EXCLUDED", "EXCLUDED", "EXCLUDED", "EXCLUDED", "EXCLUDED", "EXCLUDED", "EXCLUDED", "EXCLUDED", "EXCLUDED", "EXCLUDED", "EXCLUDED", "EXCLUDED", "EXCLUDED", "EXCLUDED", "EXCLUDED", "EXCLUDED", "EXCLUDED", "EXCLUDED", "EXCLUDED", "EXCLUDED", "EXCLUDED", "EXCLUDED", "EXCLUDED", "EXCLUDED", "EXCLUDED", "EXCLUDED", "EXCLUDED", "EXCLUDED", "EXCLUDED", "EXCLUDED", "EXCLUDED", "EXCLUDED", "EXCLUDED", "EXCLUDED", "EXCLUDED", "EXCLUDED", "EXCLUDED", "EXCLUDED", "EXCLUDED", "EXCLUDED", "EXCLUDED", "EXCLUDED", "EXCLUDED", "EXCLUDED", "EXCLUDED", "EXCLUDED", "EXCLUDED", "EXCLUDED", "EXCLUDED"]}
