GENERIC_R3
-3*u^359-4*u^358+2*u^356-3*u^355+3*u^354+3*u^353-2*u^352-5*u^351+5*u^350+5*u^349+u^348-3*u^347+5*u^346+4*u^345+4*u^344+3*u^343-2*u^342-2*u^341-4*u^340+3*u^339+2*u^338+5*u^337-u^336-3*u^335+2*u^334-3*u^333-6*u^332-2*u^331+2*u^330+6*u^328+5*u^327-5*u^326+4*u^325+u^323+4*u^322-4*u^321+4*u^320-5*u^319+2*u^318+3*u^317-2*u^316+3*u^315+u^314+6*u^313-6*u^312+u^311+6*u^310-u^309-u^308+2*u^307+4*u^306-5*u^305+3*u^304+3*u^303-2*u^302-3*u^301+4*u^300-4*u^299-u^298+3*u^297-2*u^295-6*u^294+2*u^293+2*u^292-2*u^290+4*u^289+4*u^288-6*u^287+4*u^286+u^285+u^284+4*u^283+5*u^282-2*u^281+4*u^280-2*u^279-6*u^278-5*u^277-2*u^276+u^275-2*u^274+3*u^272-6*u^271+6*u^270-4*u^269+3*u^268-u^267-3*u^265-2*u^264-4*u^263-u^262+u^261+3*u^260+5*u^259-u^258+2*u^257-5*u^255+6*u^254-6*u^253+u^252-4*u^251-3*u^250-5*u^249-5*u^247+4*u^246-5*u^245+5*u^243+3*u^242-2*u^241-2*u^240-2*u^239+6*u^238+3*u^237+3*u^236-5*u^234+5*u^233+5*u^232-4*u^231+6*u^230+5*u^229-6*u^228-4*u^227-3*u^226+2*u^225-2*u^224+6*u^223-u^222+5*u^221+3*u^220+u^219+3*u^217+3*u^216+3*u^215-u^214+2*u^212-u^211+6*u^210-5*u^209+u^208+u^207-5*u^206+2*u^205-5*u^204-4*u^203+6*u^202+6*u^201-4*u^200-6*u^199-6*u^198-6*u^197-2*u^196-4*u^195-6*u^194+3*u^193+2*u^192+5*u^191+4*u^190+2*u^189+u^188+6*u^186-6*u^185+3*u^184+2*u^183-5*u^182+2*u^181-6*u^180+3*u^179-6*u^177+5*u^176-2*u^175+6*u^174+6*u^173-4*u^172-4*u^171-u^170-2*u^169-4*u^168-4*u^167-2*u^165-u^164-u^163-6*u^162-4*u^161-6*u^160-6*u^159-3*u^158-2*u^157-4*u^156+2*u^155+6*u^154+5*u^153+6*u^152+5*u^151-3*u^150-6*u^149-u^148+5*u^147-5*u^146+u^145+4*u^144+5*u^143-u^142+u^141-6*u^140-2*u^139+u^138+6*u^137+6*u^136-2*u^135+4*u^134-u^133+3*u^132+4*u^131+4*u^130-u^129-3*u^128+3*u^126+u^124+2*u^123-6*u^122-6*u^121+4*u^120+3*u^119-4*u^118-2*u^117-3*u^116-4*u^115-3*u^114-2*u^113-6*u^112-4*u^111-5*u^110+4*u^109-5*u^108-2*u^107-5*u^106+2*u^105+5*u^104-4*u^103+u^102+5*u^101+5*u^100-4*u^99-2*u^98+u^97+4*u^94-3*u^93+3*u^92-6*u^91-4*u^90-3*u^89-4*u^88-3*u^87+4*u^86+u^85-6*u^84-3*u^83+3*u^82-5*u^81-2*u^79-u^78+5*u^77+4*u^76+6*u^75+u^74-6*u^73+5*u^72-6*u^71+5*u^70-4*u^69+2*u^68+6*u^67+6*u^66+2*u^65+4*u^64+2*u^63+4*u^62+4*u^61+3*u^60+2*u^59+u^58-4*u^57-2*u^55+2*u^54+3*u^53+4*u^52-6*u^50-4*u^48+5*u^47+4*u^46-2*u^45-6*u^43-2*u^42+6*u^41+u^40-2*u^39+u^37-2*u^36-3*u^35+2*u^34+6*u^33-3*u^32+2*u^31-6*u^30-2*u^29+u^28+5*u^27-u^26+4*u^25+u^24-u^23-2*u^22+2*u^21+5*u^20+6*u^19-5*u^18-4*u^17-5*u^16+4*u^15+4*u^14+u^13-6*u^11+3*u^10-2*u^9+6*u^8+6*u^7-5*u^4-4*u^3+4*u^2-6*u-1
GENERIC_R1
2*u^395-2*u^394-4*u^393+4*u^392+5*u^391-5*u^390+4*u^389-4*u^388+6*u^387-6*u^386-u^385+u^384-2*u^383-5*u^382-2*u^381-3*u^380-4*u^379+6*u^378+3*u^377-5*u^376-5*u^375-2*u^374+6*u^373-u^372+2*u^371+5*u^370-4*u^369+6*u^368+4*u^367+u^365-u^364-6*u^363+3*u^362+3*u^361+6*u^360+3*u^359+4*u^358-4*u^357-2*u^356+4*u^355+4*u^354+6*u^353-u^352+5*u^351+6*u^350+5*u^349-2*u^348-2*u^347-6*u^346-3*u^345+5*u^344-4*u^343+2*u^342+2*u^341-4*u^340-u^339-5*u^338-2*u^337-4*u^336-4*u^335+u^334+6*u^333-5*u^331-6*u^330+5*u^329-6*u^328+5*u^327-4*u^326+u^325+2*u^324+2*u^323+3*u^322+u^321+5*u^320-4*u^319-u^318-4*u^316+3*u^315-u^314+u^312-2*u^311-3*u^310+6*u^309+5*u^308-u^307-4*u^306-2*u^305-u^304-6*u^303+3*u^302-u^301-4*u^300-4*u^299-u^298+4*u^297-3*u^296+2*u^293-4*u^292-4*u^291+5*u^290-3*u^289-3*u^288+4*u^287-3*u^285-5*u^284+4*u^283+5*u^282-6*u^281+2*u^280+3*u^279-4*u^278+u^277-u^276+4*u^275-4*u^274+u^273-6*u^272+2*u^271+u^270-3*u^269+u^267-2*u^266-5*u^265+u^264-6*u^263-3*u^262-u^261-u^260-u^259+2*u^258+3*u^257+6*u^256+5*u^255+5*u^254+2*u^253+4*u^252-6*u^251-3*u^250+5*u^249+5*u^248+4*u^247+4*u^246+u^245-4*u^243+u^242-u^241+5*u^240-3*u^239-2*u^238+4*u^237+5*u^236-6*u^235-4*u^234-5*u^233-u^232+3*u^231+6*u^229+5*u^228-3*u^227+4*u^226+4*u^225-5*u^224+5*u^223-4*u^221+4*u^220+5*u^219-5*u^218-2*u^217-5*u^216+u^215+u^213+4*u^211-5*u^210+6*u^209+3*u^208+3*u^207-2*u^206+3*u^205-2*u^204+2*u^202+3*u^200+2*u^199+3*u^197-5*u^196+2*u^195+3*u^194+2*u^193+3*u^192-5*u^191-u^190-6*u^189+u^188-u^187+2*u^185+3*u^184+6*u^183+2*u^182-6*u^181-6*u^180-4*u^179-u^178+2*u^177-2*u^176+6*u^175-4*u^174+4*u^173-4*u^172+2*u^171-5*u^170-3*u^169+6*u^168-6*u^167-4*u^166-6*u^165+5*u^164-3*u^163+6*u^162+6*u^161-3*u^160+3*u^159+2*u^158-2*u^157-5*u^156+4*u^154-5*u^153+3*u^152-2*u^151+5*u^150+4*u^149+6*u^148+6*u^147-6*u^146+5*u^145+3*u^144-2*u^143+4*u^142+2*u^141+6*u^140-5*u^139-5*u^138-2*u^136+u^135+3*u^134+2*u^133+2*u^132-6*u^131-4*u^130-6*u^129-u^128-5*u^127+4*u^126+4*u^125-3*u^124+6*u^123+u^122-u^120-3*u^119-6*u^118-3*u^117-u^115-4*u^113+u^112-u^111+u^109-5*u^108+u^107+2*u^106-4*u^105+4*u^104-u^103+6*u^102+2*u^101+5*u^100+6*u^99+6*u^98+2*u^97+5*u^96-3*u^95-4*u^94+2*u^93-u^92+u^91+u^90+2*u^89-3*u^88-5*u^87+4*u^86+2*u^85+3*u^84+6*u^83-2*u^82-2*u^80+4*u^79-2*u^78+3*u^77-2*u^76-2*u^75+5*u^73+u^71-4*u^70+5*u^69-4*u^68-5*u^67-u^66+2*u^65-u^64-3*u^63-4*u^62+3*u^61-6*u^60+5*u^59-u^58+5*u^57-5*u^56-4*u^55-5*u^54-6*u^53-3*u^52-4*u^51-6*u^50-u^49+4*u^48+6*u^47-2*u^46-3*u^44-5*u^43+4*u^42-2*u^41-6*u^40+u^39-4*u^38-4*u^37+5*u^36+u^35-5*u^34-6*u^33+2*u^32-u^30-2*u^29-5*u^28+2*u^27-5*u^26-2*u^25-6*u^24-2*u^22-6*u^21+3*u^20-3*u^19-3*u^18+2*u^17+6*u^16-6*u^15-u^14-3*u^13-2*u^12-5*u^11+u^10+u^9+u^8-6*u^7+u^6+3*u^5+5*u^4
GENERIC_GCD
u^21+5*u^20-2*u^19+2*u^18-2*u^17-5*u^16-6*u^15-2*u^14-4*u^13+u^8+5*u^7-2*u^6+2*u^5-2*u^4-5*u^3-6*u^2-2*u-4
GENERIC_FACTORS
[1]:
   _[1]=1
   _[2]=u-2
   _[3]=u-1
   _[4]=u^2+4*u-2
   _[5]=u+1
[2]:
   1,1,1,1,17
SPECIAL_R3
5*u^19-6*u^18+2*u^17-4*u^16-3*u^15+4*u^14+u^13-4*u^12+6*u^11+5*u^9-6*u^8+2*u^7+5*u^6-6*u^5+4*u^4-3*u^3+4*u^2-5*u
SPECIAL_R1
-u^21-5*u^20-4*u^19+5*u^17+5*u^16+5*u^15-6*u^14+5*u^13-u^12-4*u^11-u^10+4*u^9-u^8+2*u^7-5*u^6-3*u^5+6*u^4+2*u^3-4*u^2+4*u+3
SPECIAL_GCD
u^3-2*u^2+4*u+5
SPECIAL_FACTORS
[1]:
   _[1]=1
   _[2]=u+3
   _[3]=u-3
   _[4]=u-2
[2]:
   1,1,1,1
