{
  "status": "PASS",
  "prime": 17,
  "distinct_residue_roots": 18,
  "splitting_field_degree": 4,
  "simple_witness_total_derivative": 9,
  "critical_root_derivative": 2,
  "factorization": [
    [
      [
        0,
        1
      ],
      1
    ],
    [
      [
        7,
        1
      ],
      1
    ],
    [
      [
        11,
        1
      ],
      1
    ],
    [
      [
        16,
        1
      ],
      1
    ],
    [
      [
        3,
        3,
        1
      ],
      2
    ],
    [
      [
        2,
        0,
        4,
        3,
        1
      ],
      1
    ],
    [
      [
        14,
        5,
        14,
        12,
        1
      ],
      1
    ],
    [
      [
        11,
        4,
        16,
        13,
        1
      ],
      1
    ]
  ],
  "scope": "Finite constants only; formal lifting coverage is proved in ROW4_QUADRATIC_LIFTING.md."
}
