CHART b_zero
RESULTANT_SECONDS
0
BASIS_SECONDS
0
DIMENSION
1
VDIM
-1
BASIS
G[1]=st18+t19
G[2]=t20
G[3]=s3t17
G[4]=s20-3s11t-2s2t2+3s3-8s2t-6st2
R18
4s20+5s11t-8s2t2-5s3+2s2t-7st2
R2
-8s18t18-5s9t19-6s8t19+7s7t19-5s6t19-s5t19+s4t19+5s3t19-7s2t19+6st19+4t20-8st18-8t19
R1
-4s20t17-8s19t18-4s18t19-4s11t18-8s10t19-4s9t20-2s10t18-4s9t19-2s8t20-8s9t18+s8t19-8s7t20+4s8t18+8s7t19+4s6t20+6s7t18-5s6t19+6s5t20+6s6t18-5s5t19+6s4t20+4s5t18+8s4t19+4s3t20-8s4t18+s3t19-8s2t20-2s3t18-5s2t19-4st20-t21-4s3t17+5s2t18+5st19-4t20
