CHART u_other
RESULTANT_SECONDS
0
BASIS_SECONDS
0
DIMENSION
1
VDIM
-1
BASIS
G[1]=s2t18-st19
G[2]=t21+5t20
G[3]=st20+5t20
G[4]=s6t17+6t20
G[5]=s40+3s38t-8s36t2+s34t3+3s22t-8s21t-6s20t2+s18t3+3s17t3-8s16t4+8t20-s15t4-8s14t5+8s13t5+8s12t6+6s11t6+8s10t7+2s9t7-8s8t8-3s7t8-8s6t9+4s5t9+s4t10-6s3t10-6s2t11+4st11+3t12-3s6-8s5t+4s4t2-4s3t2+2s2t3-2s2t2+4st3-2t4-5t3
R18
4s40-5s38t+2s36t2+4s34t3-5s22t+4s6t17+2s21t-7s20t2-5s4t18+4s18t3+2s2t19-5s17t3+2s16t4+4t20-4s15t4+2s14t5-2s13t5-2s12t6+7s11t6-2s10t7+8s9t7+2s8t8+5s7t8+2s6t9-s5t9+4s4t10-7s3t10-7s2t11-st11-5t12+5s6+2s5t-s4t2+s3t2+8s2t3-8s2t2-st3-8t4-3t3
R2
-8s36t18-s34t19-7s18t35+3s33t19-2s32t20+8s32t19+s31t20-8s30t21-7s31t19-6s30t20+s29t21-6s28t22+4s30t19-4s29t20+8s28t21+7s27t22-3s26t23+5s29t19+s28t20-5s27t21+s26t22-4s25t23-s24t24+2s28t19+6s27t20-4s26t21+8s25t22-8s24t23-s23t24+s22t25-6s27t19-7s26t20+8s25t21+8s24t22+3s23t23+s22t24-5s21t25-2s20t26+s26t19-7s25t20-6s24t21+5s23t22+7s22t23+4s21t24+3s20t25+5s19t26-2s18t27-3s25t19+5s24t20+4s23t21+4s22t22-7s21t23-8s20t24+6s19t25-s18t26-8s24t19-7s23t20-s22t21+2s21t22-2s20t23+4s19t24-4s18t25+7s23t19-2s22t20-7s21t21-2s20t22+8s19t23+2s18t24-4s22t19+4s21t20-8s20t21-7s19t22+3s18t23-5s21t19+3s20t20+8s19t21+3s18t22-2s20t19+4s19t20+2s18t21+6s19t19-4s18t20-3s18t19+s17t19-6s16t20+7st35-8t36-3s16t19+3s15t20+5s14t21-8s15t19-4s14t20-3s13t21+3s12t22+7s14t19-2s13t20-3s12t21-5s11t22-2s10t23-4s13t19-6s12t20+2s11t21+7s10t22-6s9t23-s8t24-5s12t19-5s11t20-6s10t21+3s9t22-7s8t23-6s7t24-6s6t25-2s11t19+6s10t20+6s9t21+2s8t22+5s7t23+4s6t24-7s5t25+6s4t26+6s10t19+5s9t20+s8t21+6s7t22-6s6t23-6s4t25+6s3t26+5s2t27-s9t19-4s8t20-2s7t21-7s6t22+6s5t23+4s4t24+4s3t25-4s2t26-2st27+5t28+3s8t19-6s7t20-8s6t21+3s5t22-3s4t23-3s2t25+3st26-6t27+8s7t19-7s6t20-7s5t21-8s4t22-3s3t23+s2t24-6st25-7t26-7s6t19-7s5t20-5s4t21-6s3t22-3s2t23-5st24-5t25+4s5t19+6s4t20-2s3t21-7s2t22+6st23+t24+5s4t19+s3t20-7s2t21-6st22+t23+2s3t19+s2t20+5st21-5t22-6s2t19+6st20-7t21+8s2t18-8st19-2t20
R1
4s57t17-4s40t34-5s55t18+5s38t35+2s53t19-2s36t36+4s51t20-4s34t37+s47t18+8s46t19+2s45t20+s44t21+7s43t22-7s42t23-s41t24-2s40t25-8s39t26-s38t27-8s46t18-5s45t19+6s44t20+4s43t21-s41t23+4s40t24-3s39t25-6s38t26+8s37t27+s36t28+2s45t18-6s44t19+8s43t20+3s42t21+5s41t22+4s40t23-3s39t24-5s38t25+8s37t26-s36t27-2s35t28+4s34t29-s44t18+4s43t19-3s42t20-6s41t21-s40t22-3s39t23+3s38t24-4s37t25-3s36t26-s35t27-2s34t28+7s43t18+5s41t20+s40t21-s38t23+3s37t24-s36t25-5s35t26+8s34t27+7s42t18-s41t19-4s40t20-3s39t21+s38t22+4s37t23-s36t24-7s35t25+4s34t26-s41t18-4s40t19-3s39t20-3s38t21+3s37t22+s36t23-4s35t24-6s34t25+2s40t18-3s39t19+5s38t20-4s37t21+s36t22-7s35t23+6s34t24-4s40t17-4s39t18+2s38t19+8s37t20+3s36t21-5s35t22-4s34t23+8s23t34-4s22t35+2s38t18+5s37t19+5s36t20-s35t21-8s34t22-6s21t35+3s20t36+7s35t20+s34t21+s19t36+8s18t37-2s30t18+2s29t19+4s28t20+4s26t22+4s25t23-5s24t24+3s23t25-3s22t26-6s21t27-s20t28-s29t18+s28t19+s27t20+4s25t22+4s24t23-7s23t24-s22t25+2s21t26+2s20t27+3s19t28-8s18t29-4s28t18+5s27t19+4s26t20-6s25t21-7s24t22-s23t23-5s22t24-5s21t25+4s20t26-6s19t27+4s18t28+2s27t18+6s26t19+4s25t20-6s24t21-7s23t22-7s22t23-s21t24+8s19t26+s18t27+3s26t18+8s25t19-7s24t20+5s23t21-2s22t22+7s21t23-2s20t24-4s19t25-8s18t26+3s25t18+2s24t19-6s23t20+7s22t21+6s21t22-8s20t23+s19t24-5s18t25+2s24t18+3s22t20+3s20t22+4s19t23+5s18t24-4s23t18-8s22t19+4s21t20+6s20t21-6s19t22+8s18t23-4s23t17-s22t18+4s21t19-s20t20+4s19t21-s18t22-4s6t34+4s5t35-s4t36+3s21t18+8s20t19-5s19t20-2s18t21+s4t35-s3t36-4s2t37+s13t18+7s12t19+7s11t20+s10t21-2s9t22-s8t23-5s7t24-7s6t25-2s5t26-2s4t27-s3t28+4s2t29-8s12t18+4s11t19-s10t20+8s9t21+7s8t22-2s7t23+4s6t24-8s5t25+8s4t26+7s3t27-2s2t28+2s11t18+s10t19-3s9t20-5s8t21+6s7t22-2s6t23-3s5t24-s4t25-3s3t26+8s2t27-s10t18+7s9t19-6s7t21+8s6t22-8s5t23+2s4t24-6s3t25+4s2t26+7s9t18-8s8t19-8s7t20-5s5t22+3s3t24-6s2t25+7s8t18-s7t19+8s6t20+8s5t21+3s4t22+3s3t23+6s2t24-s7t18+4s6t19-2s5t20-8s4t21-6s3t22-4s2t23+2s6t18-6s5t19-2s4t20-3s3t21-8s2t22+4s6t17+5s5t18-4s4t19-6s3t20+s2t21
