COEFF
0,0,-1,0,0
H18
x2
H17
x3
H3
x17-1
H2
x18-x
H1
x19-x2
COEFF
-3,0,-1,0,3
H18
x-1
H17
x3-3x
H3
x17-1
H2
x18-x
H1
x17-1
COEFF
-3,8,-1,-5,0
H18
x-1
H17
x+5
H3
x-1
H2
x+5
H1
x
COEFF
-3,0,0,-6,8
H18
x-1
H17
x
H3
x
H2
x-6
H1
x2+3x+3
COEFF
-3,2,0,0,0
H18
x-1
H17
x3-3x+2
H3
x17
H2
x17
H1
x18-x17
COEFF
-3,2,0,-6,6
H18
x-1
H17
x-1
H3
x
H2
x-6
H1
x+7
COEFF
-3,2,0,-3,3
H18
x-1
H17
x-1
H3
x
H2
x-1
H1
x-7
COEFF
0,-1,0,0,0
H18
x2
H17
x3-1
H3
x17
H2
x17
H1
x17
COEFF
0,-1,0,-3,3
H18
x
H17
x-1
H3
x
H2
x-1
H1
x2-2x+1
COEFF
0,-1,0,-5,5
H18
x
H17
x-1
H3
x
H2
x-8
H1
1
COEFF
0,0,0,-3,2
H18
x
H17
x
H3
x
H2
x-1
H1
1
